Component: ARM Compiler 5.06 update 6 (build 750) Tool: armlink [4d35ed]

==============================================================================

Section Cross References

    pdm_fft.o(i.am_pdm0_isr) refers to am_hal_pdm.o(i.am_hal_pdm_interrupt_status_get) for am_hal_pdm_interrupt_status_get
    pdm_fft.o(i.am_pdm0_isr) refers to am_hal_pdm.o(i.am_hal_pdm_interrupt_clear) for am_hal_pdm_interrupt_clear
    pdm_fft.o(i.am_pdm0_isr) refers to am_hal_pdm.o(i.am_hal_pdm_disable) for am_hal_pdm_disable
    pdm_fft.o(i.am_pdm0_isr) refers to pdm_fft.o(.data) for .data
    pdm_fft.o(i.main) refers to am_hal_clkgen.o(i.am_hal_clkgen_control) for am_hal_clkgen_control
    pdm_fft.o(i.main) refers to am_hal_cachectrl.o(i.am_hal_cachectrl_config) for am_hal_cachectrl_config
    pdm_fft.o(i.main) refers to am_hal_cachectrl.o(i.am_hal_cachectrl_enable) for am_hal_cachectrl_enable
    pdm_fft.o(i.main) refers to am_bsp.o(i.am_bsp_itm_printf_enable) for am_bsp_itm_printf_enable
    pdm_fft.o(i.main) refers to am_util_stdio.o(i.am_util_stdio_terminal_clear) for am_util_stdio_terminal_clear
    pdm_fft.o(i.main) refers to am_util_stdio.o(i.am_util_stdio_printf) for am_util_stdio_printf
    pdm_fft.o(i.main) refers to am_hal_pdm.o(i.am_hal_pdm_initialize) for am_hal_pdm_initialize
    pdm_fft.o(i.main) refers to am_hal_pdm.o(i.am_hal_pdm_power_control) for am_hal_pdm_power_control
    pdm_fft.o(i.main) refers to am_hal_pdm.o(i.am_hal_pdm_configure) for am_hal_pdm_configure
    pdm_fft.o(i.main) refers to am_hal_pdm.o(i.am_hal_pdm_enable) for am_hal_pdm_enable
    pdm_fft.o(i.main) refers to am_hal_gpio.o(i.am_hal_gpio_pinconfig) for am_hal_gpio_pinconfig
    pdm_fft.o(i.main) refers to am_hal_pdm.o(i.am_hal_pdm_interrupt_enable) for am_hal_pdm_interrupt_enable
    pdm_fft.o(i.main) refers to pdm_fft.o(i.pdm_config_print) for pdm_config_print
    pdm_fft.o(i.main) refers to am_hal_pdm.o(i.am_hal_pdm_fifo_flush) for am_hal_pdm_fifo_flush
    pdm_fft.o(i.main) refers to am_util_delay.o(i.am_util_delay_ms) for am_util_delay_ms
    pdm_fft.o(i.main) refers to am_hal_pdm.o(i.am_hal_pdm_dma_start) for am_hal_pdm_dma_start
    pdm_fft.o(i.main) refers to am_hal_interrupt.o(.emb_text) for am_hal_interrupt_master_disable
    pdm_fft.o(i.main) refers to arm_cfft_radix4_init_f32.o(.text) for arm_cfft_radix4_init_f32
    pdm_fft.o(i.main) refers to arm_cfft_radix4_f32.o(.text) for arm_cfft_radix4_f32
    pdm_fft.o(i.main) refers to arm_cmplx_mag_f32.o(.text) for arm_cmplx_mag_f32
    pdm_fft.o(i.main) refers to arm_max_f32.o(.text) for arm_max_f32
    pdm_fft.o(i.main) refers to am_hal_sysctrl.o(i.am_hal_sysctrl_sleep) for am_hal_sysctrl_sleep
    pdm_fft.o(i.main) refers to am_hal_cachectrl.o(.constdata) for am_hal_cachectrl_defaults
    pdm_fft.o(i.main) refers to pdm_fft.o(.data) for .data
    pdm_fft.o(i.main) refers to pdm_fft.o(.bss) for .bss
    pdm_fft.o(i.main) refers to pdm_fft.o(i.pcm_fft_print) for i.pcm_fft_print
    pdm_fft.o(i.pcm_fft_print) refers to arm_cfft_radix4_init_f32.o(.text) for arm_cfft_radix4_init_f32
    pdm_fft.o(i.pcm_fft_print) refers to arm_cfft_radix4_f32.o(.text) for arm_cfft_radix4_f32
    pdm_fft.o(i.pcm_fft_print) refers to arm_cmplx_mag_f32.o(.text) for arm_cmplx_mag_f32
    pdm_fft.o(i.pcm_fft_print) refers to arm_max_f32.o(.text) for arm_max_f32
    pdm_fft.o(i.pcm_fft_print) refers to am_util_stdio.o(i.am_util_stdio_printf) for am_util_stdio_printf
    pdm_fft.o(i.pcm_fft_print) refers to pdm_fft.o(.bss) for .bss
    pdm_fft.o(i.pcm_fft_print) refers to pdm_fft.o(.data) for .data
    pdm_fft.o(i.pdm_config_print) refers to am_util_stdio.o(i.am_util_stdio_printf) for am_util_stdio_printf
    pdm_fft.o(i.pdm_config_print) refers to f2d.o(x$fpl$f2d) for __aeabi_f2d
    pdm_fft.o(i.pdm_config_print) refers to pdm_fft.o(.data) for .data
    pdm_fft.o(i.pdm_data_get) refers to am_hal_pdm.o(i.am_hal_pdm_enable) for am_hal_pdm_enable
    pdm_fft.o(i.pdm_data_get) refers to am_util_delay.o(i.am_util_delay_ms) for am_util_delay_ms
    pdm_fft.o(i.pdm_data_get) refers to am_hal_pdm.o(i.am_hal_pdm_fifo_flush) for am_hal_pdm_fifo_flush
    pdm_fft.o(i.pdm_data_get) refers to am_hal_pdm.o(i.am_hal_pdm_dma_start) for am_hal_pdm_dma_start
    pdm_fft.o(i.pdm_data_get) refers to pdm_fft.o(.bss) for .bss
    pdm_fft.o(i.pdm_data_get) refers to pdm_fft.o(.data) for .data
    pdm_fft.o(i.pdm_init) refers to am_hal_pdm.o(i.am_hal_pdm_initialize) for am_hal_pdm_initialize
    pdm_fft.o(i.pdm_init) refers to am_hal_pdm.o(i.am_hal_pdm_power_control) for am_hal_pdm_power_control
    pdm_fft.o(i.pdm_init) refers to am_hal_pdm.o(i.am_hal_pdm_configure) for am_hal_pdm_configure
    pdm_fft.o(i.pdm_init) refers to am_hal_pdm.o(i.am_hal_pdm_enable) for am_hal_pdm_enable
    pdm_fft.o(i.pdm_init) refers to am_hal_gpio.o(i.am_hal_gpio_pinconfig) for am_hal_gpio_pinconfig
    pdm_fft.o(i.pdm_init) refers to am_hal_pdm.o(i.am_hal_pdm_interrupt_enable) for am_hal_pdm_interrupt_enable
[...]
    Removing am_hal_flash.o(.constdata), (4 bytes).
    Removing am_hal_flash.o(.constdata), (12 bytes).
    Removing am_hal_gpio.o(.rev16_text), (4 bytes).
    Removing am_hal_gpio.o(.revsh_text), (4 bytes).
    Removing am_hal_gpio.o(.rrx_text), (6 bytes).
    Removing am_hal_gpio.o(i.am_hal_gpio_fast_pinconfig), (206 bytes).
    Removing am_hal_gpio.o(i.am_hal_gpio_interrupt_clear), (52 bytes).
    Removing am_hal_gpio.o(i.am_hal_gpio_interrupt_disable), (64 bytes).
    Removing am_hal_gpio.o(i.am_hal_gpio_interrupt_enable), (64 bytes).
    Removing am_hal_gpio.o(i.am_hal_gpio_interrupt_register), (32 bytes).
    Removing am_hal_gpio.o(i.am_hal_gpio_interrupt_service), (120 bytes).
    Removing am_hal_gpio.o(i.am_hal_gpio_interrupt_status_get), (84 bytes).
    Removing am_hal_gpio.o(i.am_hal_gpio_state_read), (90 bytes).
    Removing am_hal_gpio.o(i.am_hal_gpio_state_write), (128 bytes).
    Removing am_hal_gpio.o(.bss), (200 bytes).
    Removing am_hal_gpio.o(.constdata), (4 bytes).
    Removing am_hal_gpio.o(.constdata), (4 bytes).
    Removing am_hal_gpio.o(.constdata), (4 bytes).
    Removing am_hal_gpio.o(.constdata), (4 bytes).
    Removing am_hal_gpio.o(.constdata), (4 bytes).
    Removing am_hal_gpio.o(.constdata), (4 bytes).
    Removing am_hal_gpio.o(.constdata), (4 bytes).
    Removing am_hal_gpio.o(.constdata), (4 bytes).
    Removing am_hal_gpio.o(.constdata), (4 bytes).
    Removing am_hal_gpio.o(.constdata), (4 bytes).
    Removing am_hal_gpio.o(.constdata), (4 bytes).
    Removing am_hal_gpio.o(.constdata), (4 bytes).
    Removing am_hal_interrupt.o(.rev16_text), (4 bytes).
    Removing am_hal_interrupt.o(.revsh_text), (4 bytes).
    Removing am_hal_interrupt.o(.rrx_text), (6 bytes).
    Removing am_hal_mcuctrl.o(.rev16_text), (4 bytes).
    Removing am_hal_mcuctrl.o(.revsh_text), (4 bytes).
    Removing am_hal_mcuctrl.o(.rrx_text), (6 bytes).
    Removing am_hal_mcuctrl.o(i.am_hal_mcuctrl_control), (208 bytes).
    Removing am_hal_mcuctrl.o(i.am_hal_mcuctrl_status_get), (76 bytes).
    Removing am_hal_pdm.o(.rev16_text), (4 bytes).
    Removing am_hal_pdm.o(.revsh_text), (4 bytes).
    Removing am_hal_pdm.o(.rrx_text), (6 bytes).
    Removing am_hal_pdm.o(i.am_hal_pdm_deinitialize), (44 bytes).
    Removing am_hal_pdm.o(i.am_hal_pdm_i2s_disable), (48 bytes).
    Removing am_hal_pdm.o(i.am_hal_pdm_i2s_enable), (48 bytes).
    Removing am_hal_pdm.o(i.am_hal_pdm_interrupt_disable), (52 bytes).
    Removing am_hal_sysctrl.o(.rev16_text), (4 bytes).
    Removing am_hal_sysctrl.o(.revsh_text), (4 bytes).
    Removing am_hal_sysctrl.o(.rrx_text), (6 bytes).
    Removing am_hal_sysctrl.o(i.am_hal_sysctrl_aircr_reset), (36 bytes).
    Removing am_hal_sysctrl.o(i.am_hal_sysctrl_fpu_disable), (12 bytes).
    Removing am_hal_sysctrl.o(i.am_hal_sysctrl_fpu_enable), (16 bytes).
    Removing am_hal_sysctrl.o(i.am_hal_sysctrl_fpu_stacking_disable), (32 bytes).
    Removing am_hal_sysctrl.o(i.am_hal_sysctrl_fpu_stacking_enable), (48 bytes).
    Removing am_bsp_pins.o(.rev16_text), (4 bytes).
    Removing am_bsp_pins.o(.revsh_text), (4 bytes).
    Removing am_bsp_pins.o(.rrx_text), (6 bytes).
    Removing am_bsp_pins.o(.constdata), (4 bytes).
    Removing am_bsp_pins.o(.constdata), (4 bytes).
    Removing am_bsp_pins.o(.constdata), (4 bytes).
    Removing am_bsp_pins.o(.constdata), (4 bytes).
    Removing am_bsp_pins.o(.constdata), (4 bytes).
    Removing am_bsp_pins.o(.constdata), (4 bytes).
    Removing am_bsp_pins.o(.constdata), (4 bytes).
    Removing am_bsp_pins.o(.constdata), (4 bytes).
    Removing am_bsp_pins.o(.constdata), (4 bytes).
    Removing am_bsp_pins.o(.constdata), (4 bytes).
    Removing am_bsp_pins.o(.constdata), (4 bytes).
    Removing am_bsp_pins.o(.constdata), (4 bytes).
    Removing am_bsp_pins.o(.constdata), (4 bytes).
    Removing am_bsp_pins.o(.constdata), (4 bytes).
    Removing am_bsp_pins.o(.constdata), (4 bytes).
    Removing am_bsp_pins.o(.constdata), (4 bytes).
    Removing am_bsp_pins.o(.constdata), (4 bytes).
    Removing am_bsp_pins.o(.constdata), (4 bytes).
    Removing am_bsp_pins.o(.constdata), (4 bytes).
    Removing am_bsp_pins.o(.constdata), (4 bytes).
    Removing am_bsp_pins.o(.constdata), (4 bytes).
    Removing am_bsp_pins.o(.constdata), (4 bytes).
    Removing am_bsp_pins.o(.constdata), (4 bytes).
    Removing am_bsp_pins.o(.constdata), (4 bytes).
    Removing am_bsp_pins.o(.constdata), (4 bytes).
    Removing am_bsp_pins.o(.constdata), (4 bytes).
    Removing arm_bitreversal.o(.rev16_text), (4 bytes).
    Removing arm_bitreversal.o(.revsh_text), (4 bytes).
    Removing arm_bitreversal.o(.rrx_text), (6 bytes).
    Removing arm_common_tables.o(.rev16_text), (4 bytes).
    Removing arm_common_tables.o(.revsh_text), (4 bytes).
    Removing arm_common_tables.o(.rrx_text), (6 bytes).
    Removing arm_common_tables.o(.constdata), (128 bytes).
    Removing arm_common_tables.o(.constdata), (256 bytes).
    Removing arm_common_tables.o(.constdata), (512 bytes).
    Removing arm_common_tables.o(.constdata), (1024 bytes).
    Removing arm_common_tables.o(.constdata), (2048 bytes).
    Removing arm_common_tables.o(.constdata), (4096 bytes).
    Removing arm_common_tables.o(.constdata), (8192 bytes).
    Removing arm_common_tables.o(.constdata), (16384 bytes).
    Removing arm_common_tables.o(.constdata), (96 bytes).
    Removing arm_common_tables.o(.constdata), (192 bytes).
    Removing arm_common_tables.o(.constdata), (384 bytes).
    Removing arm_common_tables.o(.constdata), (768 bytes).
    Removing arm_common_tables.o(.constdata), (1536 bytes).
    Removing arm_common_tables.o(.constdata), (3072 bytes).
    Removing arm_common_tables.o(.constdata), (6144 bytes).
    Removing arm_common_tables.o(.constdata), (12288 bytes).
    Removing arm_common_tables.o(.constdata), (24576 bytes).
    Removing arm_common_tables.o(.constdata), (48 bytes).
    Removing arm_common_tables.o(.constdata), (96 bytes).
    Removing arm_common_tables.o(.constdata), (192 bytes).
    Removing arm_common_tables.o(.constdata), (384 bytes).
    Removing arm_common_tables.o(.constdata), (768 bytes).
    Removing arm_common_tables.o(.constdata), (1536 bytes).
    Removing arm_common_tables.o(.constdata), (3072 bytes).
    Removing arm_common_tables.o(.constdata), (6144 bytes).
    Removing arm_common_tables.o(.constdata), (12288 bytes).
    Removing arm_common_tables.o(.constdata), (128 bytes).
    Removing arm_common_tables.o(.constdata), (256 bytes).
    Removing arm_common_tables.o(.constdata), (40 bytes).
    Removing arm_common_tables.o(.constdata), (96 bytes).
    Removing arm_common_tables.o(.constdata), (112 bytes).
    Removing arm_common_tables.o(.constdata), (416 bytes).
    Removing arm_common_tables.o(.constdata), (880 bytes).
    Removing arm_common_tables.o(.constdata), (896 bytes).
    Removing arm_common_tables.o(.constdata), (3600 bytes).
    Removing arm_common_tables.o(.constdata), (7616 bytes).
    Removing arm_common_tables.o(.constdata), (8064 bytes).
    Removing arm_common_tables.o(.constdata), (24 bytes).
    Removing arm_common_tables.o(.constdata), (48 bytes).
    Removing arm_common_tables.o(.constdata), (112 bytes).
    Removing arm_common_tables.o(.constdata), (224 bytes).
    Removing arm_common_tables.o(.constdata), (480 bytes).
    Removing arm_common_tables.o(.constdata), (960 bytes).
    Removing arm_common_tables.o(.constdata), (1984 bytes).
    Removing arm_common_tables.o(.constdata), (3968 bytes).
    Removing arm_common_tables.o(.constdata), (8064 bytes).
    Removing arm_common_tables.o(.constdata), (128 bytes).
    Removing arm_common_tables.o(.constdata), (256 bytes).
    Removing arm_common_tables.o(.constdata), (512 bytes).
    Removing arm_common_tables.o(.constdata), (1024 bytes).
    Removing arm_common_tables.o(.constdata), (2048 bytes).
    Removing arm_common_tables.o(.constdata), (4096 bytes).
    Removing arm_common_tables.o(.constdata), (8192 bytes).
    Removing arm_common_tables.o(.constdata), (16384 bytes).
    Removing arm_common_tables.o(.constdata), (2052 bytes).
    Removing arm_common_tables.o(.constdata), (2052 bytes).
    Removing arm_common_tables.o(.constdata), (1026 bytes).
    Removing am_hal_itm.o(.rev16_text), (4 bytes).
    Removing am_hal_itm.o(.revsh_text), (4 bytes).
    Removing am_hal_itm.o(.rrx_text), (6 bytes).
    Removing am_hal_itm.o(i.am_hal_itm_disable), (172 bytes).
    Removing am_hal_itm.o(i.am_hal_itm_not_busy), (24 bytes).
    Removing am_hal_itm.o(i.am_hal_itm_print_not_busy), (14 bytes).
    Removing am_hal_itm.o(i.am_hal_itm_stimulus_not_busy), (18 bytes).
    Removing am_hal_itm.o(i.am_hal_itm_stimulus_reg_byte_write), (18 bytes).
    Removing am_hal_itm.o(i.am_hal_itm_stimulus_reg_short_write), (18 bytes).
    Removing am_hal_itm.o(i.am_hal_itm_stimulus_reg_word_write), (18 bytes).
    Removing am_hal_itm.o(i.am_hal_itm_sync_send), (20 bytes).
    Removing am_hal_itm.o(i.am_hal_itm_trace_port_disable), (24 bytes).
    Removing am_hal_itm.o(i.am_hal_itm_trace_port_enable), (24 bytes).
    Removing am_hal_pwrctrl.o(.rev16_text), (4 bytes).
    Removing am_hal_pwrctrl.o(.revsh_text), (4 bytes).
    Removing am_hal_pwrctrl.o(.rrx_text), (6 bytes).
    Removing am_hal_pwrctrl.o(i.am_hal_pwrctrl_low_power_init), (152 bytes).
    Removing am_hal_pwrctrl.o(i.am_hal_pwrctrl_memory_enable), (108 bytes).
    Removing am_hal_pwrctrl.o(i.am_hal_pwrctrl_periph_enabled), (88 bytes).
    Removing am_hal_reset.o(.rev16_text), (4 bytes).
    Removing am_hal_reset.o(.revsh_text), (4 bytes).
    Removing am_hal_reset.o(.rrx_text), (6 bytes).
    Removing am_hal_reset.o(i.am_hal_reset_configure), (82 bytes).
    Removing am_hal_reset.o(i.am_hal_reset_control), (56 bytes).
    Removing am_hal_reset.o(i.am_hal_reset_interrupt_clear), (12 bytes).
    Removing am_hal_reset.o(i.am_hal_reset_interrupt_disable), (34 bytes).
    Removing am_hal_reset.o(i.am_hal_reset_interrupt_enable), (34 bytes).
    Removing am_hal_reset.o(i.am_hal_reset_interrupt_status_get), (22 bytes).
    Removing am_hal_reset.o(i.am_hal_reset_status_get), (116 bytes).
    Removing am_hal_rtc.o(.rev16_text), (4 bytes).
    Removing am_hal_rtc.o(.revsh_text), (4 bytes).
    Removing am_hal_rtc.o(.rrx_text), (6 bytes).
    Removing am_hal_rtc.o(i.am_hal_rtc_alarm_get), (162 bytes).
    Removing am_hal_rtc.o(i.am_hal_rtc_alarm_interval_set), (62 bytes).
    Removing am_hal_rtc.o(i.am_hal_rtc_alarm_set), (320 bytes).
    Removing am_hal_rtc.o(i.am_hal_rtc_int_clear), (10 bytes).
    Removing am_hal_rtc.o(i.am_hal_rtc_int_disable), (18 bytes).
    Removing am_hal_rtc.o(i.am_hal_rtc_int_enable), (16 bytes).
    Removing am_hal_rtc.o(i.am_hal_rtc_int_enable_get), (10 bytes).
    Removing am_hal_rtc.o(i.am_hal_rtc_int_set), (10 bytes).
    Removing am_hal_rtc.o(i.am_hal_rtc_int_status_get), (24 bytes).
    Removing am_hal_rtc.o(i.am_hal_rtc_osc_disable), (18 bytes).
    Removing am_hal_rtc.o(i.am_hal_rtc_osc_enable), (18 bytes).
    Removing am_hal_rtc.o(i.am_hal_rtc_osc_select), (22 bytes).
    Removing am_hal_rtc.o(i.am_hal_rtc_time_12hour), (18 bytes).
    Removing am_hal_rtc.o(i.am_hal_rtc_time_get), (202 bytes).
    Removing am_hal_rtc.o(i.am_hal_rtc_time_set), (380 bytes).
    Removing am_hal_tpiu.o(.rev16_text), (4 bytes).
    Removing am_hal_tpiu.o(.revsh_text), (4 bytes).
    Removing am_hal_tpiu.o(.rrx_text), (6 bytes).
    Removing am_hal_tpiu.o(i.am_hal_tpiu_clock_disable), (20 bytes).
    Removing am_hal_tpiu.o(i.am_hal_tpiu_clock_enable), (20 bytes).
    Removing am_hal_tpiu.o(i.am_hal_tpiu_configure), (48 bytes).
    Removing am_hal_tpiu.o(i.am_hal_tpiu_disable), (16 bytes).
    Removing am_hal_tpiu.o(i.am_hal_tpiu_port_width_get), (40 bytes).
    Removing am_hal_tpiu.o(i.am_hal_tpiu_port_width_set), (20 bytes).
    Removing am_hal_tpiu.o(i.am_hal_tpiu_supported_port_width_get), (56 bytes).
    Removing am_hal_uart.o(.rev16_text), (4 bytes).
    Removing am_hal_uart.o(.revsh_text), (4 bytes).
    Removing am_hal_uart.o(.rrx_text), (6 bytes).
    Removing am_hal_uart.o(i.am_hal_uart_configure), (600 bytes).
    Removing am_hal_uart.o(i.am_hal_uart_deinitialize), (48 bytes).
    Removing am_hal_uart.o(i.am_hal_uart_flags_get), (48 bytes).
    Removing am_hal_uart.o(i.am_hal_uart_initialize), (84 bytes).
    Removing am_hal_uart.o(i.am_hal_uart_interrupt_clear), (48 bytes).
    Removing am_hal_uart.o(i.am_hal_uart_interrupt_disable), (56 bytes).
    Removing am_hal_uart.o(i.am_hal_uart_interrupt_enable), (52 bytes).
    Removing am_hal_uart.o(i.am_hal_uart_interrupt_service), (364 bytes).
    Removing am_hal_uart.o(i.am_hal_uart_interrupt_status_get), (60 bytes).
    Removing am_hal_uart.o(i.am_hal_uart_power_control), (236 bytes).
    Removing am_hal_uart.o(i.am_hal_uart_transfer), (852 bytes).
    Removing am_hal_uart.o(i.am_hal_uart_tx_flush), (92 bytes).
    Removing am_hal_uart.o(i.read_nonblocking), (296 bytes).
    Removing am_hal_uart.o(i.write_nonblocking), (272 bytes).
    Removing am_hal_uart.o(.bss), (200 bytes).
    Removing am_hal_queue.o(.rev16_text), (4 bytes).
    Removing am_hal_queue.o(.revsh_text), (4 bytes).
    Removing am_hal_queue.o(.rrx_text), (6 bytes).
    Removing am_hal_queue.o(i.am_hal_queue_init), (22 bytes).
    Removing am_hal_queue.o(i.am_hal_queue_item_add), (164 bytes).
    Removing am_hal_queue.o(i.am_hal_queue_item_get), (152 bytes).

330 unused section(s) (total 227970 bytes) removed from the image.

==============================================================================

Image Symbol Table

    Local Symbols

    Symbol Name                              Value     Ov Type        Size  Object(Section)

    ../../../../../utils/am_util_delay.c     0x00000000   Number         0  am_util_delay.o ABSOLUTE
    ../../../../../utils/am_util_faultisr.c  0x00000000   Number         0  am_util_faultisr.o ABSOLUTE
    ../../../../../utils/am_util_stdio.c     0x00000000   Number         0  am_util_stdio.o ABSOLUTE
    ../am_bsp.c                              0x00000000   Number         0  am_bsp.o ABSOLUTE
    ../am_bsp_pins.c                         0x00000000   Number         0  am_bsp_pins.o ABSOLUTE
    ../am_hal_cachectrl.c                    0x00000000   Number         0  am_hal_cachectrl.o ABSOLUTE
    ../am_hal_clkgen.c                       0x00000000   Number         0  am_hal_clkgen.o ABSOLUTE
    ../am_hal_flash.c                        0x00000000   Number         0  am_hal_flash.o ABSOLUTE
    ../am_hal_global.c                       0x00000000   Number         0  am_hal_global.o ABSOLUTE
    ../am_hal_gpio.c                         0x00000000   Number         0  am_hal_gpio.o ABSOLUTE
    ../am_hal_interrupt.c                    0x00000000   Number         0  am_hal_interrupt.o ABSOLUTE
    ../am_hal_itm.c                          0x00000000   Number         0  am_hal_itm.o ABSOLUTE
    ../am_hal_mcuctrl.c                      0x00000000   Number         0  am_hal_mcuctrl.o ABSOLUTE
    ../am_hal_pdm.c                          0x00000000   Number         0  am_hal_pdm.o ABSOLUTE
    ../am_hal_pwrctrl.c                      0x00000000   Number         0  am_hal_pwrctrl.o ABSOLUTE
    ../am_hal_queue.c                        0x00000000   Number         0  am_hal_queue.o ABSOLUTE
    ../am_hal_reset.c                        0x00000000   Number         0  am_hal_reset.o ABSOLUTE
    ../am_hal_rtc.c                          0x00000000   Number         0  am_hal_rtc.o ABSOLUTE
    ../am_hal_sysctrl.c                      0x00000000   Number         0  am_hal_sysctrl.o ABSOLUTE
    ../am_hal_tpiu.c                         0x00000000   Number         0  am_hal_tpiu.o ABSOLUTE
    ../am_hal_uart.c                         0x00000000   Number         0  am_hal_uart.o ABSOLUTE
    ../clib/angel/boardlib.s                 0x00000000   Number         0  boardinit2.o ABSOLUTE
    ../clib/angel/boardlib.s                 0x00000000   Number         0  boardshut.o ABSOLUTE
    ../clib/angel/boardlib.s                 0x00000000   Number         0  boardinit3.o ABSOLUTE
    ../clib/angel/boardlib.s                 0x00000000   Number         0  boardinit1.o ABSOLUTE
    ../clib/angel/handlers.s                 0x00000000   Number         0  __scatter_zi.o ABSOLUTE
    ../clib/angel/handlers.s                 0x00000000   Number         0  __scatter_copy.o ABSOLUTE
    ../clib/angel/kernel.s                   0x00000000   Number         0  __rtentry4.o ABSOLUTE
    ../clib/angel/kernel.s                   0x00000000   Number         0  __rtentry.o ABSOLUTE
    ../clib/angel/kernel.s                   0x00000000   Number         0  __rtentry2.o ABSOLUTE
    ../clib/angel/kernel.s                   0x00000000   Number         0  rtexit.o ABSOLUTE
    ../clib/angel/kernel.s                   0x00000000   Number         0  rtexit2.o ABSOLUTE
    ../clib/angel/rt.s                       0x00000000   Number         0  rt_raise.o ABSOLUTE
    ../clib/angel/scatter.s                  0x00000000   Number         0  __scatter.o ABSOLUTE
    ../clib/angel/startup.s                  0x00000000   Number         0  __main.o ABSOLUTE
    ../clib/angel/sys.s                      0x00000000   Number         0  sys_stackheap_outer.o ABSOLUTE
    ../clib/angel/sys.s                      0x00000000   Number         0  libspace.o ABSOLUTE
    ../clib/angel/sys.s                      0x00000000   Number         0  indicate_semi.o ABSOLUTE
    ../clib/angel/sys.s                      0x00000000   Number         0  use_no_semi.o ABSOLUTE
    ../clib/angel/sysapp.c                   0x00000000   Number         0  sys_command.o ABSOLUTE
    ../clib/angel/sysapp.c                   0x00000000   Number         0  sys_wrch.o ABSOLUTE
    ../clib/angel/sysapp.c                   0x00000000   Number         0  sys_exit.o ABSOLUTE
    ../clib/armsys.c                         0x00000000   Number         0  no_argv.o ABSOLUTE
    ../clib/armsys.c                         0x00000000   Number         0  _get_argv_nomalloc.o ABSOLUTE
    ../clib/armsys.c                         0x00000000   Number         0  argv_veneer.o ABSOLUTE
    ../clib/armsys.c                         0x00000000   Number         0  argv_veneer.o ABSOLUTE
    ../clib/fenv.c                           0x00000000   Number         0  _fptrap.o ABSOLUTE
    ../clib/heapalloc.c                      0x00000000   Number         0  hrguard.o ABSOLUTE
    ../clib/heapaux.c                        0x00000000   Number         0  heapauxi.o ABSOLUTE
    ../clib/libinit.s                        0x00000000   Number         0  libshutdown.o ABSOLUTE
    ../clib/libinit.s                        0x00000000   Number         0  libshutdown2.o ABSOLUTE
    ../clib/libinit.s                        0x00000000   Number         0  libinit2.o ABSOLUTE
    ../clib/libinit.s                        0x00000000   Number         0  libinit.o ABSOLUTE
    ../clib/longlong.s                       0x00000000   Number         0  llshl.o ABSOLUTE
    ../clib/longlong.s                       0x00000000   Number         0  llushr.o ABSOLUTE
    ../clib/signal.c                         0x00000000   Number         0  defsig_cppl_inner.o ABSOLUTE
    ../clib/signal.c                         0x00000000   Number         0  defsig_segv_inner.o ABSOLUTE
    ../clib/signal.c                         0x00000000   Number         0  defsig_fpe_inner.o ABSOLUTE
    ../clib/signal.c                         0x00000000   Number         0  defsig_abrt_inner.o ABSOLUTE
    ../clib/signal.c                         0x00000000   Number         0  defsig_other.o ABSOLUTE
    ../clib/signal.c                         0x00000000   Number         0  defsig_fpe_formal.o ABSOLUTE
    ../clib/signal.c                         0x00000000   Number         0  defsig_fpe_outer.o ABSOLUTE
    ../clib/signal.c                         0x00000000   Number         0  defsig_rtred_inner.o ABSOLUTE
    ../clib/signal.c                         0x00000000   Number         0  defsig_rtmem_inner.o ABSOLUTE
    ../clib/signal.c                         0x00000000   Number         0  defsig_rtmem_outer.o ABSOLUTE
    ../clib/signal.c                         0x00000000   Number         0  defsig_general.o ABSOLUTE
    ../clib/signal.c                         0x00000000   Number         0  __raise.o ABSOLUTE
    ../clib/signal.c                         0x00000000   Number         0  defsig_rtmem_formal.o ABSOLUTE
    ../clib/signal.c                         0x00000000   Number         0  defsig_stak_inner.o ABSOLUTE
    ../clib/signal.c                         0x00000000   Number         0  defsig_exit.o ABSOLUTE
    ../clib/signal.c                         0x00000000   Number         0  defsig_pvfn_inner.o ABSOLUTE
    ../clib/signal.s                         0x00000000   Number         0  defsig.o ABSOLUTE
    ../clib/stdlib.c                         0x00000000   Number         0  exit.o ABSOLUTE
    ../fplib/d2f.s                           0x00000000   Number         0  d2f_clz.o ABSOLUTE
    ../fplib/dflt.s                          0x00000000   Number         0  dflt_clz.o ABSOLUTE
    ../fplib/dnaninf.s                       0x00000000   Number         0  dnaninf.o ABSOLUTE
    ../fplib/drenorm.s                       0x00000000   Number         0  drenorm_clz.o ABSOLUTE
    ../fplib/dretinf.s                       0x00000000   Number         0  dretinf.o ABSOLUTE
    ../fplib/dunder.s                        0x00000000   Number         0  dunder_clz.o ABSOLUTE
    ../fplib/except.s                        0x00000000   Number         0  except.o ABSOLUTE
    ../fplib/f2d.s                           0x00000000   Number         0  f2d.o ABSOLUTE
    ../fplib/fnaninf.s                       0x00000000   Number         0  fnaninf.o ABSOLUTE
    ../fplib/fpinit.s                        0x00000000   Number         0  fpinit.o ABSOLUTE
    ../fplib/fretinf.s                       0x00000000   Number         0  fretinf.o ABSOLUTE
    ../fplib/funder.s                        0x00000000   Number         0  funder_clz.o ABSOLUTE
    ../fplib/retnan.s                        0x00000000   Number         0  retnan.o ABSOLUTE
    ../fplib/trapv.s                         0x00000000   Number         0  trapv.o ABSOLUTE
    ../fplib/usenofp.s                       0x00000000   Number         0  usenofp.o ABSOLUTE
    ../keil/startup_keil.s                   0x00000000   Number         0  startup_keil.o ABSOLUTE
    ../src/pdm_fft.c                         0x00000000   Number         0  pdm_fft.o ABSOLUTE
    ..\..\..\..\..\utils\am_util_delay.c     0x00000000   Number         0  am_util_delay.o ABSOLUTE
    ..\..\..\..\..\utils\am_util_faultisr.c  0x00000000   Number         0  am_util_faultisr.o ABSOLUTE
    ..\..\Source\CommonTables\arm_common_tables.c 0x00000000   Number         0  arm_common_tables.o ABSOLUTE
    ..\..\Source\ComplexMathFunctions\arm_cmplx_mag_f32.c 0x00000000   Number         0  arm_cmplx_mag_f32.o ABSOLUTE
    ..\..\Source\StatisticsFunctions\arm_max_f32.c 0x00000000   Number         0  arm_max_f32.o ABSOLUTE
    ..\..\Source\TransformFunctions\arm_bitreversal.c 0x00000000   Number         0  arm_bitreversal.o ABSOLUTE
    ..\..\Source\TransformFunctions\arm_cfft_radix4_f32.c 0x00000000   Number         0  arm_cfft_radix4_f32.o ABSOLUTE
    ..\..\Source\TransformFunctions\arm_cfft_radix4_init_f32.c 0x00000000   Number         0  arm_cfft_radix4_init_f32.o ABSOLUTE
    ..\\..\\Source\\CommonTables\\arm_common_tables.c 0x00000000   Number         0  arm_common_tables.o ABSOLUTE
    ..\\..\\Source\\ComplexMathFunctions\\arm_cmplx_mag_f32.c 0x00000000   Number         0  arm_cmplx_mag_f32.o ABSOLUTE
    ..\\..\\Source\\StatisticsFunctions\\arm_max_f32.c 0x00000000   Number         0  arm_max_f32.o ABSOLUTE
    ..\\..\\Source\\TransformFunctions\\arm_bitreversal.c 0x00000000   Number         0  arm_bitreversal.o ABSOLUTE
    ..\\..\\Source\\TransformFunctions\\arm_cfft_radix4_f32.c 0x00000000   Number         0  arm_cfft_radix4_f32.o ABSOLUTE
    ..\\..\\Source\\TransformFunctions\\arm_cfft_radix4_init_f32.c 0x00000000   Number         0  arm_cfft_radix4_init_f32.o ABSOLUTE
    ..\am_bsp.c                              0x00000000   Number         0  am_bsp.o ABSOLUTE
    ..\am_bsp_pins.c                         0x00000000   Number         0  am_bsp_pins.o ABSOLUTE
    ..\am_hal_cachectrl.c                    0x00000000   Number         0  am_hal_cachectrl.o ABSOLUTE
    ..\am_hal_clkgen.c                       0x00000000   Number         0  am_hal_clkgen.o ABSOLUTE
    ..\am_hal_flash.c                        0x00000000   Number         0  am_hal_flash.o ABSOLUTE
    ..\am_hal_global.c                       0x00000000   Number         0  am_hal_global.o ABSOLUTE
    ..\am_hal_gpio.c                         0x00000000   Number         0  am_hal_gpio.o ABSOLUTE
    ..\am_hal_interrupt.c                    0x00000000   Number         0  am_hal_interrupt.o ABSOLUTE
    ..\am_hal_itm.c                          0x00000000   Number         0  am_hal_itm.o ABSOLUTE
    ..\am_hal_mcuctrl.c                      0x00000000   Number         0  am_hal_mcuctrl.o ABSOLUTE
    ..\am_hal_pdm.c                          0x00000000   Number         0  am_hal_pdm.o ABSOLUTE
    ..\am_hal_pwrctrl.c                      0x00000000   Number         0  am_hal_pwrctrl.o ABSOLUTE
    ..\am_hal_queue.c                        0x00000000   Number         0  am_hal_queue.o ABSOLUTE
    ..\am_hal_reset.c                        0x00000000   Number         0  am_hal_reset.o ABSOLUTE
    ..\am_hal_rtc.c                          0x00000000   Number         0  am_hal_rtc.o ABSOLUTE
    ..\am_hal_sysctrl.c                      0x00000000   Number         0  am_hal_sysctrl.o ABSOLUTE
    ..\am_hal_tpiu.c                         0x00000000   Number         0  am_hal_tpiu.o ABSOLUTE
    ..\am_hal_uart.c                         0x00000000   Number         0  am_hal_uart.o ABSOLUTE
    ..\src\pdm_fft.c                         0x00000000   Number         0  pdm_fft.o ABSOLUTE
    dc.s                                     0x00000000   Number         0  dc.o ABSOLUTE
    RESET                                    0x0000c000   Section      312  startup_keil.o(RESET)
    $v0                                      0x0000c100   Number         0  startup_keil.o(RESET)
    !!!main                                  0x0000c138   Section        8  __main.o(!!!main)
    !!!scatter                               0x0000c140   Section       52  __scatter.o(!!!scatter)
    !!handler_copy                           0x0000c174   Section       26  __scatter_copy.o(!!handler_copy)
    !!handler_zi                             0x0000c190   Section       28  __scatter_zi.o(!!handler_zi)
    .ARM.Collect$$libinit$$00000000          0x0000c1ac   Section        2  libinit.o(.ARM.Collect$$libinit$$00000000)
    .ARM.Collect$$libinit$$00000001          0x0000c1ae   Section        4  libinit2.o(.ARM.Collect$$libinit$$00000001)
    .ARM.Collect$$libinit$$00000004          0x0000c1b2   Section        0  libinit2.o(.ARM.Collect$$libinit$$00000004)
    .ARM.Collect$$libinit$$0000000A          0x0000c1b2   Section        0  libinit2.o(.ARM.Collect$$libinit$$0000000A)
    .ARM.Collect$$libinit$$0000000C          0x0000c1b2   Section        0  libinit2.o(.ARM.Collect$$libinit$$0000000C)
    .ARM.Collect$$libinit$$0000000E          0x0000c1b2   Section        0  libinit2.o(.ARM.Collect$$libinit$$0000000E)
    .ARM.Collect$$libinit$$00000011          0x0000c1b2   Section        0  libinit2.o(.ARM.Collect$$libinit$$00000011)
    .ARM.Collect$$libinit$$00000013          0x0000c1b2   Section        0  libinit2.o(.ARM.Collect$$libinit$$00000013)
    .ARM.Collect$$libinit$$00000015          0x0000c1b2   Section        0  libinit2.o(.ARM.Collect$$libinit$$00000015)
    .ARM.Collect$$libinit$$00000017          0x0000c1b2   Section        0  libinit2.o(.ARM.Collect$$libinit$$00000017)
    .ARM.Collect$$libinit$$00000019          0x0000c1b2   Section        0  libinit2.o(.ARM.Collect$$libinit$$00000019)
    .ARM.Collect$$libinit$$0000001B          0x0000c1b2   Section        0  libinit2.o(.ARM.Collect$$libinit$$0000001B)
    .ARM.Collect$$libinit$$0000001D          0x0000c1b2   Section        0  libinit2.o(.ARM.Collect$$libinit$$0000001D)
    .ARM.Collect$$libinit$$0000001F          0x0000c1b2   Section        0  libinit2.o(.ARM.Collect$$libinit$$0000001F)
    .ARM.Collect$$libinit$$00000021          0x0000c1b2   Section        0  libinit2.o(.ARM.Collect$$libinit$$00000021)
    .ARM.Collect$$libinit$$00000023          0x0000c1b2   Section        0  libinit2.o(.ARM.Collect$$libinit$$00000023)
    .ARM.Collect$$libinit$$00000025          0x0000c1b2   Section        0  libinit2.o(.ARM.Collect$$libinit$$00000025)
    .ARM.Collect$$libinit$$0000002C          0x0000c1b2   Section        0  libinit2.o(.ARM.Collect$$libinit$$0000002C)
    .ARM.Collect$$libinit$$0000002E          0x0000c1b2   Section        0  libinit2.o(.ARM.Collect$$libinit$$0000002E)
    .ARM.Collect$$libinit$$00000030          0x0000c1b2   Section        0  libinit2.o(.ARM.Collect$$libinit$$00000030)
    .ARM.Collect$$libinit$$00000032          0x0000c1b2   Section        0  libinit2.o(.ARM.Collect$$libinit$$00000032)
    .ARM.Collect$$libinit$$00000033          0x0000c1b2   Section        2  libinit2.o(.ARM.Collect$$libinit$$00000033)
    .ARM.Collect$$libshutdown$$00000000      0x0000c1b4   Section        2  libshutdown.o(.ARM.Collect$$libshutdown$$00000000)
    .ARM.Collect$$libshutdown$$00000002      0x0000c1b6   Section        0  libshutdown2.o(.ARM.Collect$$libshutdown$$00000002)
    .ARM.Collect$$libshutdown$$00000004      0x0000c1b6   Section        0  libshutdown2.o(.ARM.Collect$$libshutdown$$00000004)
    .ARM.Collect$$libshutdown$$00000007      0x0000c1b6   Section        0  libshutdown2.o(.ARM.Collect$$libshutdown$$00000007)
    .ARM.Collect$$libshutdown$$0000000A      0x0000c1b6   Section        0  libshutdown2.o(.ARM.Collect$$libshutdown$$0000000A)
    .ARM.Collect$$libshutdown$$0000000C      0x0000c1b6   Section        0  libshutdown2.o(.ARM.Collect$$libshutdown$$0000000C)
    .ARM.Collect$$libshutdown$$0000000F      0x0000c1b6   Section        0  libshutdown2.o(.ARM.Collect$$libshutdown$$0000000F)
    .ARM.Collect$$libshutdown$$00000010      0x0000c1b6   Section        2  libshutdown2.o(.ARM.Collect$$libshutdown$$00000010)
    .ARM.Collect$$rtentry$$00000000          0x0000c1b8   Section        0  __rtentry.o(.ARM.Collect$$rtentry$$00000000)
    .ARM.Collect$$rtentry$$00000002          0x0000c1b8   Section        0  __rtentry2.o(.ARM.Collect$$rtentry$$00000002)
    .ARM.Collect$$rtentry$$00000004          0x0000c1b8   Section        6  __rtentry4.o(.ARM.Collect$$rtentry$$00000004)
    .ARM.Collect$$rtentry$$00000009          0x0000c1be   Section        0  __rtentry2.o(.ARM.Collect$$rtentry$$00000009)
    .ARM.Collect$$rtentry$$0000000A          0x0000c1be   Section        4  __rtentry2.o(.ARM.Collect$$rtentry$$0000000A)
    .ARM.Collect$$rtentry$$0000000C          0x0000c1c2   Section        0  __rtentry2.o(.ARM.Collect$$rtentry$$0000000C)
    .ARM.Collect$$rtentry$$0000000D          0x0000c1c2   Section        8  __rtentry2.o(.ARM.Collect$$rtentry$$0000000D)
    .ARM.Collect$$rtexit$$00000000           0x0000c1ca   Section        2  rtexit.o(.ARM.Collect$$rtexit$$00000000)
    .ARM.Collect$$rtexit$$00000002           0x0000c1cc   Section        0  rtexit2.o(.ARM.Collect$$rtexit$$00000002)
    .ARM.Collect$$rtexit$$00000003           0x0000c1cc   Section        4  rtexit2.o(.ARM.Collect$$rtexit$$00000003)
    .ARM.Collect$$rtexit$$00000004           0x0000c1d0   Section        6  rtexit2.o(.ARM.Collect$$rtexit$$00000004)
    .emb_text                                0x0000c1d8   Section       34  am_util_faultisr.o(.emb_text)
    $v0                                      0x0000c1d8   Number         0  am_util_faultisr.o(.emb_text)
    .emb_text                                0x0000c1fc   Section       22  am_hal_interrupt.o(.emb_text)
    $v0                                      0x0000c1fc   Number         0  am_hal_interrupt.o(.emb_text)
    .text                                    0x0000c214   Section       24  startup_keil.o(.text)
    $v0                                      0x0000c214   Number         0  startup_keil.o(.text)
    .text                                    0x0000c22c   Section        0  arm_cmplx_mag_f32.o(.text)
    .text                                    0x0000c328   Section        0  arm_cfft_radix4_f32.o(.text)
    .text                                    0x0000c9c8   Section        0  arm_cfft_radix4_init_f32.o(.text)
    .text                                    0x0000ca88   Section        0  arm_max_f32.o(.text)
    .text                                    0x0000cb60   Section        0  arm_bitreversal.o(.text)
    .text                                    0x0000cd36   Section        0  heapauxi.o(.text)
    .text                                    0x0000cd3c   Section        0  _fptrap.o(.text)
    .text                                    0x0000cd6c   Section       74  sys_stackheap_outer.o(.text)
    .text                                    0x0000cdb6   Section        0  exit.o(.text)
    .text                                    0x0000cdc8   Section        0  defsig_fpe_outer.o(.text)
    .text                                    0x0000cdd8   Section        8  libspace.o(.text)
    .text                                    0x0000cde0   Section        0  defsig_exit.o(.text)
    .text                                    0x0000cdec   Section        0  defsig_fpe_inner.o(.text)
    .text                                    0x0000ce98   Section        0  sys_exit.o(.text)
    .text                                    0x0000cea4   Section        0  defsig_general.o(.text)
    .text                                    0x0000ced6   Section        0  sys_wrch.o(.text)
    .text                                    0x0000cee4   Section        2  use_no_semi.o(.text)
    .text                                    0x0000cee6   Section        0  indicate_semi.o(.text)
    i.am_bsp_itm_printf_enable               0x0000cee8   Section        0  am_bsp.o(i.am_bsp_itm_printf_enable)
    i.am_hal_cachectrl_config                0x0000cf24   Section        0  am_hal_cachectrl.o(i.am_hal_cachectrl_config)
    i.am_hal_cachectrl_enable                0x0000cf70   Section        0  am_hal_cachectrl.o(i.am_hal_cachectrl_enable)
    i.am_hal_clkgen_control                  0x0000cf84   Section        0  am_hal_clkgen.o(i.am_hal_clkgen_control)
    i.am_hal_clkgen_status_get               0x0000d03c   Section        0  am_hal_clkgen.o(i.am_hal_clkgen_status_get)
    i.am_hal_flash_delay                     0x0000d070   Section        0  am_hal_flash.o(i.am_hal_flash_delay)
    i.am_hal_gpio_pinconfig                  0x0000d094   Section        0  am_hal_gpio.o(i.am_hal_gpio_pinconfig)
    i.am_hal_itm_enable                      0x0000d314   Section        0  am_hal_itm.o(i.am_hal_itm_enable)
    i.am_hal_itm_print                       0x0000d35c   Section        0  am_hal_itm.o(i.am_hal_itm_print)
    i.am_hal_mcuctrl_info_get                0x0000d38c   Section        0  am_hal_mcuctrl.o(i.am_hal_mcuctrl_info_get)
    i.am_hal_pdm_configure                   0x0000d4c4   Section        0  am_hal_pdm.o(i.am_hal_pdm_configure)
    i.am_hal_pdm_disable                     0x0000d5d8   Section        0  am_hal_pdm.o(i.am_hal_pdm_disable)
    i.am_hal_pdm_dma_start                   0x0000d610   Section        0  am_hal_pdm.o(i.am_hal_pdm_dma_start)
    i.am_hal_pdm_enable                      0x0000d6ac   Section        0  am_hal_pdm.o(i.am_hal_pdm_enable)
    i.am_hal_pdm_fifo_flush                  0x0000d6e4   Section        0  am_hal_pdm.o(i.am_hal_pdm_fifo_flush)
    i.am_hal_pdm_initialize                  0x0000d710   Section        0  am_hal_pdm.o(i.am_hal_pdm_initialize)
    i.am_hal_pdm_interrupt_clear             0x0000d750   Section        0  am_hal_pdm.o(i.am_hal_pdm_interrupt_clear)
    i.am_hal_pdm_interrupt_enable            0x0000d77c   Section        0  am_hal_pdm.o(i.am_hal_pdm_interrupt_enable)
    i.am_hal_pdm_interrupt_status_get        0x0000d7b0   Section        0  am_hal_pdm.o(i.am_hal_pdm_interrupt_status_get)
    i.am_hal_pdm_power_control               0x0000d7f0   Section        0  am_hal_pdm.o(i.am_hal_pdm_power_control)
    i.am_hal_pwrctrl_periph_disable          0x0000d86c   Section        0  am_hal_pwrctrl.o(i.am_hal_pwrctrl_periph_disable)
    i.am_hal_pwrctrl_periph_enable           0x0000d8bc   Section        0  am_hal_pwrctrl.o(i.am_hal_pwrctrl_periph_enable)
    i.am_hal_sysctrl_sleep                   0x0000d90c   Section        0  am_hal_sysctrl.o(i.am_hal_sysctrl_sleep)
    i.am_hal_tpiu_enable                     0x0000d978   Section        0  am_hal_tpiu.o(i.am_hal_tpiu_enable)
    i.am_pdm0_isr                            0x0000da08   Section        0  pdm_fft.o(i.am_pdm0_isr)
    i.am_util_delay_ms                       0x0000da38   Section        0  am_util_delay.o(i.am_util_delay_ms)
    i.am_util_faultisr_collect_data          0x0000da58   Section        0  am_util_faultisr.o(i.am_util_faultisr_collect_data)
    i.am_util_stdio_printf                   0x0000df10   Section        0  am_util_stdio.o(i.am_util_stdio_printf)
    i.am_util_stdio_printf_init              0x0000df44   Section        0  am_util_stdio.o(i.am_util_stdio_printf_init)
    i.am_util_stdio_terminal_clear           0x0000df50   Section        0  am_util_stdio.o(i.am_util_stdio_terminal_clear)
    i.am_util_stdio_vsprintf                 0x0000df8c   Section        0  am_util_stdio.o(i.am_util_stdio_vsprintf)
    i.main                                   0x0000e6cc   Section        0  pdm_fft.o(i.main)
    i.ndigits_in_u64                         0x0000e844   Section        0  am_util_stdio.o(i.ndigits_in_u64)
    ndigits_in_u64                           0x0000e845   Thumb Code   198  am_util_stdio.o(i.ndigits_in_u64)
    i.pcm_fft_print                          0x0000e90c   Section        0  pdm_fft.o(i.pcm_fft_print)
    i.pdm_config_print                       0x0000e9b4   Section        0  pdm_fft.o(i.pdm_config_print)
    i.uint64_to_str                          0x0000eb44   Section        0  am_util_stdio.o(i.uint64_to_str)
    uint64_to_str                            0x0000eb45   Thumb Code   294  am_util_stdio.o(i.uint64_to_str)
    x$fpl$d2f                                0x0000ec6c   Section      708  d2f_clz.o(x$fpl$d2f)
    $v0                                      0x0000ec6c   Number         0  d2f_clz.o(x$fpl$d2f)
    x$fpl$dfltn                              0x0000ef30   Section       26  dflt_clz.o(x$fpl$dfltn)
    $v0                                      0x0000ef30   Number         0  dflt_clz.o(x$fpl$dfltn)
    x$fpl$dnaninf                            0x0000ef4a   Section      258  dnaninf.o(x$fpl$dnaninf)
    $v0                                      0x0000ef4a   Number         0  dnaninf.o(x$fpl$dnaninf)
    x$fpl$drenorm                            0x0000f04c   Section      112  drenorm_clz.o(x$fpl$drenorm)
    $v0                                      0x0000f04c   Number         0  drenorm_clz.o(x$fpl$drenorm)
    x$fpl$dretinf                            0x0000f0bc   Section       12  dretinf.o(x$fpl$dretinf)
    $v0                                      0x0000f0bc   Number         0  dretinf.o(x$fpl$dretinf)
    x$fpl$dunder                             0x0000f0c8   Section      378  dunder_clz.o(x$fpl$dunder)
    $v0                                      0x0000f0c8   Number         0  dunder_clz.o(x$fpl$dunder)
    x$fpl$exception                          0x0000f244   Section      492  except.o(x$fpl$exception)
    $v0                                      0x0000f244   Number         0  except.o(x$fpl$exception)
    x$fpl$f2d                                0x0000f430   Section      122  f2d.o(x$fpl$f2d)
    $v0                                      0x0000f430   Number         0  f2d.o(x$fpl$f2d)
    x$fpl$fnaninf                            0x0000f4aa   Section      242  fnaninf.o(x$fpl$fnaninf)
    $v0                                      0x0000f4aa   Number         0  fnaninf.o(x$fpl$fnaninf)
    x$fpl$fpinit                             0x0000f59c   Section       10  fpinit.o(x$fpl$fpinit)
    $v0                                      0x0000f59c   Number         0  fpinit.o(x$fpl$fpinit)
    x$fpl$fretinf                            0x0000f5a6   Section       10  fretinf.o(x$fpl$fretinf)
    $v0                                      0x0000f5a6   Number         0  fretinf.o(x$fpl$fretinf)
    x$fpl$funder                             0x0000f5b0   Section      316  funder_clz.o(x$fpl$funder)
    $v0                                      0x0000f5b0   Number         0  funder_clz.o(x$fpl$funder)
    x$fpl$retnan                             0x0000f6ec   Section      178  retnan.o(x$fpl$retnan)
    $v0                                      0x0000f6ec   Number         0  retnan.o(x$fpl$retnan)
    x$fpl$trapveneer                         0x0000f79e   Section      126  trapv.o(x$fpl$trapveneer)
    $v0                                      0x0000f79e   Number         0  trapv.o(x$fpl$trapveneer)
    .constdata                               0x0000f81c   Section        3  am_hal_cachectrl.o(.constdata)
    x$fpl$usenofp                            0x0000f81c   Section        0  usenofp.o(x$fpl$usenofp)
    .constdata                               0x0000f820   Section      354  am_hal_gpio.o(.constdata)
    g_ui8Inpen                               0x0000f824   Data          50  am_hal_gpio.o(.constdata)
    g_ui8Bit76Capabilities                   0x0000f856   Data          50  am_hal_gpio.o(.constdata)
    g_ui8nCEpins                             0x0000f888   Data          50  am_hal_gpio.o(.constdata)
    g_ui8NCEtable                            0x0000f8ba   Data         200  am_hal_gpio.o(.constdata)
    .constdata                               0x0000f984   Section      128  am_hal_mcuctrl.o(.constdata)
    .constdata                               0x0000fa04   Section        4  am_bsp_pins.o(.constdata)
    .constdata                               0x0000fa08   Section     2048  arm_common_tables.o(.constdata)
    .constdata                               0x00010208   Section    32768  arm_common_tables.o(.constdata)
    .constdata                               0x00018208   Section      540  am_hal_pwrctrl.o(.constdata)
    .data                                    0x10000000   Section       44  pdm_fft.o(.data)
    .data                                    0x1000002c   Section        8  am_util_stdio.o(.data)
    g_bTxtXlate                              0x1000002c   Data           1  am_util_stdio.o(.data)
    .data                                    0x10000034   Section        4  am_hal_global.o(.data)
    .data                                    0x10000038   Section       72  am_bsp.o(.data)
    g_ui32PrintInterface                     0x10000038   Data           4  am_bsp.o(.data)
    g_sCOMUART                               0x1000003c   Data           4  am_bsp.o(.data)
    g_sBspUartBufferedConfig                 0x10000058   Data          40  am_bsp.o(.data)
    .data                                    0x10000080   Section        4  am_hal_sysctrl.o(.data)
    g_ui32BusWriteFlush                      0x10000080   Data           4  am_hal_sysctrl.o(.data)
    .data                                    0x10000084   Section        4  am_hal_reset.o(.data)
    .bss                                     0x10000088   Section    81920  pdm_fft.o(.bss)
    .bss                                     0x10014088   Section      256  am_util_stdio.o(.bss)
    g_prfbuf                                 0x10014088   Data         256  am_util_stdio.o(.bss)
    .bss                                     0x10014188   Section     1024  am_bsp.o(.bss)
    pui8UartTxBuffer                         0x10014188   Data        1024  am_bsp.o(.bss)
    .bss                                     0x10014588   Section     1024  am_bsp.o(.bss)
    pui8UartRxBuffer                         0x10014588   Data        1024  am_bsp.o(.bss)
    .bss                                     0x10014988   Section       12  am_hal_pdm.o(.bss)
    .bss                                     0x10014994   Section       96  libspace.o(.bss)
    HEAP                                     0x100149f8   Section        0  startup_keil.o(HEAP)
    STACK                                    0x100149f8   Section     4096  startup_keil.o(STACK)
    HeapMem                                  0x100149f8   Data           0  startup_keil.o(HEAP)
    StackMem                                 0x100149f8   Data           0  startup_keil.o(STACK)

    Global Symbols

    Symbol Name                              Value     Ov Type        Size  Object(Section)

    BuildAttributes$$THM_ISAv4$E$P$D$K$B$S$7EM$VFPi3$EXTD16$VFPS$VFMA$PE$A:L22UL41UL21$X:L11$S22US41US21$IEEE1$IW$USESV6$~STKCKD$USESV7$~SHL$OTIME$ROPI$IEEEX$EBA8$UX$STANDARDLIB$REQ8$PRES8$EABIv2 0x00000000   Number         0  anon$$obj.o ABSOLUTE
    __ARM_use_no_argv                        0x00000000   Number         0  pdm_fft.o ABSOLUTE
    __ARM_exceptions_init                     - Undefined Weak Reference
    __alloca_initialize                       - Undefined Weak Reference
    __arm_preinit_                            - Undefined Weak Reference
    __cpp_initialize__aeabi_                  - Undefined Weak Reference
    __cxa_finalize                            - Undefined Weak Reference
    __rt_locale                               - Undefined Weak Reference
    __sigvec_lookup                           - Undefined Weak Reference
    _atexit_init                              - Undefined Weak Reference
    _call_atexit_fns                          - Undefined Weak Reference
    _clock_init                               - Undefined Weak Reference
    _fp_trap_big                              - Undefined Weak Reference
    _fp_trap_init                             - Undefined Weak Reference
    _fp_trap_shutdown                         - Undefined Weak Reference
    _get_lc_collate                           - Undefined Weak Reference
    _get_lc_ctype                             - Undefined Weak Reference
    _get_lc_monetary                          - Undefined Weak Reference
    _get_lc_numeric                           - Undefined Weak Reference
    _get_lc_time                              - Undefined Weak Reference
    _getenv_init                              - Undefined Weak Reference
    _handle_redirection                       - Undefined Weak Reference
    _init_alloc                               - Undefined Weak Reference
    _init_user_alloc                          - Undefined Weak Reference
    _initio                                   - Undefined Weak Reference
    _rand_init                                - Undefined Weak Reference
    _signal_finish                            - Undefined Weak Reference
    _signal_init                              - Undefined Weak Reference
    _terminate_alloc                          - Undefined Weak Reference
    _terminate_user_alloc                     - Undefined Weak Reference
    _terminateio                              - Undefined Weak Reference
    __Vectors                                0x0000c000   Data           0  startup_keil.o(RESET)
    __Patchable                              0x0000c0c0   Data           0  startup_keil.o(RESET)
    Reset_Handler                            0x0000c101   Thumb Code    28  startup_keil.o(RESET)
    NMI_Handler                              0x0000c11f   Thumb Code     2  startup_keil.o(RESET)
    MemManage_Handler                        0x0000c121   Thumb Code     2  startup_keil.o(RESET)
    BusFault_Handler                         0x0000c123   Thumb Code     2  startup_keil.o(RESET)
    UsageFault_Handler                       0x0000c125   Thumb Code     2  startup_keil.o(RESET)
    SecureFault_Handler                      0x0000c127   Thumb Code     2  startup_keil.o(RESET)
    SVC_Handler                              0x0000c129   Thumb Code     2  startup_keil.o(RESET)
    DebugMon_Handler                         0x0000c12b   Thumb Code     2  startup_keil.o(RESET)
    PendSV_Handler                           0x0000c12d   Thumb Code     2  startup_keil.o(RESET)
    SysTick_Handler                          0x0000c12f   Thumb Code     2  startup_keil.o(RESET)
    am_adc_isr                               0x0000c131   Thumb Code     0  startup_keil.o(RESET)
    am_ble_isr                               0x0000c131   Thumb Code     0  startup_keil.o(RESET)
    am_brownout_isr                          0x0000c131   Thumb Code     0  startup_keil.o(RESET)
    am_clkgen_isr                            0x0000c131   Thumb Code     0  startup_keil.o(RESET)
    am_ctimer_isr                            0x0000c131   Thumb Code     0  startup_keil.o(RESET)
    am_gpio_isr                              0x0000c131   Thumb Code     0  startup_keil.o(RESET)
    am_iomaster0_isr                         0x0000c131   Thumb Code     0  startup_keil.o(RESET)
    am_iomaster1_isr                         0x0000c131   Thumb Code     0  startup_keil.o(RESET)
    am_iomaster2_isr                         0x0000c131   Thumb Code     0  startup_keil.o(RESET)
    am_iomaster3_isr                         0x0000c131   Thumb Code     0  startup_keil.o(RESET)
    am_iomaster4_isr                         0x0000c131   Thumb Code     0  startup_keil.o(RESET)
    am_iomaster5_isr                         0x0000c131   Thumb Code     0  startup_keil.o(RESET)
    am_ioslave_acc_isr                       0x0000c131   Thumb Code     0  startup_keil.o(RESET)
    am_ioslave_ios_isr                       0x0000c131   Thumb Code     0  startup_keil.o(RESET)
    am_mspi0_isr                             0x0000c131   Thumb Code     0  startup_keil.o(RESET)
    am_rtc_isr                               0x0000c131   Thumb Code     0  startup_keil.o(RESET)
    am_scard_isr                             0x0000c131   Thumb Code     0  startup_keil.o(RESET)
    am_software0_isr                         0x0000c131   Thumb Code     0  startup_keil.o(RESET)
    am_stimer_cmpr0_isr                      0x0000c131   Thumb Code     0  startup_keil.o(RESET)
    am_stimer_cmpr1_isr                      0x0000c131   Thumb Code     0  startup_keil.o(RESET)
    am_stimer_cmpr2_isr                      0x0000c131   Thumb Code     0  startup_keil.o(RESET)
    am_stimer_cmpr3_isr                      0x0000c131   Thumb Code     0  startup_keil.o(RESET)
    am_stimer_cmpr4_isr                      0x0000c131   Thumb Code     0  startup_keil.o(RESET)
    am_stimer_cmpr5_isr                      0x0000c131   Thumb Code     0  startup_keil.o(RESET)
    am_stimer_cmpr6_isr                      0x0000c131   Thumb Code     0  startup_keil.o(RESET)
    am_stimer_cmpr7_isr                      0x0000c131   Thumb Code     0  startup_keil.o(RESET)
    am_stimer_isr                            0x0000c131   Thumb Code     0  startup_keil.o(RESET)
    am_uart0_isr                             0x0000c131   Thumb Code     0  startup_keil.o(RESET)
    am_uart1_isr                             0x0000c131   Thumb Code     0  startup_keil.o(RESET)
    am_uart_isr                              0x0000c131   Thumb Code     0  startup_keil.o(RESET)
    am_vcomp_isr                             0x0000c131   Thumb Code     0  startup_keil.o(RESET)
    am_watchdog_isr                          0x0000c131   Thumb Code     0  startup_keil.o(RESET)
    __main                                   0x0000c139   Thumb Code     8  __main.o(!!!main)
    __scatterload                            0x0000c141   Thumb Code     0  __scatter.o(!!!scatter)
    __scatterload_rt2                        0x0000c141   Thumb Code    44  __scatter.o(!!!scatter)
    __scatterload_rt2_thumb_only             0x0000c141   Thumb Code     0  __scatter.o(!!!scatter)
    __scatterload_null                       0x0000c14f   Thumb Code     0  __scatter.o(!!!scatter)
    __scatterload_copy                       0x0000c175   Thumb Code    26  __scatter_copy.o(!!handler_copy)
    __scatterload_zeroinit                   0x0000c191   Thumb Code    28  __scatter_zi.o(!!handler_zi)
    __rt_lib_init                            0x0000c1ad   Thumb Code     0  libinit.o(.ARM.Collect$$libinit$$00000000)
    __rt_lib_init_fp_1                       0x0000c1af   Thumb Code     0  libinit2.o(.ARM.Collect$$libinit$$00000001)
    __rt_lib_init_alloca_1                   0x0000c1b3   Thumb Code     0  libinit2.o(.ARM.Collect$$libinit$$0000002E)
    __rt_lib_init_argv_1                     0x0000c1b3   Thumb Code     0  libinit2.o(.ARM.Collect$$libinit$$0000002C)
    __rt_lib_init_atexit_1                   0x0000c1b3   Thumb Code     0  libinit2.o(.ARM.Collect$$libinit$$0000001B)
    __rt_lib_init_clock_1                    0x0000c1b3   Thumb Code     0  libinit2.o(.ARM.Collect$$libinit$$00000021)
    __rt_lib_init_cpp_1                      0x0000c1b3   Thumb Code     0  libinit2.o(.ARM.Collect$$libinit$$00000032)
    __rt_lib_init_exceptions_1               0x0000c1b3   Thumb Code     0  libinit2.o(.ARM.Collect$$libinit$$00000030)
    __rt_lib_init_fp_trap_1                  0x0000c1b3   Thumb Code     0  libinit2.o(.ARM.Collect$$libinit$$0000001F)
    __rt_lib_init_getenv_1                   0x0000c1b3   Thumb Code     0  libinit2.o(.ARM.Collect$$libinit$$00000023)
    __rt_lib_init_heap_1                     0x0000c1b3   Thumb Code     0  libinit2.o(.ARM.Collect$$libinit$$0000000A)
    __rt_lib_init_lc_collate_1               0x0000c1b3   Thumb Code     0  libinit2.o(.ARM.Collect$$libinit$$00000011)
    __rt_lib_init_lc_ctype_1                 0x0000c1b3   Thumb Code     0  libinit2.o(.ARM.Collect$$libinit$$00000013)
    __rt_lib_init_lc_monetary_1              0x0000c1b3   Thumb Code     0  libinit2.o(.ARM.Collect$$libinit$$00000015)
    __rt_lib_init_lc_numeric_1               0x0000c1b3   Thumb Code     0  libinit2.o(.ARM.Collect$$libinit$$00000017)
    __rt_lib_init_lc_time_1                  0x0000c1b3   Thumb Code     0  libinit2.o(.ARM.Collect$$libinit$$00000019)
    __rt_lib_init_preinit_1                  0x0000c1b3   Thumb Code     0  libinit2.o(.ARM.Collect$$libinit$$00000004)
    __rt_lib_init_rand_1                     0x0000c1b3   Thumb Code     0  libinit2.o(.ARM.Collect$$libinit$$0000000E)
    __rt_lib_init_return                     0x0000c1b3   Thumb Code     0  libinit2.o(.ARM.Collect$$libinit$$00000033)
    __rt_lib_init_signal_1                   0x0000c1b3   Thumb Code     0  libinit2.o(.ARM.Collect$$libinit$$0000001D)
    __rt_lib_init_stdio_1                    0x0000c1b3   Thumb Code     0  libinit2.o(.ARM.Collect$$libinit$$00000025)
    __rt_lib_init_user_alloc_1               0x0000c1b3   Thumb Code     0  libinit2.o(.ARM.Collect$$libinit$$0000000C)
    __rt_lib_shutdown                        0x0000c1b5   Thumb Code     0  libshutdown.o(.ARM.Collect$$libshutdown$$00000000)
    __rt_lib_shutdown_cpp_1                  0x0000c1b7   Thumb Code     0  libshutdown2.o(.ARM.Collect$$libshutdown$$00000002)
    __rt_lib_shutdown_fp_trap_1              0x0000c1b7   Thumb Code     0  libshutdown2.o(.ARM.Collect$$libshutdown$$00000007)
    __rt_lib_shutdown_heap_1                 0x0000c1b7   Thumb Code     0  libshutdown2.o(.ARM.Collect$$libshutdown$$0000000F)
    __rt_lib_shutdown_return                 0x0000c1b7   Thumb Code     0  libshutdown2.o(.ARM.Collect$$libshutdown$$00000010)
    __rt_lib_shutdown_signal_1               0x0000c1b7   Thumb Code     0  libshutdown2.o(.ARM.Collect$$libshutdown$$0000000A)
    __rt_lib_shutdown_stdio_1                0x0000c1b7   Thumb Code     0  libshutdown2.o(.ARM.Collect$$libshutdown$$00000004)
    __rt_lib_shutdown_user_alloc_1           0x0000c1b7   Thumb Code     0  libshutdown2.o(.ARM.Collect$$libshutdown$$0000000C)
    __rt_entry                               0x0000c1b9   Thumb Code     0  __rtentry.o(.ARM.Collect$$rtentry$$00000000)
    __rt_entry_presh_1                       0x0000c1b9   Thumb Code     0  __rtentry2.o(.ARM.Collect$$rtentry$$00000002)
    __rt_entry_sh                            0x0000c1b9   Thumb Code     0  __rtentry4.o(.ARM.Collect$$rtentry$$00000004)
    __rt_entry_li                            0x0000c1bf   Thumb Code     0  __rtentry2.o(.ARM.Collect$$rtentry$$0000000A)
    __rt_entry_postsh_1                      0x0000c1bf   Thumb Code     0  __rtentry2.o(.ARM.Collect$$rtentry$$00000009)
    __rt_entry_main                          0x0000c1c3   Thumb Code     0  __rtentry2.o(.ARM.Collect$$rtentry$$0000000D)
    __rt_entry_postli_1                      0x0000c1c3   Thumb Code     0  __rtentry2.o(.ARM.Collect$$rtentry$$0000000C)
    __rt_exit                                0x0000c1cb   Thumb Code     0  rtexit.o(.ARM.Collect$$rtexit$$00000000)
    __rt_exit_ls                             0x0000c1cd   Thumb Code     0  rtexit2.o(.ARM.Collect$$rtexit$$00000003)
    __rt_exit_prels_1                        0x0000c1cd   Thumb Code     0  rtexit2.o(.ARM.Collect$$rtexit$$00000002)
    __rt_exit_exit                           0x0000c1d1   Thumb Code     0  rtexit2.o(.ARM.Collect$$rtexit$$00000004)
    HardFault_Handler                        0x0000c1d9   Thumb Code    26  am_util_faultisr.o(.emb_text)
    getStackedReg                            0x0000c1f3   Thumb Code     8  am_util_faultisr.o(.emb_text)
    am_hal_interrupt_master_enable           0x0000c1fd   Thumb Code     8  am_hal_interrupt.o(.emb_text)
    am_hal_interrupt_master_disable          0x0000c205   Thumb Code     8  am_hal_interrupt.o(.emb_text)
    am_hal_interrupt_master_set              0x0000c20d   Thumb Code     6  am_hal_interrupt.o(.emb_text)
    __user_initial_stackheap                 0x0000c215   Thumb Code    10  startup_keil.o(.text)
    arm_cmplx_mag_f32                        0x0000c22d   Thumb Code   246  arm_cmplx_mag_f32.o(.text)
    arm_radix4_butterfly_f32                 0x0000c329   Thumb Code   800  arm_cfft_radix4_f32.o(.text)
    arm_radix4_butterfly_inverse_f32         0x0000c649   Thumb Code   836  arm_cfft_radix4_f32.o(.text)
    arm_cfft_radix4_f32                      0x0000c98d   Thumb Code    60  arm_cfft_radix4_f32.o(.text)
    arm_cfft_radix4_init_f32                 0x0000c9c9   Thumb Code   146  arm_cfft_radix4_init_f32.o(.text)
    arm_max_f32                              0x0000ca89   Thumb Code   216  arm_max_f32.o(.text)
    arm_bitreversal_f32                      0x0000cb61   Thumb Code   178  arm_bitreversal.o(.text)
    arm_bitreversal_q31                      0x0000cc13   Thumb Code   170  arm_bitreversal.o(.text)
    arm_bitreversal_q15                      0x0000ccbd   Thumb Code   122  arm_bitreversal.o(.text)
    __use_two_region_memory                  0x0000cd37   Thumb Code     2  heapauxi.o(.text)
    __rt_heap_escrow$2region                 0x0000cd39   Thumb Code     2  heapauxi.o(.text)
    __rt_heap_expand$2region                 0x0000cd3b   Thumb Code     2  heapauxi.o(.text)
    _fp_trap                                 0x0000cd3d   Thumb Code    44  _fptrap.o(.text)
    __user_setup_stackheap                   0x0000cd6d   Thumb Code    74  sys_stackheap_outer.o(.text)
    exit                                     0x0000cdb7   Thumb Code    18  exit.o(.text)
    __rt_SIGFPE                              0x0000cdc9   Thumb Code    14  defsig_fpe_outer.o(.text)
    __user_libspace                          0x0000cdd9   Thumb Code     8  libspace.o(.text)
    __user_perproc_libspace                  0x0000cdd9   Thumb Code     0  libspace.o(.text)
    __user_perthread_libspace                0x0000cdd9   Thumb Code     0  libspace.o(.text)
    __sig_exit                               0x0000cde1   Thumb Code    10  defsig_exit.o(.text)
    __rt_SIGFPE_inner                        0x0000cded   Thumb Code    62  defsig_fpe_inner.o(.text)
    _sys_exit                                0x0000ce99   Thumb Code     8  sys_exit.o(.text)
    __default_signal_display                 0x0000cea5   Thumb Code    50  defsig_general.o(.text)
    _ttywrch                                 0x0000ced7   Thumb Code    14  sys_wrch.o(.text)
    __I$use$semihosting                      0x0000cee5   Thumb Code     0  use_no_semi.o(.text)
    __use_no_semihosting_swi                 0x0000cee5   Thumb Code     2  use_no_semi.o(.text)
    __semihosting_library_function           0x0000cee7   Thumb Code     0  indicate_semi.o(.text)
    am_bsp_itm_printf_enable                 0x0000cee9   Thumb Code    44  am_bsp.o(i.am_bsp_itm_printf_enable)
    am_hal_cachectrl_config                  0x0000cf25   Thumb Code    70  am_hal_cachectrl.o(i.am_hal_cachectrl_config)
    am_hal_cachectrl_enable                  0x0000cf71   Thumb Code    14  am_hal_cachectrl.o(i.am_hal_cachectrl_enable)
    am_hal_clkgen_control                    0x0000cf85   Thumb Code   172  am_hal_clkgen.o(i.am_hal_clkgen_control)
    am_hal_clkgen_status_get                 0x0000d03d   Thumb Code    44  am_hal_clkgen.o(i.am_hal_clkgen_status_get)
    am_hal_flash_delay                       0x0000d071   Thumb Code    30  am_hal_flash.o(i.am_hal_flash_delay)
    am_hal_gpio_pinconfig                    0x0000d095   Thumb Code   588  am_hal_gpio.o(i.am_hal_gpio_pinconfig)
    am_hal_itm_enable                        0x0000d315   Thumb Code    44  am_hal_itm.o(i.am_hal_itm_enable)
    am_hal_itm_print                         0x0000d35d   Thumb Code    48  am_hal_itm.o(i.am_hal_itm_print)
    am_hal_mcuctrl_info_get                  0x0000d38d   Thumb Code   278  am_hal_mcuctrl.o(i.am_hal_mcuctrl_info_get)
    am_hal_pdm_configure                     0x0000d4c5   Thumb Code   262  am_hal_pdm.o(i.am_hal_pdm_configure)
    am_hal_pdm_disable                       0x0000d5d9   Thumb Code    48  am_hal_pdm.o(i.am_hal_pdm_disable)
    am_hal_pdm_dma_start                     0x0000d611   Thumb Code   146  am_hal_pdm.o(i.am_hal_pdm_dma_start)
    am_hal_pdm_enable                        0x0000d6ad   Thumb Code    48  am_hal_pdm.o(i.am_hal_pdm_enable)
    am_hal_pdm_fifo_flush                    0x0000d6e5   Thumb Code    36  am_hal_pdm.o(i.am_hal_pdm_fifo_flush)
    am_hal_pdm_initialize                    0x0000d711   Thumb Code    56  am_hal_pdm.o(i.am_hal_pdm_initialize)
    am_hal_pdm_interrupt_clear               0x0000d751   Thumb Code    36  am_hal_pdm.o(i.am_hal_pdm_interrupt_clear)
    am_hal_pdm_interrupt_enable              0x0000d77d   Thumb Code    42  am_hal_pdm.o(i.am_hal_pdm_interrupt_enable)
    am_hal_pdm_interrupt_status_get          0x0000d7b1   Thumb Code    56  am_hal_pdm.o(i.am_hal_pdm_interrupt_status_get)
    am_hal_pdm_power_control                 0x0000d7f1   Thumb Code   120  am_hal_pdm.o(i.am_hal_pdm_power_control)
    am_hal_pwrctrl_periph_disable            0x0000d86d   Thumb Code    70  am_hal_pwrctrl.o(i.am_hal_pwrctrl_periph_disable)
    am_hal_pwrctrl_periph_enable             0x0000d8bd   Thumb Code    72  am_hal_pwrctrl.o(i.am_hal_pwrctrl_periph_enable)
    am_hal_sysctrl_sleep                     0x0000d90d   Thumb Code    82  am_hal_sysctrl.o(i.am_hal_sysctrl_sleep)
    am_hal_tpiu_enable                       0x0000d979   Thumb Code   122  am_hal_tpiu.o(i.am_hal_tpiu_enable)
    am_pdm0_isr                              0x0000da09   Thumb Code    44  pdm_fft.o(i.am_pdm0_isr)
    am_util_delay_ms                         0x0000da39   Thumb Code    32  am_util_delay.o(i.am_util_delay_ms)
    am_util_faultisr_collect_data            0x0000da59   Thumb Code   424  am_util_faultisr.o(i.am_util_faultisr_collect_data)
    am_util_stdio_printf                     0x0000df11   Thumb Code    44  am_util_stdio.o(i.am_util_stdio_printf)
    am_util_stdio_printf_init                0x0000df45   Thumb Code     6  am_util_stdio.o(i.am_util_stdio_printf_init)
    am_util_stdio_terminal_clear             0x0000df51   Thumb Code    32  am_util_stdio.o(i.am_util_stdio_terminal_clear)
    am_util_stdio_vsprintf                   0x0000df8d   Thumb Code  1844  am_util_stdio.o(i.am_util_stdio_vsprintf)
    main                                     0x0000e6cd   Thumb Code   324  pdm_fft.o(i.main)
    pcm_fft_print                            0x0000e90d   Thumb Code   116  pdm_fft.o(i.pcm_fft_print)
    pdm_config_print                         0x0000e9b5   Thumb Code   190  pdm_fft.o(i.pdm_config_print)
    __aeabi_d2f                              0x0000ec6d   Thumb Code     0  d2f_clz.o(x$fpl$d2f)
    _d2f                                     0x0000ec6d   Thumb Code   700  d2f_clz.o(x$fpl$d2f)
    __dflt_normalise                         0x0000ef31   Thumb Code    26  dflt_clz.o(x$fpl$dfltn)
    __fpl_dnaninf                            0x0000ef4b   Thumb Code   258  dnaninf.o(x$fpl$dnaninf)
    __fpl_drenorm2                           0x0000f04d   Thumb Code   106  drenorm_clz.o(x$fpl$drenorm)
    __fpl_drenorm1                           0x0000f0b7   Thumb Code     6  drenorm_clz.o(x$fpl$drenorm)
    __fpl_dretinf                            0x0000f0bd   Thumb Code    12  dretinf.o(x$fpl$dretinf)
    __dunder                                 0x0000f0c9   Thumb Code   314  dunder_clz.o(x$fpl$dunder)
    __dunder_d                               0x0000f203   Thumb Code    64  dunder_clz.o(x$fpl$dunder)
    __fpl_exception                          0x0000f245   Thumb Code   454  except.o(x$fpl$exception)
    __aeabi_f2d                              0x0000f431   Thumb Code     0  f2d.o(x$fpl$f2d)
    _f2d                                     0x0000f431   Thumb Code   122  f2d.o(x$fpl$f2d)
    __fpl_fnaninf                            0x0000f4ab   Thumb Code   242  fnaninf.o(x$fpl$fnaninf)
    _fp_init                                 0x0000f59d   Thumb Code    10  fpinit.o(x$fpl$fpinit)
    __fplib_config_fpu_vfp                   0x0000f5a5   Thumb Code     0  fpinit.o(x$fpl$fpinit)
    __fplib_config_pureend_doubles           0x0000f5a5   Thumb Code     0  fpinit.o(x$fpl$fpinit)
    __fpl_fretinf                            0x0000f5a7   Thumb Code    10  fretinf.o(x$fpl$fretinf)
    __funder                                 0x0000f5b1   Thumb Code   254  funder_clz.o(x$fpl$funder)
    __funder_d                               0x0000f6af   Thumb Code    62  funder_clz.o(x$fpl$funder)
    __fpl_return_NaN                         0x0000f6ed   Thumb Code   178  retnan.o(x$fpl$retnan)
    _fp_trapveneer                           0x0000f79f   Thumb Code    36  trapv.o(x$fpl$trapveneer)
    __fpl_cmpreturn                          0x0000f7c3   Thumb Code    90  trapv.o(x$fpl$trapveneer)
    __I$use$fp                               0x0000f81c   Number         0  usenofp.o(x$fpl$usenofp)
    am_hal_cachectrl_defaults                0x0000f81c   Data           3  am_hal_cachectrl.o(.constdata)
    g_AM_HAL_GPIO_DISABLE                    0x0000f820   Data           4  am_hal_gpio.o(.constdata)
    g_am_hal_mcuctrl_flash_size              0x0000f984   Data          64  am_hal_mcuctrl.o(.constdata)
    g_am_hal_mcuctrl_sram_size               0x0000f9c4   Data          64  am_hal_mcuctrl.o(.constdata)
    g_AM_BSP_GPIO_ITM_SWO                    0x0000fa04   Data           4  am_bsp_pins.o(.constdata)
    armBitRevTable                           0x0000fa08   Data        2048  arm_common_tables.o(.constdata)
    twiddleCoef_4096                         0x00010208   Data       32768  arm_common_tables.o(.constdata)
    am_hal_pwrctrl_peripheral_control        0x00018208   Data         180  am_hal_pwrctrl.o(.constdata)
    am_hal_pwrctrl_memory_control            0x000182bc   Data         360  am_hal_pwrctrl.o(.constdata)
    Region$$Table$$Base                      0x00018424   Number         0  anon$$obj.o(Region$$Table)
    Region$$Table$$Limit                     0x00018444   Number         0  anon$$obj.o(Region$$Table)
    g_bPDMDataReady                          0x10000000   Data           1  pdm_fft.o(.data)
    g_ui32SampleFreq                         0x10000004   Data           4  pdm_fft.o(.data)
    PDMHandle                                0x10000008   Data           4  pdm_fft.o(.data)
    g_sPdmConfig                             0x1000000c   Data          32  pdm_fft.o(.data)
    g_pfnCharPrint                           0x10000030   Data           4  am_util_stdio.o(.data)
    g_ui32HALflags                           0x10000034   Data           4  am_hal_global.o(.data)
    am_bsp_psLEDs                            0x10000040   Data          24  am_bsp.o(.data)
    gAmHalResetStatus                        0x10000084   Data           4  am_hal_reset.o(.data)
    g_ui32PDMDataBuffer                      0x10000088   Data       16384  pdm_fft.o(.bss)
    g_fPDMTimeDomain                         0x10004088   Data       32768  pdm_fft.o(.bss)
    g_fPDMMagnitudes                         0x1000c088   Data       32768  pdm_fft.o(.bss)
    g_am_hal_pdm_states                      0x10014988   Data          12  am_hal_pdm.o(.bss)
    __libspace_start                         0x10014994   Data          96  libspace.o(.bss)
    __temporary_stack_top$libspace           0x100149f4   Data           0  libspace.o(.bss)



==============================================================================

Memory Map of the image

  Image Entry point : 0x0000c139

  Load Region LR_1 (Base: 0x0000c000, Size: 0x0000c4cc, Max: 0xffffffff, ABSOLUTE)

    Execution Region FLASH (Exec base: 0x0000c000, Load base: 0x0000c000, Size: 0x0000c444, Max: 0x000f0000, ABSOLUTE)

    Exec Addr    Load Addr    Size         Type   Attr      Idx    E Section Name        Object

    0x0000c000   0x0000c000   0x00000138   Code   RO          480    RESET               startup_keil.o
    0x0000c138   0x0000c138   0x00000008   Code   RO         1217  * !!!main             c_w.l(__main.o)
    0x0000c140   0x0000c140   0x00000034   Code   RO         1411    !!!scatter          c_w.l(__scatter.o)
    0x0000c174   0x0000c174   0x0000001a   Code   RO         1413    !!handler_copy      c_w.l(__scatter_copy.o)
    0x0000c18e   0x0000c18e   0x00000002   PAD
    0x0000c190   0x0000c190   0x0000001c   Code   RO         1415    !!handler_zi        c_w.l(__scatter_zi.o)
    0x0000c1ac   0x0000c1ac   0x00000002   Code   RO         1279    .ARM.Collect$$libinit$$00000000  c_w.l(libinit.o)
    0x0000c1ae   0x0000c1ae   0x00000004   Code   RO         1293    .ARM.Collect$$libinit$$00000001  c_w.l(libinit2.o)
    0x0000c1b2   0x0000c1b2   0x00000000   Code   RO         1296    .ARM.Collect$$libinit$$00000004  c_w.l(libinit2.o)
    0x0000c1b2   0x0000c1b2   0x00000000   Code   RO         1299    .ARM.Collect$$libinit$$0000000A  c_w.l(libinit2.o)
    0x0000c1b2   0x0000c1b2   0x00000000   Code   RO         1301    .ARM.Collect$$libinit$$0000000C  c_w.l(libinit2.o)
    0x0000c1b2   0x0000c1b2   0x00000000   Code   RO         1303    .ARM.Collect$$libinit$$0000000E  c_w.l(libinit2.o)
    0x0000c1b2   0x0000c1b2   0x00000000   Code   RO         1306    .ARM.Collect$$libinit$$00000011  c_w.l(libinit2.o)
    0x0000c1b2   0x0000c1b2   0x00000000   Code   RO         1308    .ARM.Collect$$libinit$$00000013  c_w.l(libinit2.o)
    0x0000c1b2   0x0000c1b2   0x00000000   Code   RO         1310    .ARM.Collect$$libinit$$00000015  c_w.l(libinit2.o)
    0x0000c1b2   0x0000c1b2   0x00000000   Code   RO         1312    .ARM.Collect$$libinit$$00000017  c_w.l(libinit2.o)
    0x0000c1b2   0x0000c1b2   0x00000000   Code   RO         1314    .ARM.Collect$$libinit$$00000019  c_w.l(libinit2.o)
    0x0000c1b2   0x0000c1b2   0x00000000   Code   RO         1316    .ARM.Collect$$libinit$$0000001B  c_w.l(libinit2.o)
    0x0000c1b2   0x0000c1b2   0x00000000   Code   RO         1318    .ARM.Collect$$libinit$$0000001D  c_w.l(libinit2.o)
    0x0000c1b2   0x0000c1b2   0x00000000   Code   RO         1320    .ARM.Collect$$libinit$$0000001F  c_w.l(libinit2.o)
    0x0000c1b2   0x0000c1b2   0x00000000   Code   RO         1322    .ARM.Collect$$libinit$$00000021  c_w.l(libinit2.o)
    0x0000c1b2   0x0000c1b2   0x00000000   Code   RO         1324    .ARM.Collect$$libinit$$00000023  c_w.l(libinit2.o)
    0x0000c1b2   0x0000c1b2   0x00000000   Code   RO         1326    .ARM.Collect$$libinit$$00000025  c_w.l(libinit2.o)
    0x0000c1b2   0x0000c1b2   0x00000000   Code   RO         1330    .ARM.Collect$$libinit$$0000002C  c_w.l(libinit2.o)
    0x0000c1b2   0x0000c1b2   0x00000000   Code   RO         1332    .ARM.Collect$$libinit$$0000002E  c_w.l(libinit2.o)
    0x0000c1b2   0x0000c1b2   0x00000000   Code   RO         1334    .ARM.Collect$$libinit$$00000030  c_w.l(libinit2.o)
    0x0000c1b2   0x0000c1b2   0x00000000   Code   RO         1336    .ARM.Collect$$libinit$$00000032  c_w.l(libinit2.o)
    0x0000c1b2   0x0000c1b2   0x00000002   Code   RO         1337    .ARM.Collect$$libinit$$00000033  c_w.l(libinit2.o)
    0x0000c1b4   0x0000c1b4   0x00000002   Code   RO         1368    .ARM.Collect$$libshutdown$$00000000  c_w.l(libshutdown.o)
    0x0000c1b6   0x0000c1b6   0x00000000   Code   RO         1394    .ARM.Collect$$libshutdown$$00000002  c_w.l(libshutdown2.o)
    0x0000c1b6   0x0000c1b6   0x00000000   Code   RO         1396    .ARM.Collect$$libshutdown$$00000004  c_w.l(libshutdown2.o)
    0x0000c1b6   0x0000c1b6   0x00000000   Code   RO         1399    .ARM.Collect$$libshutdown$$00000007  c_w.l(libshutdown2.o)
    0x0000c1b6   0x0000c1b6   0x00000000   Code   RO         1402    .ARM.Collect$$libshutdown$$0000000A  c_w.l(libshutdown2.o)
    0x0000c1b6   0x0000c1b6   0x00000000   Code   RO         1404    .ARM.Collect$$libshutdown$$0000000C  c_w.l(libshutdown2.o)
    0x0000c1b6   0x0000c1b6   0x00000000   Code   RO         1407    .ARM.Collect$$libshutdown$$0000000F  c_w.l(libshutdown2.o)
    0x0000c1b6   0x0000c1b6   0x00000002   Code   RO         1408    .ARM.Collect$$libshutdown$$00000010  c_w.l(libshutdown2.o)
    0x0000c1b8   0x0000c1b8   0x00000000   Code   RO         1223    .ARM.Collect$$rtentry$$00000000  c_w.l(__rtentry.o)
    0x0000c1b8   0x0000c1b8   0x00000000   Code   RO         1246    .ARM.Collect$$rtentry$$00000002  c_w.l(__rtentry2.o)
    0x0000c1b8   0x0000c1b8   0x00000006   Code   RO         1258    .ARM.Collect$$rtentry$$00000004  c_w.l(__rtentry4.o)
    0x0000c1be   0x0000c1be   0x00000000   Code   RO         1248    .ARM.Collect$$rtentry$$00000009  c_w.l(__rtentry2.o)
    0x0000c1be   0x0000c1be   0x00000004   Code   RO         1249    .ARM.Collect$$rtentry$$0000000A  c_w.l(__rtentry2.o)
    0x0000c1c2   0x0000c1c2   0x00000000   Code   RO         1251    .ARM.Collect$$rtentry$$0000000C  c_w.l(__rtentry2.o)
    0x0000c1c2   0x0000c1c2   0x00000008   Code   RO         1252    .ARM.Collect$$rtentry$$0000000D  c_w.l(__rtentry2.o)
    0x0000c1ca   0x0000c1ca   0x00000002   Code   RO         1285    .ARM.Collect$$rtexit$$00000000  c_w.l(rtexit.o)
    0x0000c1cc   0x0000c1cc   0x00000000   Code   RO         1341    .ARM.Collect$$rtexit$$00000002  c_w.l(rtexit2.o)
    0x0000c1cc   0x0000c1cc   0x00000004   Code   RO         1342    .ARM.Collect$$rtexit$$00000003  c_w.l(rtexit2.o)
    0x0000c1d0   0x0000c1d0   0x00000006   Code   RO         1343    .ARM.Collect$$rtexit$$00000004  c_w.l(rtexit2.o)
    0x0000c1d6   0x0000c1d6   0x00000002   PAD
    0x0000c1d8   0x0000c1d8   0x00000022   Code   RO          391    .emb_text           am_util_faultisr.o
    0x0000c1fa   0x0000c1fa   0x00000002   PAD
    0x0000c1fc   0x0000c1fc   0x00000016   Code   RO          825    .emb_text           libam_hal.lib(am_hal_interrupt.o)
    0x0000c212   0x0000c212   0x00000002   PAD
    0x0000c214   0x0000c214   0x00000018   Code   RO          481    .text               startup_keil.o
    0x0000c22c   0x0000c22c   0x000000fc   Code   RO          542    .text               arm_cortexM4lf_math.lib(arm_cmplx_mag_f32.o)
    0x0000c328   0x0000c328   0x000006a0   Code   RO          588    .text               arm_cortexM4lf_math.lib(arm_cfft_radix4_f32.o)
    0x0000c9c8   0x0000c9c8   0x000000c0   Code   RO          615    .text               arm_cortexM4lf_math.lib(arm_cfft_radix4_init_f32.o)
    0x0000ca88   0x0000ca88   0x000000d8   Code   RO          643    .text               arm_cortexM4lf_math.lib(arm_max_f32.o)
    0x0000cb60   0x0000cb60   0x000001d6   Code   RO          933    .text               arm_cortexM4lf_math.lib(arm_bitreversal.o)
    0x0000cd36   0x0000cd36   0x00000006   Code   RO         1215    .text               c_w.l(heapauxi.o)
    0x0000cd3c   0x0000cd3c   0x00000030   Code   RO         1260    .text               c_w.l(_fptrap.o)
    0x0000cd6c   0x0000cd6c   0x0000004a   Code   RO         1266    .text               c_w.l(sys_stackheap_outer.o)
    0x0000cdb6   0x0000cdb6   0x00000012   Code   RO         1268    .text               c_w.l(exit.o)
    0x0000cdc8   0x0000cdc8   0x0000000e   Code   RO         1270    .text               c_w.l(defsig_fpe_outer.o)
    0x0000cdd6   0x0000cdd6   0x00000002   PAD
    0x0000cdd8   0x0000cdd8   0x00000008   Code   RO         1282    .text               c_w.l(libspace.o)
    0x0000cde0   0x0000cde0   0x0000000a   Code   RO         1289    .text               c_w.l(defsig_exit.o)
    0x0000cdea   0x0000cdea   0x00000002   PAD
    0x0000cdec   0x0000cdec   0x000000ac   Code   RO         1291    .text               c_w.l(defsig_fpe_inner.o)
    0x0000ce98   0x0000ce98   0x0000000c   Code   RO         1338    .text               c_w.l(sys_exit.o)
    0x0000cea4   0x0000cea4   0x00000032   Code   RO         1349    .text               c_w.l(defsig_general.o)
    0x0000ced6   0x0000ced6   0x0000000e   Code   RO         1355    .text               c_w.l(sys_wrch.o)
    0x0000cee4   0x0000cee4   0x00000002   Code   RO         1357    .text               c_w.l(use_no_semi.o)
    0x0000cee6   0x0000cee6   0x00000000   Code   RO         1359    .text               c_w.l(indicate_semi.o)
    0x0000cee6   0x0000cee6   0x00000002   PAD
    0x0000cee8   0x0000cee8   0x0000003c   Code   RO          508    i.am_bsp_itm_printf_enable  libam_bsp.lib(am_bsp.o)
    0x0000cf24   0x0000cf24   0x0000004c   Code   RO          667    i.am_hal_cachectrl_config  libam_hal.lib(am_hal_cachectrl.o)
    0x0000cf70   0x0000cf70   0x00000014   Code   RO          670    i.am_hal_cachectrl_enable  libam_hal.lib(am_hal_cachectrl.o)
    0x0000cf84   0x0000cf84   0x000000b8   Code   RO          685    i.am_hal_clkgen_control  libam_hal.lib(am_hal_clkgen.o)
    0x0000d03c   0x0000d03c   0x00000034   Code   RO          691    i.am_hal_clkgen_status_get  libam_hal.lib(am_hal_clkgen.o)
    0x0000d070   0x0000d070   0x00000024   Code   RO          712    i.am_hal_flash_delay  libam_hal.lib(am_hal_flash.o)
    0x0000d094   0x0000d094   0x00000280   Code   RO          792    i.am_hal_gpio_pinconfig  libam_hal.lib(am_hal_gpio.o)
    0x0000d314   0x0000d314   0x00000048   Code   RO         1040    i.am_hal_itm_enable  libam_hal.lib(am_hal_itm.o)
    0x0000d35c   0x0000d35c   0x00000030   Code   RO         1042    i.am_hal_itm_print  libam_hal.lib(am_hal_itm.o)
    0x0000d38c   0x0000d38c   0x00000138   Code   RO          834    i.am_hal_mcuctrl_info_get  libam_hal.lib(am_hal_mcuctrl.o)
    0x0000d4c4   0x0000d4c4   0x00000114   Code   RO          846    i.am_hal_pdm_configure  libam_hal.lib(am_hal_pdm.o)
    0x0000d5d8   0x0000d5d8   0x00000038   Code   RO          848    i.am_hal_pdm_disable  libam_hal.lib(am_hal_pdm.o)
    0x0000d610   0x0000d610   0x0000009c   Code   RO          849    i.am_hal_pdm_dma_start  libam_hal.lib(am_hal_pdm.o)
    0x0000d6ac   0x0000d6ac   0x00000038   Code   RO          850    i.am_hal_pdm_enable  libam_hal.lib(am_hal_pdm.o)
    0x0000d6e4   0x0000d6e4   0x0000002c   Code   RO          851    i.am_hal_pdm_fifo_flush  libam_hal.lib(am_hal_pdm.o)
    0x0000d710   0x0000d710   0x00000040   Code   RO          854    i.am_hal_pdm_initialize  libam_hal.lib(am_hal_pdm.o)
    0x0000d750   0x0000d750   0x0000002c   Code   RO          855    i.am_hal_pdm_interrupt_clear  libam_hal.lib(am_hal_pdm.o)
    0x0000d77c   0x0000d77c   0x00000034   Code   RO          857    i.am_hal_pdm_interrupt_enable  libam_hal.lib(am_hal_pdm.o)
    0x0000d7b0   0x0000d7b0   0x00000040   Code   RO          858    i.am_hal_pdm_interrupt_status_get  libam_hal.lib(am_hal_pdm.o)
    0x0000d7f0   0x0000d7f0   0x0000007c   Code   RO          859    i.am_hal_pdm_power_control  libam_hal.lib(am_hal_pdm.o)
    0x0000d86c   0x0000d86c   0x00000050   Code   RO         1071    i.am_hal_pwrctrl_periph_disable  libam_hal.lib(am_hal_pwrctrl.o)
    0x0000d8bc   0x0000d8bc   0x00000050   Code   RO         1072    i.am_hal_pwrctrl_periph_enable  libam_hal.lib(am_hal_pwrctrl.o)
    0x0000d90c   0x0000d90c   0x0000006c   Code   RO          886    i.am_hal_sysctrl_sleep  libam_hal.lib(am_hal_sysctrl.o)
    0x0000d978   0x0000d978   0x00000090   Code   RO         1147    i.am_hal_tpiu_enable  libam_hal.lib(am_hal_tpiu.o)
    0x0000da08   0x0000da08   0x00000030   Code   RO            4    i.am_pdm0_isr       pdm_fft.o
    0x0000da38   0x0000da38   0x00000020   Code   RO          346    i.am_util_delay_ms  am_util_delay.o
    0x0000da58   0x0000da58   0x000004b8   Code   RO          392    i.am_util_faultisr_collect_data  am_util_faultisr.o
    0x0000df10   0x0000df10   0x00000034   Code   RO          416    i.am_util_stdio_printf  am_util_stdio.o
    0x0000df44   0x0000df44   0x0000000c   Code   RO          417    i.am_util_stdio_printf_init  am_util_stdio.o
    0x0000df50   0x0000df50   0x0000003c   Code   RO          420    i.am_util_stdio_terminal_clear  am_util_stdio.o
    0x0000df8c   0x0000df8c   0x00000740   Code   RO          422    i.am_util_stdio_vsprintf  am_util_stdio.o
    0x0000e6cc   0x0000e6cc   0x00000178   Code   RO            5    i.main              pdm_fft.o
    0x0000e844   0x0000e844   0x000000c6   Code   RO          423    i.ndigits_in_u64    am_util_stdio.o
    0x0000e90a   0x0000e90a   0x00000002   PAD
    0x0000e90c   0x0000e90c   0x000000a8   Code   RO            6    i.pcm_fft_print     pdm_fft.o
    0x0000e9b4   0x0000e9b4   0x00000190   Code   RO            7    i.pdm_config_print  pdm_fft.o
    0x0000eb44   0x0000eb44   0x00000126   Code   RO          424    i.uint64_to_str     am_util_stdio.o
    0x0000ec6a   0x0000ec6a   0x00000002   PAD
    0x0000ec6c   0x0000ec6c   0x000002c4   Code   RO         1219    x$fpl$d2f           g_wm.l(d2f_clz.o)
    0x0000ef30   0x0000ef30   0x0000001a   Code   RO         1226    x$fpl$dfltn         g_wm.l(dflt_clz.o)
    0x0000ef4a   0x0000ef4a   0x00000102   Code   RO         1230    x$fpl$dnaninf       g_wm.l(dnaninf.o)
    0x0000f04c   0x0000f04c   0x00000070   Code   RO         1280    x$fpl$drenorm       g_wm.l(drenorm_clz.o)
    0x0000f0bc   0x0000f0bc   0x0000000c   Code   RO         1232    x$fpl$dretinf       g_wm.l(dretinf.o)
    0x0000f0c8   0x0000f0c8   0x0000017a   Code   RO         1262    x$fpl$dunder        g_wm.l(dunder_clz.o)
    0x0000f242   0x0000f242   0x00000002   PAD
    0x0000f244   0x0000f244   0x000001ec   Code   RO         1234    x$fpl$exception     g_wm.l(except.o)
    0x0000f430   0x0000f430   0x0000007a   Code   RO         1221    x$fpl$f2d           g_wm.l(f2d.o)
    0x0000f4aa   0x0000f4aa   0x000000f2   Code   RO         1236    x$fpl$fnaninf       g_wm.l(fnaninf.o)
    0x0000f59c   0x0000f59c   0x0000000a   Code   RO         1353    x$fpl$fpinit        g_wm.l(fpinit.o)
    0x0000f5a6   0x0000f5a6   0x0000000a   Code   RO         1238    x$fpl$fretinf       g_wm.l(fretinf.o)
    0x0000f5b0   0x0000f5b0   0x0000013c   Code   RO         1240    x$fpl$funder        g_wm.l(funder_clz.o)
    0x0000f6ec   0x0000f6ec   0x000000b2   Code   RO         1264    x$fpl$retnan        g_wm.l(retnan.o)
    0x0000f79e   0x0000f79e   0x0000007e   Code   RO         1242    x$fpl$trapveneer    g_wm.l(trapv.o)
    0x0000f81c   0x0000f81c   0x00000000   Code   RO         1244    x$fpl$usenofp       g_wm.l(usenofp.o)
    0x0000f81c   0x0000f81c   0x00000003   Data   RO          672    .constdata          libam_hal.lib(am_hal_cachectrl.o)
    0x0000f81f   0x0000f81f   0x00000001   PAD
    0x0000f820   0x0000f820   0x00000162   Data   RO          796    .constdata          libam_hal.lib(am_hal_gpio.o)
    0x0000f982   0x0000f982   0x00000002   PAD
    0x0000f984   0x0000f984   0x00000080   Data   RO          836    .constdata          libam_hal.lib(am_hal_mcuctrl.o)
    0x0000fa04   0x0000fa04   0x00000004   Data   RO          924    .constdata          libam_bsp.lib(am_bsp_pins.o)
    0x0000fa08   0x0000fa08   0x00000800   Data   RO          957    .constdata          arm_cortexM4lf_math.lib(arm_common_tables.o)
    0x00010208   0x00010208   0x00008000   Data   RO          966    .constdata          arm_cortexM4lf_math.lib(arm_common_tables.o)
    0x00018208   0x00018208   0x0000021c   Data   RO         1074    .constdata          libam_hal.lib(am_hal_pwrctrl.o)
    0x00018424   0x00018424   0x00000020   Data   RO         1409    Region$$Table       anon$$obj.o


    Execution Region SRAM (Exec base: 0x10000000, Load base: 0x00018444, Size: 0x000159f8, Max: 0x00060000, ABSOLUTE)

    Exec Addr    Load Addr    Size         Type   Attr      Idx    E Section Name        Object

    0x10000000   0x00018444   0x0000002c   Data   RW           12    .data               pdm_fft.o
    0x1000002c   0x00018470   0x00000008   Data   RW          426    .data               am_util_stdio.o
    0x10000034   0x00018478   0x00000004   Data   RW          493    .data               libam_hal.lib(am_hal_global.o)
    0x10000038   0x0001847c   0x00000048   Data   RW          519    .data               libam_bsp.lib(am_bsp.o)
    0x10000080   0x000184c4   0x00000004   Data   RW          887    .data               libam_hal.lib(am_hal_sysctrl.o)
    0x10000084   0x000184c8   0x00000004   Data   RW         1093    .data               libam_hal.lib(am_hal_reset.o)
    0x10000088        -       0x00014000   Zero   RW           10    .bss                pdm_fft.o
    0x10014088        -       0x00000100   Zero   RW          425    .bss                am_util_stdio.o
    0x10014188        -       0x00000400   Zero   RW          516    .bss                libam_bsp.lib(am_bsp.o)
    0x10014588        -       0x00000400   Zero   RW          517    .bss                libam_bsp.lib(am_bsp.o)
    0x10014988        -       0x0000000c   Zero   RW          860    .bss                libam_hal.lib(am_hal_pdm.o)
    0x10014994        -       0x00000060   Zero   RW         1283    .bss                c_w.l(libspace.o)
    0x100149f4   0x000184cc   0x00000004   PAD
    0x100149f8        -       0x00000000   Zero   RW          479    HEAP                startup_keil.o
    0x100149f8        -       0x00001000   Zero   RW          478    STACK               startup_keil.o


==============================================================================

Image component sizes


      Code (inc. data)   RO Data    RW Data    ZI Data      Debug   Object Name

        32          0          0          0          0        691   am_util_delay.o
      1242        784          0          0          0       2264   am_util_faultisr.o
      2472         58          0          8        256      11700   am_util_stdio.o
       992        326          0         44      81920     503585   pdm_fft.o
       336        276          0          0       4096       1288   startup_keil.o

    ----------------------------------------------------------------------
      5080       1444         32         52      86272     519528   Object Totals
         0          0         32          0          0          0   (incl. Generated)
         6          0          0          0          0          0   (incl. Padding)

    ----------------------------------------------------------------------

      Code (inc. data)   RO Data    RW Data    ZI Data      Debug   Library Member Name

       470          0          0          0          0       3046   arm_bitreversal.o
      1696          0          0          0          0      18824   arm_cfft_radix4_f32.o
       192         46          0          0          0        947   arm_cfft_radix4_init_f32.o
       252          6          0          0          0      17652   arm_cmplx_mag_f32.o
         0          0      34816          0          0       4704   arm_common_tables.o
       216          0          0          0          0       1742   arm_max_f32.o
         8          0          0          0          0         68   __main.o
         0          0          0          0          0          0   __rtentry.o
        12          0          0          0          0          0   __rtentry2.o
         6          0          0          0          0          0   __rtentry4.o
        52          8          0          0          0          0   __scatter.o
        26          0          0          0          0          0   __scatter_copy.o
        28          0          0          0          0          0   __scatter_zi.o
        48          4          0          0          0         84   _fptrap.o
        10          0          0          0          0         68   defsig_exit.o
       172        110          0          0          0         76   defsig_fpe_inner.o
        14          0          0          0          0         80   defsig_fpe_outer.o
        50          0          0          0          0         88   defsig_general.o
        18          0          0          0          0         80   exit.o
         6          0          0          0          0        152   heapauxi.o
         0          0          0          0          0          0   indicate_semi.o
         2          0          0          0          0          0   libinit.o
         6          0          0          0          0          0   libinit2.o
         2          0          0          0          0          0   libshutdown.o
         2          0          0          0          0          0   libshutdown2.o
         8          4          0          0         96         68   libspace.o
         2          0          0          0          0          0   rtexit.o
        10          0          0          0          0          0   rtexit2.o
        12          4          0          0          0         68   sys_exit.o
        74          0          0          0          0         80   sys_stackheap_outer.o
        14          0          0          0          0         76   sys_wrch.o
         2          0          0          0          0         68   use_no_semi.o
       708         16          0          0          0        140   d2f_clz.o
        26          0          0          0          0        116   dflt_clz.o
       258          4          0          0          0        156   dnaninf.o
       112          0          0          0          0        160   drenorm_clz.o
        12          0          0          0          0        116   dretinf.o
       378          0          0          0          0        168   dunder_clz.o
       492         36          0          0          0        148   except.o
       122          8          0          0          0        132   f2d.o
       242          4          0          0          0        144   fnaninf.o
        10          0          0          0          0        116   fpinit.o
        10          0          0          0          0        116   fretinf.o
       316          0          0          0          0        132   funder_clz.o
       178          0          0          0          0        116   retnan.o
       126          0          0          0          0        148   trapv.o
         0          0          0          0          0          0   usenofp.o
        60         16          0         72       2048        128   am_bsp.o
         0          0          4          0          0          0   am_bsp_pins.o
        96         12          3          0          0        244   am_hal_cachectrl.o
       236         30          0          0          0        232   am_hal_clkgen.o
        36          6          0          0          0        116   am_hal_flash.o
         0          0          0          4          0          0   am_hal_global.o
       640         52        354          0          0        180   am_hal_gpio.o
        22          0          0          0          0        148   am_hal_interrupt.o
       120         28          0          0          0        232   am_hal_itm.o
       312         34        128          0          0        116   am_hal_mcuctrl.o
       936         86          0          0         12       1192   am_hal_pdm.o
       160         18        540          0          0        264   am_hal_pwrctrl.o
         0          0          0          4          0          0   am_hal_reset.o
       108         26          0          4          0        132   am_hal_sysctrl.o
       144         22          0          0          0        140   am_hal_tpiu.o

    ----------------------------------------------------------------------
      9284        580      35848         84       2160      53003   Library Totals
        14          0          3          0          4          0   (incl. Padding)

    ----------------------------------------------------------------------

      Code (inc. data)   RO Data    RW Data    ZI Data      Debug   Library Name

      2826         52      34816          0          0      46915   arm_cortexM4lf_math.lib
       584        130          0          0         96       1056   c_w.l
      2990         68          0          0          0       1908   g_wm.l
        60         16          4         72       2048        128   libam_bsp.lib
      2810        314       1025         12         12       2996   libam_hal.lib

    ----------------------------------------------------------------------
      9284        580      35848         84       2160      53003   Library Totals

    ----------------------------------------------------------------------

==============================================================================


      Code (inc. data)   RO Data    RW Data    ZI Data      Debug   

     14364       2024      35880        136      88432     566963   Grand Totals
     14364       2024      35880        136      88432     566963   ELF Image Totals
     14364       2024      35880        136          0          0   ROM Totals

==============================================================================

    Total RO  Size (Code + RO Data)                50244 (  49.07kB)
    Total RW  Size (RW Data + ZI Data)             88568 (  86.49kB)
    Total ROM Size (Code + RO Data + RW Data)      50380 (  49.20kB)

==============================================================================

