Archive member included because of file (symbol)

c:/diasemi/smartsnippetsstudio/gcc/4_9-2015q3/bin/../lib/gcc/arm-none-eabi/4.9.3/armv7e-m/fpu\libgcc.a(_arm_addsubdf3.o)
                              bin/pdm_fft.o (__aeabi_i2d)
c:/diasemi/smartsnippetsstudio/gcc/4_9-2015q3/bin/../lib/gcc/arm-none-eabi/4.9.3/armv7e-m/fpu\libgcc.a(_arm_truncdfsf2.o)
                              bin/pdm_fft.o (__aeabi_d2f)
../../../../../mcu/apollo3/hal/gcc/bin/libam_hal.a(am_hal_cachectrl.o)
                              bin/pdm_fft.o (am_hal_cachectrl_config)
../../../../../mcu/apollo3/hal/gcc/bin/libam_hal.a(am_hal_clkgen.o)
                              bin/pdm_fft.o (am_hal_clkgen_control)
../../../../../mcu/apollo3/hal/gcc/bin/libam_hal.a(am_hal_flash.o)
                              bin/am_util_delay.o (am_hal_flash_delay)
../../../../../mcu/apollo3/hal/gcc/bin/libam_hal.a(am_hal_gpio.o)
                              bin/pdm_fft.o (am_hal_gpio_pinconfig)
../../../../../mcu/apollo3/hal/gcc/bin/libam_hal.a(am_hal_interrupt.o)
                              bin/pdm_fft.o (am_hal_interrupt_master_enable)
../../../../../mcu/apollo3/hal/gcc/bin/libam_hal.a(am_hal_mcuctrl.o)
                              bin/am_util_faultisr.o (am_hal_mcuctrl_info_get)
../../../../../mcu/apollo3/hal/gcc/bin/libam_hal.a(am_hal_pdm.o)
                              bin/pdm_fft.o (am_hal_pdm_initialize)
../../../../../mcu/apollo3/hal/gcc/bin/libam_hal.a(am_hal_pwrctrl.o)
                              ../../../../../mcu/apollo3/hal/gcc/bin/libam_hal.a(am_hal_pdm.o) (am_hal_pwrctrl_periph_enable)
../../../../../mcu/apollo3/hal/gcc/bin/libam_hal.a(am_hal_reset.o)
                              ../../../../../mcu/apollo3/hal/gcc/bin/libam_hal.a(am_hal_clkgen.o) (gAmHalResetStatus)
../../../../../mcu/apollo3/hal/gcc/bin/libam_hal.a(am_hal_sysctrl.o)
                              bin/pdm_fft.o (am_hal_sysctrl_sleep)
../../../../../CMSIS/ARM/Lib/ARM/libarm_cortexM4lf_math.a(arm_max_f32.o)
                              bin/pdm_fft.o (arm_max_f32)
../../../../../CMSIS/ARM/Lib/ARM/libarm_cortexM4lf_math.a(arm_cfft_radix4_init_f32.o)
                              bin/pdm_fft.o (arm_cfft_radix4_init_f32)
../../../../../CMSIS/ARM/Lib/ARM/libarm_cortexM4lf_math.a(arm_cfft_radix4_f32.o)
                              bin/pdm_fft.o (arm_cfft_radix4_f32)
../../../../../CMSIS/ARM/Lib/ARM/libarm_cortexM4lf_math.a(arm_cmplx_mag_f32.o)
                              bin/pdm_fft.o (arm_cmplx_mag_f32)
../../../../../CMSIS/ARM/Lib/ARM/libarm_cortexM4lf_math.a(arm_common_tables.o)
                              ../../../../../CMSIS/ARM/Lib/ARM/libarm_cortexM4lf_math.a(arm_cfft_radix4_init_f32.o) (twiddleCoef_4096)
../../../../../CMSIS/ARM/Lib/ARM/libarm_cortexM4lf_math.a(arm_bitreversal.o)
                              ../../../../../CMSIS/ARM/Lib/ARM/libarm_cortexM4lf_math.a(arm_cfft_radix4_f32.o) (arm_bitreversal_f32)
../../../bsp/gcc/bin/libam_bsp.a(am_bsp.o)
                              bin/pdm_fft.o (am_bsp_itm_printf_enable)
../../../bsp/gcc/bin/libam_bsp.a(am_bsp_pins.o)
                              ../../../bsp/gcc/bin/libam_bsp.a(am_bsp.o) (g_AM_BSP_GPIO_ITM_SWO)
c:/diasemi/smartsnippetsstudio/gcc/4_9-2015q3/bin/../lib/gcc/arm-none-eabi/4.9.3/../../../../arm-none-eabi/lib/armv7e-m/fpu\libm.a(lib_a-wf_sqrt.o)
                              ../../../../../CMSIS/ARM/Lib/ARM/libarm_cortexM4lf_math.a(arm_cmplx_mag_f32.o) (sqrtf)
c:/diasemi/smartsnippetsstudio/gcc/4_9-2015q3/bin/../lib/gcc/arm-none-eabi/4.9.3/../../../../arm-none-eabi/lib/armv7e-m/fpu\libm.a(lib_a-ef_sqrt.o)
                              c:/diasemi/smartsnippetsstudio/gcc/4_9-2015q3/bin/../lib/gcc/arm-none-eabi/4.9.3/../../../../arm-none-eabi/lib/armv7e-m/fpu\libm.a(lib_a-wf_sqrt.o) (__ieee754_sqrtf)
c:/diasemi/smartsnippetsstudio/gcc/4_9-2015q3/bin/../lib/gcc/arm-none-eabi/4.9.3/../../../../arm-none-eabi/lib/armv7e-m/fpu\libm.a(lib_a-s_lib_ver.o)
                              c:/diasemi/smartsnippetsstudio/gcc/4_9-2015q3/bin/../lib/gcc/arm-none-eabi/4.9.3/../../../../arm-none-eabi/lib/armv7e-m/fpu\libm.a(lib_a-wf_sqrt.o) (__fdlib_version)
c:/diasemi/smartsnippetsstudio/gcc/4_9-2015q3/bin/../lib/gcc/arm-none-eabi/4.9.3/../../../../arm-none-eabi/lib/armv7e-m/fpu\libm.a(lib_a-s_matherr.o)
                              c:/diasemi/smartsnippetsstudio/gcc/4_9-2015q3/bin/../lib/gcc/arm-none-eabi/4.9.3/../../../../arm-none-eabi/lib/armv7e-m/fpu\libm.a(lib_a-wf_sqrt.o) (matherr)
c:/diasemi/smartsnippetsstudio/gcc/4_9-2015q3/bin/../lib/gcc/arm-none-eabi/4.9.3/../../../../arm-none-eabi/lib/armv7e-m/fpu\libm.a(lib_a-sf_fpclassify.o)
                              c:/diasemi/smartsnippetsstudio/gcc/4_9-2015q3/bin/../lib/gcc/arm-none-eabi/4.9.3/../../../../arm-none-eabi/lib/armv7e-m/fpu\libm.a(lib_a-wf_sqrt.o) (__fpclassifyf)
c:/diasemi/smartsnippetsstudio/gcc/4_9-2015q3/bin/../lib/gcc/arm-none-eabi/4.9.3/../../../../arm-none-eabi/lib/armv7e-m/fpu\libc.a(lib_a-errno.o)
                              c:/diasemi/smartsnippetsstudio/gcc/4_9-2015q3/bin/../lib/gcc/arm-none-eabi/4.9.3/../../../../arm-none-eabi/lib/armv7e-m/fpu\libm.a(lib_a-wf_sqrt.o) (__errno)
c:/diasemi/smartsnippetsstudio/gcc/4_9-2015q3/bin/../lib/gcc/arm-none-eabi/4.9.3/../../../../arm-none-eabi/lib/armv7e-m/fpu\libc.a(lib_a-impure.o)
                              c:/diasemi/smartsnippetsstudio/gcc/4_9-2015q3/bin/../lib/gcc/arm-none-eabi/4.9.3/../../../../arm-none-eabi/lib/armv7e-m/fpu\libc.a(lib_a-errno.o) (_impure_ptr)
c:/diasemi/smartsnippetsstudio/gcc/4_9-2015q3/bin/../lib/gcc/arm-none-eabi/4.9.3/armv7e-m/fpu\libgcc.a(_arm_muldivdf3.o)
                              c:/diasemi/smartsnippetsstudio/gcc/4_9-2015q3/bin/../lib/gcc/arm-none-eabi/4.9.3/../../../../arm-none-eabi/lib/armv7e-m/fpu\libm.a(lib_a-wf_sqrt.o) (__aeabi_ddiv)
../../../../../mcu/apollo3/hal/gcc/bin/libam_hal.a(am_hal_itm.o)
                              ../../../bsp/gcc/bin/libam_bsp.a(am_bsp.o) (am_hal_itm_enable)
../../../../../mcu/apollo3/hal/gcc/bin/libam_hal.a(am_hal_rtc.o)
                              ../../../bsp/gcc/bin/libam_bsp.a(am_bsp.o) (am_hal_rtc_osc_select)
../../../../../mcu/apollo3/hal/gcc/bin/libam_hal.a(am_hal_tpiu.o)
                              ../../../bsp/gcc/bin/libam_bsp.a(am_bsp.o) (am_hal_tpiu_enable)
../../../../../mcu/apollo3/hal/gcc/bin/libam_hal.a(am_hal_uart.o)
                              ../../../bsp/gcc/bin/libam_bsp.a(am_bsp.o) (am_hal_uart_initialize)
../../../../../mcu/apollo3/hal/gcc/bin/libam_hal.a(am_hal_queue.o)
                              ../../../../../mcu/apollo3/hal/gcc/bin/libam_hal.a(am_hal_uart.o) (am_hal_queue_init)

Allocating common symbols
Common symbol       size              file

g_fPDMFrequencyDomain
                    0x8000            bin/pdm_fft.o
am_bsp_uart_pwrsave
                    0x18              ../../../bsp/gcc/bin/libam_bsp.a(am_bsp.o)
g_pfnCharPrint      0x4               bin/am_util_stdio.o
g_ui32SampleFreq    0x4               bin/pdm_fft.o
g_am_hal_pdm_states
                    0xc               ../../../../../mcu/apollo3/hal/gcc/bin/libam_hal.a(am_hal_pdm.o)
g_fPDMTimeDomain    0x8000            bin/pdm_fft.o
g_ui32PDMDataBuffer
                    0x4000            bin/pdm_fft.o
PDMHandle           0x4               bin/pdm_fft.o
g_fPDMMagnitudes    0x8000            bin/pdm_fft.o
g_am_hal_uart_states
                    0xc8              ../../../../../mcu/apollo3/hal/gcc/bin/libam_hal.a(am_hal_uart.o)

Discarded input sections

 .text          0x00000000        0x0 bin/pdm_fft.o
 .data          0x00000000        0x0 bin/pdm_fft.o
 .bss           0x00000000        0x0 bin/pdm_fft.o
 .text.pcm_fft_print
                0x00000000       0x84 bin/pdm_fft.o
 .text          0x00000000        0x0 bin/am_util_delay.o
 .data          0x00000000        0x0 bin/am_util_delay.o
 .bss           0x00000000        0x0 bin/am_util_delay.o
 .text.am_util_delay_cycles
                0x00000000        0x4 bin/am_util_delay.o
 .text.am_util_delay_us
                0x00000000       0x28 bin/am_util_delay.o
 .text          0x00000000        0x0 bin/am_util_faultisr.o
 .data          0x00000000        0x0 bin/am_util_faultisr.o
 .bss           0x00000000        0x0 bin/am_util_faultisr.o
 .text          0x00000000        0x0 bin/am_util_stdio.o
 .data          0x00000000        0x0 bin/am_util_stdio.o
 .bss           0x00000000        0x0 bin/am_util_stdio.o
 .text.am_util_stdio_strtoul
                0x00000000       0x94 bin/am_util_stdio.o
 .text.am_util_stdio_textmode_set
                0x00000000       0x10 bin/am_util_stdio.o
 .text.am_util_stdio_sprintf
                0x00000000       0x1c bin/am_util_stdio.o
 .text          0x00000000        0x0 bin/startup_gcc.o
 .data          0x00000000        0x0 bin/startup_gcc.o
 .bss           0x00000000        0x0 bin/startup_gcc.o
 .text.HardFault_Handler
                0x00000000        0x4 bin/startup_gcc.o
 .data          0x00000000        0x0 c:/diasemi/smartsnippetsstudio/gcc/4_9-2015q3/bin/../lib/gcc/arm-none-eabi/4.9.3/armv7e-m/fpu\libgcc.a(_arm_addsubdf3.o)
 .bss           0x00000000        0x0 c:/diasemi/smartsnippetsstudio/gcc/4_9-2015q3/bin/../lib/gcc/arm-none-eabi/4.9.3/armv7e-m/fpu\libgcc.a(_arm_addsubdf3.o)
 .data          0x00000000        0x0 c:/diasemi/smartsnippetsstudio/gcc/4_9-2015q3/bin/../lib/gcc/arm-none-eabi/4.9.3/armv7e-m/fpu\libgcc.a(_arm_truncdfsf2.o)
 .bss           0x00000000        0x0 c:/diasemi/smartsnippetsstudio/gcc/4_9-2015q3/bin/../lib/gcc/arm-none-eabi/4.9.3/armv7e-m/fpu\libgcc.a(_arm_truncdfsf2.o)
 .text          0x00000000        0x0 ../../../../../mcu/apollo3/hal/gcc/bin/libam_hal.a(am_hal_cachectrl.o)
 .data          0x00000000        0x0 ../../../../../mcu/apollo3/hal/gcc/bin/libam_hal.a(am_hal_cachectrl.o)
 .bss           0x00000000        0x0 ../../../../../mcu/apollo3/hal/gcc/bin/libam_hal.a(am_hal_cachectrl.o)
 .text.am_hal_cachectrl_disable
                0x00000000       0x30 ../../../../../mcu/apollo3/hal/gcc/bin/libam_hal.a(am_hal_cachectrl.o)
 .text.am_hal_cachectrl_control
                0x00000000      0x118 ../../../../../mcu/apollo3/hal/gcc/bin/libam_hal.a(am_hal_cachectrl.o)
 .text.am_hal_cachectrl_status_get
                0x00000000       0x24 ../../../../../mcu/apollo3/hal/gcc/bin/libam_hal.a(am_hal_cachectrl.o)
 .text          0x00000000        0x0 ../../../../../mcu/apollo3/hal/gcc/bin/libam_hal.a(am_hal_clkgen.o)
 .data          0x00000000        0x0 ../../../../../mcu/apollo3/hal/gcc/bin/libam_hal.a(am_hal_clkgen.o)
 .bss           0x00000000        0x0 ../../../../../mcu/apollo3/hal/gcc/bin/libam_hal.a(am_hal_clkgen.o)
 .text.am_hal_clkgen_clkout_enable
                0x00000000       0x48 ../../../../../mcu/apollo3/hal/gcc/bin/libam_hal.a(am_hal_clkgen.o)
 .text.am_hal_clkgen_interrupt_enable
                0x00000000       0x1c ../../../../../mcu/apollo3/hal/gcc/bin/libam_hal.a(am_hal_clkgen.o)
 .text.am_hal_clkgen_interrupt_disable
                0x00000000       0x20 ../../../../../mcu/apollo3/hal/gcc/bin/libam_hal.a(am_hal_clkgen.o)
 .text.am_hal_clkgen_interrupt_clear
                0x00000000       0x18 ../../../../../mcu/apollo3/hal/gcc/bin/libam_hal.a(am_hal_clkgen.o)
 .text.am_hal_clkgen_interrupt_status_get
                0x00000000       0x1c ../../../../../mcu/apollo3/hal/gcc/bin/libam_hal.a(am_hal_clkgen.o)
 .text.am_hal_clkgen_interrupt_set
                0x00000000       0x18 ../../../../../mcu/apollo3/hal/gcc/bin/libam_hal.a(am_hal_clkgen.o)
 .text          0x00000000        0x0 ../../../../../mcu/apollo3/hal/gcc/bin/libam_hal.a(am_hal_flash.o)
 .data          0x00000000        0x0 ../../../../../mcu/apollo3/hal/gcc/bin/libam_hal.a(am_hal_flash.o)
 .bss           0x00000000        0x0 ../../../../../mcu/apollo3/hal/gcc/bin/libam_hal.a(am_hal_flash.o)
 .text.am_hal_flash_mass_erase
                0x00000000        0x8 ../../../../../mcu/apollo3/hal/gcc/bin/libam_hal.a(am_hal_flash.o)
 .text.am_hal_flash_page_erase
                0x00000000        0x8 ../../../../../mcu/apollo3/hal/gcc/bin/libam_hal.a(am_hal_flash.o)
 .text.am_hal_flash_program_main
                0x00000000       0x5c ../../../../../mcu/apollo3/hal/gcc/bin/libam_hal.a(am_hal_flash.o)
 .text.am_hal_flash_clear_bits
                0x00000000       0x24 ../../../../../mcu/apollo3/hal/gcc/bin/libam_hal.a(am_hal_flash.o)
 .text.am_hal_flash_reprogram_ui32
                0x00000000       0x2c ../../../../../mcu/apollo3/hal/gcc/bin/libam_hal.a(am_hal_flash.o)
 .text.am_hal_flash_program_info
                0x00000000       0x60 ../../../../../mcu/apollo3/hal/gcc/bin/libam_hal.a(am_hal_flash.o)
 .text.am_hal_flash_reprogram_info_ui32
                0x00000000       0x38 ../../../../../mcu/apollo3/hal/gcc/bin/libam_hal.a(am_hal_flash.o)
 .text.am_hal_flash_erase_info
                0x00000000        0x8 ../../../../../mcu/apollo3/hal/gcc/bin/libam_hal.a(am_hal_flash.o)
 .text.am_hal_flash_erase_main_plus_info
                0x00000000        0x8 ../../../../../mcu/apollo3/hal/gcc/bin/libam_hal.a(am_hal_flash.o)
 .text.am_hal_flash_erase_main_plus_info_both_instances
                0x00000000        0x8 ../../../../../mcu/apollo3/hal/gcc/bin/libam_hal.a(am_hal_flash.o)
 .text.am_hal_flash_recovery
                0x00000000        0x8 ../../../../../mcu/apollo3/hal/gcc/bin/libam_hal.a(am_hal_flash.o)
 .text.am_hal_flash_delay_status_change
                0x00000000       0x4c ../../../../../mcu/apollo3/hal/gcc/bin/libam_hal.a(am_hal_flash.o)
 .text.am_hal_flash_delay_status_check
                0x00000000       0x74 ../../../../../mcu/apollo3/hal/gcc/bin/libam_hal.a(am_hal_flash.o)
 .text.am_hal_flash_customer_info_signature_check
                0x00000000       0x54 ../../../../../mcu/apollo3/hal/gcc/bin/libam_hal.a(am_hal_flash.o)
 .text.am_hal_flash_info_signature_set
                0x00000000       0xac ../../../../../mcu/apollo3/hal/gcc/bin/libam_hal.a(am_hal_flash.o)
 .text.am_hal_flash_info_erase_disable
                0x00000000       0xc4 ../../../../../mcu/apollo3/hal/gcc/bin/libam_hal.a(am_hal_flash.o)
 .text.am_hal_flash_info_erase_disable_check
                0x00000000       0x64 ../../../../../mcu/apollo3/hal/gcc/bin/libam_hal.a(am_hal_flash.o)
 .text.am_hal_flash_info_program_disable
                0x00000000       0xd0 ../../../../../mcu/apollo3/hal/gcc/bin/libam_hal.a(am_hal_flash.o)
 .text.am_hal_flash_info_program_disable_get
                0x00000000       0x64 ../../../../../mcu/apollo3/hal/gcc/bin/libam_hal.a(am_hal_flash.o)
 .text.am_hal_flash_wipe_flash_enable
                0x00000000       0xc4 ../../../../../mcu/apollo3/hal/gcc/bin/libam_hal.a(am_hal_flash.o)
 .text.am_hal_flash_wipe_flash_enable_check
                0x00000000       0x64 ../../../../../mcu/apollo3/hal/gcc/bin/libam_hal.a(am_hal_flash.o)
 .text.am_hal_flash_wipe_sram_enable
                0x00000000       0xc4 ../../../../../mcu/apollo3/hal/gcc/bin/libam_hal.a(am_hal_flash.o)
 .text.am_hal_flash_wipe_sram_enable_check
                0x00000000       0x64 ../../../../../mcu/apollo3/hal/gcc/bin/libam_hal.a(am_hal_flash.o)
 .text.am_hal_flash_swo_disable
                0x00000000       0xc4 ../../../../../mcu/apollo3/hal/gcc/bin/libam_hal.a(am_hal_flash.o)
 .text.am_hal_flash_swo_disable_check
                0x00000000       0x64 ../../../../../mcu/apollo3/hal/gcc/bin/libam_hal.a(am_hal_flash.o)
 .text.am_hal_flash_debugger_disable
                0x00000000       0xc4 ../../../../../mcu/apollo3/hal/gcc/bin/libam_hal.a(am_hal_flash.o)
 .text.am_hal_flash_debugger_disable_check
                0x00000000       0x64 ../../../../../mcu/apollo3/hal/gcc/bin/libam_hal.a(am_hal_flash.o)
 .text.am_hal_flash_copy_protect_set
                0x00000000      0x118 ../../../../../mcu/apollo3/hal/gcc/bin/libam_hal.a(am_hal_flash.o)
 .text.am_hal_flash_copy_protect_check
                0x00000000       0x9c ../../../../../mcu/apollo3/hal/gcc/bin/libam_hal.a(am_hal_flash.o)
 .text.am_hal_flash_write_protect_set
                0x00000000      0x118 ../../../../../mcu/apollo3/hal/gcc/bin/libam_hal.a(am_hal_flash.o)
 .text.am_hal_flash_write_protect_check
                0x00000000       0x9c ../../../../../mcu/apollo3/hal/gcc/bin/libam_hal.a(am_hal_flash.o)
 .text.am_hal_flash_load_ui32
                0x00000000        0x8 ../../../../../mcu/apollo3/hal/gcc/bin/libam_hal.a(am_hal_flash.o)
 .text.am_hal_flash_store_ui32
                0x00000000        0xc ../../../../../mcu/apollo3/hal/gcc/bin/libam_hal.a(am_hal_flash.o)
 .rodata.ui32SramMaxAddr
                0x00000000        0x4 ../../../../../mcu/apollo3/hal/gcc/bin/libam_hal.a(am_hal_flash.o)
 .data.SRAM_write_ui32
                0x00000000        0xc ../../../../../mcu/apollo3/hal/gcc/bin/libam_hal.a(am_hal_flash.o)
 .rodata.g_am_hal_flash
                0x00000000       0x60 ../../../../../mcu/apollo3/hal/gcc/bin/libam_hal.a(am_hal_flash.o)
 .text          0x00000000        0x0 ../../../../../mcu/apollo3/hal/gcc/bin/libam_hal.a(am_hal_gpio.o)
 .data          0x00000000        0x0 ../../../../../mcu/apollo3/hal/gcc/bin/libam_hal.a(am_hal_gpio.o)
 .bss           0x00000000        0x0 ../../../../../mcu/apollo3/hal/gcc/bin/libam_hal.a(am_hal_gpio.o)
 .text.am_hal_gpio_fast_pinconfig
                0x00000000      0x3a4 ../../../../../mcu/apollo3/hal/gcc/bin/libam_hal.a(am_hal_gpio.o)
 .text.am_hal_gpio_state_read
                0x00000000       0x64 ../../../../../mcu/apollo3/hal/gcc/bin/libam_hal.a(am_hal_gpio.o)
 .text.am_hal_gpio_state_write
                0x00000000       0x88 ../../../../../mcu/apollo3/hal/gcc/bin/libam_hal.a(am_hal_gpio.o)
 .text.am_hal_gpio_interrupt_enable
                0x00000000       0x48 ../../../../../mcu/apollo3/hal/gcc/bin/libam_hal.a(am_hal_gpio.o)
 .text.am_hal_gpio_interrupt_disable
                0x00000000       0x4c ../../../../../mcu/apollo3/hal/gcc/bin/libam_hal.a(am_hal_gpio.o)
 .text.am_hal_gpio_interrupt_clear
                0x00000000       0x3c ../../../../../mcu/apollo3/hal/gcc/bin/libam_hal.a(am_hal_gpio.o)
 .text.am_hal_gpio_interrupt_status_get
                0x00000000       0x5c ../../../../../mcu/apollo3/hal/gcc/bin/libam_hal.a(am_hal_gpio.o)
 .text.am_hal_gpio_interrupt_register
                0x00000000       0x20 ../../../../../mcu/apollo3/hal/gcc/bin/libam_hal.a(am_hal_gpio.o)
 .text.am_hal_gpio_interrupt_service
                0x00000000       0x98 ../../../../../mcu/apollo3/hal/gcc/bin/libam_hal.a(am_hal_gpio.o)
 .rodata.g_AM_HAL_GPIO_INPUT_PULLUP_6
                0x00000000        0x4 ../../../../../mcu/apollo3/hal/gcc/bin/libam_hal.a(am_hal_gpio.o)
 .rodata.g_AM_HAL_GPIO_TRISTATE
                0x00000000        0x4 ../../../../../mcu/apollo3/hal/gcc/bin/libam_hal.a(am_hal_gpio.o)
 .rodata.g_AM_HAL_GPIO_OUTPUT_8
                0x00000000        0x4 ../../../../../mcu/apollo3/hal/gcc/bin/libam_hal.a(am_hal_gpio.o)
 .rodata.g_AM_HAL_GPIO_INPUT_PULLUP
                0x00000000        0x4 ../../../../../mcu/apollo3/hal/gcc/bin/libam_hal.a(am_hal_gpio.o)
 .rodata.g_AM_HAL_GPIO_INPUT
                0x00000000        0x4 ../../../../../mcu/apollo3/hal/gcc/bin/libam_hal.a(am_hal_gpio.o)
 .rodata.g_AM_HAL_GPIO_INPUT_PULLUP_1_5
                0x00000000        0x4 ../../../../../mcu/apollo3/hal/gcc/bin/libam_hal.a(am_hal_gpio.o)
 .rodata.g_AM_HAL_GPIO_INPUT_PULLUP_24
                0x00000000        0x4 ../../../../../mcu/apollo3/hal/gcc/bin/libam_hal.a(am_hal_gpio.o)
 .rodata.g_AM_HAL_GPIO_OUTPUT_WITH_READ
                0x00000000        0x4 ../../../../../mcu/apollo3/hal/gcc/bin/libam_hal.a(am_hal_gpio.o)
 .rodata.g_AM_HAL_GPIO_OUTPUT_4
                0x00000000        0x4 ../../../../../mcu/apollo3/hal/gcc/bin/libam_hal.a(am_hal_gpio.o)
 .bss.gpio_ppfnHandlers
                0x00000000       0xc8 ../../../../../mcu/apollo3/hal/gcc/bin/libam_hal.a(am_hal_gpio.o)
 .rodata.g_AM_HAL_GPIO_INPUT_PULLUP_12
                0x00000000        0x4 ../../../../../mcu/apollo3/hal/gcc/bin/libam_hal.a(am_hal_gpio.o)
 .rodata.g_AM_HAL_GPIO_OUTPUT
                0x00000000        0x4 ../../../../../mcu/apollo3/hal/gcc/bin/libam_hal.a(am_hal_gpio.o)
 .rodata.g_AM_HAL_GPIO_OUTPUT_12
                0x00000000        0x4 ../../../../../mcu/apollo3/hal/gcc/bin/libam_hal.a(am_hal_gpio.o)
 .text          0x00000000        0x0 ../../../../../mcu/apollo3/hal/gcc/bin/libam_hal.a(am_hal_interrupt.o)
 .data          0x00000000        0x0 ../../../../../mcu/apollo3/hal/gcc/bin/libam_hal.a(am_hal_interrupt.o)
 .bss           0x00000000        0x0 ../../../../../mcu/apollo3/hal/gcc/bin/libam_hal.a(am_hal_interrupt.o)
 .text          0x00000000        0x0 ../../../../../mcu/apollo3/hal/gcc/bin/libam_hal.a(am_hal_mcuctrl.o)
 .data          0x00000000        0x0 ../../../../../mcu/apollo3/hal/gcc/bin/libam_hal.a(am_hal_mcuctrl.o)
 .bss           0x00000000        0x0 ../../../../../mcu/apollo3/hal/gcc/bin/libam_hal.a(am_hal_mcuctrl.o)
 .text.am_hal_mcuctrl_control
                0x00000000       0xdc ../../../../../mcu/apollo3/hal/gcc/bin/libam_hal.a(am_hal_mcuctrl.o)
 .text.am_hal_mcuctrl_status_get
                0x00000000       0x48 ../../../../../mcu/apollo3/hal/gcc/bin/libam_hal.a(am_hal_mcuctrl.o)
 .text          0x00000000        0x0 ../../../../../mcu/apollo3/hal/gcc/bin/libam_hal.a(am_hal_pdm.o)
 .data          0x00000000        0x0 ../../../../../mcu/apollo3/hal/gcc/bin/libam_hal.a(am_hal_pdm.o)
 .bss           0x00000000        0x0 ../../../../../mcu/apollo3/hal/gcc/bin/libam_hal.a(am_hal_pdm.o)
 .text.am_hal_pdm_deinitialize
                0x00000000       0x30 ../../../../../mcu/apollo3/hal/gcc/bin/libam_hal.a(am_hal_pdm.o)
 .text.am_hal_pdm_i2s_enable
                0x00000000       0x28 ../../../../../mcu/apollo3/hal/gcc/bin/libam_hal.a(am_hal_pdm.o)
 .text.am_hal_pdm_i2s_disable
                0x00000000       0x28 ../../../../../mcu/apollo3/hal/gcc/bin/libam_hal.a(am_hal_pdm.o)
 .text.am_hal_pdm_interrupt_disable
                0x00000000       0x2c ../../../../../mcu/apollo3/hal/gcc/bin/libam_hal.a(am_hal_pdm.o)
 .text          0x00000000        0x0 ../../../../../mcu/apollo3/hal/gcc/bin/libam_hal.a(am_hal_pwrctrl.o)
 .data          0x00000000        0x0 ../../../../../mcu/apollo3/hal/gcc/bin/libam_hal.a(am_hal_pwrctrl.o)
 .bss           0x00000000        0x0 ../../../../../mcu/apollo3/hal/gcc/bin/libam_hal.a(am_hal_pwrctrl.o)
 .text.am_hal_pwrctrl_periph_enabled
                0x00000000       0x58 ../../../../../mcu/apollo3/hal/gcc/bin/libam_hal.a(am_hal_pwrctrl.o)
 .text.am_hal_pwrctrl_memory_enable
                0x00000000       0x90 ../../../../../mcu/apollo3/hal/gcc/bin/libam_hal.a(am_hal_pwrctrl.o)
 .text.am_hal_pwrctrl_low_power_init
                0x00000000       0x94 ../../../../../mcu/apollo3/hal/gcc/bin/libam_hal.a(am_hal_pwrctrl.o)
 .rodata.am_hal_pwrctrl_memory_control
                0x00000000      0x168 ../../../../../mcu/apollo3/hal/gcc/bin/libam_hal.a(am_hal_pwrctrl.o)
 .text          0x00000000        0x0 ../../../../../mcu/apollo3/hal/gcc/bin/libam_hal.a(am_hal_reset.o)
 .data          0x00000000        0x0 ../../../../../mcu/apollo3/hal/gcc/bin/libam_hal.a(am_hal_reset.o)
 .bss           0x00000000        0x0 ../../../../../mcu/apollo3/hal/gcc/bin/libam_hal.a(am_hal_reset.o)
 .text.am_hal_reset_configure
                0x00000000       0x54 ../../../../../mcu/apollo3/hal/gcc/bin/libam_hal.a(am_hal_reset.o)
 .text.am_hal_reset_control
                0x00000000       0x40 ../../../../../mcu/apollo3/hal/gcc/bin/libam_hal.a(am_hal_reset.o)
 .text.am_hal_reset_status_get
                0x00000000       0x70 ../../../../../mcu/apollo3/hal/gcc/bin/libam_hal.a(am_hal_reset.o)
 .text.am_hal_reset_interrupt_enable
                0x00000000       0x28 ../../../../../mcu/apollo3/hal/gcc/bin/libam_hal.a(am_hal_reset.o)
 .text.am_hal_reset_interrupt_disable
                0x00000000       0x28 ../../../../../mcu/apollo3/hal/gcc/bin/libam_hal.a(am_hal_reset.o)
 .text.am_hal_reset_interrupt_clear
                0x00000000        0xc ../../../../../mcu/apollo3/hal/gcc/bin/libam_hal.a(am_hal_reset.o)
 .text.am_hal_reset_interrupt_status_get
                0x00000000       0x14 ../../../../../mcu/apollo3/hal/gcc/bin/libam_hal.a(am_hal_reset.o)
 .text          0x00000000        0x0 ../../../../../mcu/apollo3/hal/gcc/bin/libam_hal.a(am_hal_sysctrl.o)
 .data          0x00000000        0x0 ../../../../../mcu/apollo3/hal/gcc/bin/libam_hal.a(am_hal_sysctrl.o)
 .bss           0x00000000        0x0 ../../../../../mcu/apollo3/hal/gcc/bin/libam_hal.a(am_hal_sysctrl.o)
 .text.am_hal_sysctrl_fpu_enable
                0x00000000       0x10 ../../../../../mcu/apollo3/hal/gcc/bin/libam_hal.a(am_hal_sysctrl.o)
 .text.am_hal_sysctrl_fpu_disable
                0x00000000       0x10 ../../../../../mcu/apollo3/hal/gcc/bin/libam_hal.a(am_hal_sysctrl.o)
 .text.am_hal_sysctrl_fpu_stacking_enable
                0x00000000       0x34 ../../../../../mcu/apollo3/hal/gcc/bin/libam_hal.a(am_hal_sysctrl.o)
 .text.am_hal_sysctrl_fpu_stacking_disable
                0x00000000       0x24 ../../../../../mcu/apollo3/hal/gcc/bin/libam_hal.a(am_hal_sysctrl.o)
 .text.am_hal_sysctrl_aircr_reset
                0x00000000       0x24 ../../../../../mcu/apollo3/hal/gcc/bin/libam_hal.a(am_hal_sysctrl.o)
 .text          0x00000000        0x0 ../../../../../CMSIS/ARM/Lib/ARM/libarm_cortexM4lf_math.a(arm_max_f32.o)
 .data          0x00000000        0x0 ../../../../../CMSIS/ARM/Lib/ARM/libarm_cortexM4lf_math.a(arm_max_f32.o)
 .bss           0x00000000        0x0 ../../../../../CMSIS/ARM/Lib/ARM/libarm_cortexM4lf_math.a(arm_max_f32.o)
 .text          0x00000000        0x0 ../../../../../CMSIS/ARM/Lib/ARM/libarm_cortexM4lf_math.a(arm_cfft_radix4_init_f32.o)
 .data          0x00000000        0x0 ../../../../../CMSIS/ARM/Lib/ARM/libarm_cortexM4lf_math.a(arm_cfft_radix4_init_f32.o)
 .bss           0x00000000        0x0 ../../../../../CMSIS/ARM/Lib/ARM/libarm_cortexM4lf_math.a(arm_cfft_radix4_init_f32.o)
 .text          0x00000000        0x0 ../../../../../CMSIS/ARM/Lib/ARM/libarm_cortexM4lf_math.a(arm_cfft_radix4_f32.o)
 .data          0x00000000        0x0 ../../../../../CMSIS/ARM/Lib/ARM/libarm_cortexM4lf_math.a(arm_cfft_radix4_f32.o)
 .bss           0x00000000        0x0 ../../../../../CMSIS/ARM/Lib/ARM/libarm_cortexM4lf_math.a(arm_cfft_radix4_f32.o)
 .text          0x00000000        0x0 ../../../../../CMSIS/ARM/Lib/ARM/libarm_cortexM4lf_math.a(arm_cmplx_mag_f32.o)
 .data          0x00000000        0x0 ../../../../../CMSIS/ARM/Lib/ARM/libarm_cortexM4lf_math.a(arm_cmplx_mag_f32.o)
 .bss           0x00000000        0x0 ../../../../../CMSIS/ARM/Lib/ARM/libarm_cortexM4lf_math.a(arm_cmplx_mag_f32.o)
 .text          0x00000000        0x0 ../../../../../CMSIS/ARM/Lib/ARM/libarm_cortexM4lf_math.a(arm_common_tables.o)
 .data          0x00000000        0x0 ../../../../../CMSIS/ARM/Lib/ARM/libarm_cortexM4lf_math.a(arm_common_tables.o)
 .bss           0x00000000        0x0 ../../../../../CMSIS/ARM/Lib/ARM/libarm_cortexM4lf_math.a(arm_common_tables.o)
 .rodata.armBitRevIndexTable_fixed_128
                0x00000000       0xe0 ../../../../../CMSIS/ARM/Lib/ARM/libarm_cortexM4lf_math.a(arm_common_tables.o)
 .rodata.twiddleCoef_2048
                0x00000000     0x4000 ../../../../../CMSIS/ARM/Lib/ARM/libarm_cortexM4lf_math.a(arm_common_tables.o)
 .rodata.armBitRevIndexTable_fixed_2048
                0x00000000      0xf80 ../../../../../CMSIS/ARM/Lib/ARM/libarm_cortexM4lf_math.a(arm_common_tables.o)
 .rodata.twiddleCoef_32_q31
                0x00000000       0xc0 ../../../../../CMSIS/ARM/Lib/ARM/libarm_cortexM4lf_math.a(arm_common_tables.o)
 .rodata.armBitRevIndexTable_fixed_4096
                0x00000000     0x1f80 ../../../../../CMSIS/ARM/Lib/ARM/libarm_cortexM4lf_math.a(arm_common_tables.o)
 .rodata.twiddleCoef_rfft_64
                0x00000000      0x100 ../../../../../CMSIS/ARM/Lib/ARM/libarm_cortexM4lf_math.a(arm_common_tables.o)
 .rodata.armBitRevIndexTable64
                0x00000000       0x70 ../../../../../CMSIS/ARM/Lib/ARM/libarm_cortexM4lf_math.a(arm_common_tables.o)
 .rodata.twiddleCoef_rfft_2048
                0x00000000     0x2000 ../../../../../CMSIS/ARM/Lib/ARM/libarm_cortexM4lf_math.a(arm_common_tables.o)
 .rodata.armBitRevIndexTable_fixed_1024
                0x00000000      0x7c0 ../../../../../CMSIS/ARM/Lib/ARM/libarm_cortexM4lf_math.a(arm_common_tables.o)
 .rodata.twiddleCoef_rfft_4096
                0x00000000     0x4000 ../../../../../CMSIS/ARM/Lib/ARM/libarm_cortexM4lf_math.a(arm_common_tables.o)
 .rodata.twiddleCoef_256
                0x00000000      0x800 ../../../../../CMSIS/ARM/Lib/ARM/libarm_cortexM4lf_math.a(arm_common_tables.o)
 .rodata.twiddleCoef_1024_q15
                0x00000000      0xc00 ../../../../../CMSIS/ARM/Lib/ARM/libarm_cortexM4lf_math.a(arm_common_tables.o)
 .rodata.twiddleCoef_1024_q31
                0x00000000     0x1800 ../../../../../CMSIS/ARM/Lib/ARM/libarm_cortexM4lf_math.a(arm_common_tables.o)
 .rodata.twiddleCoef_32_q15
                0x00000000       0x60 ../../../../../CMSIS/ARM/Lib/ARM/libarm_cortexM4lf_math.a(arm_common_tables.o)
 .rodata.twiddleCoef_16
                0x00000000       0x80 ../../../../../CMSIS/ARM/Lib/ARM/libarm_cortexM4lf_math.a(arm_common_tables.o)
 .rodata.twiddleCoef_4096_q15
                0x00000000     0x3000 ../../../../../CMSIS/ARM/Lib/ARM/libarm_cortexM4lf_math.a(arm_common_tables.o)
 .rodata.twiddleCoef_4096_q31
                0x00000000     0x6000 ../../../../../CMSIS/ARM/Lib/ARM/libarm_cortexM4lf_math.a(arm_common_tables.o)
 .rodata.sinTable_q15
                0x00000000      0x402 ../../../../../CMSIS/ARM/Lib/ARM/libarm_cortexM4lf_math.a(arm_common_tables.o)
 .rodata.sinTable_q31
                0x00000000      0x804 ../../../../../CMSIS/ARM/Lib/ARM/libarm_cortexM4lf_math.a(arm_common_tables.o)
 .rodata.twiddleCoef_1024
                0x00000000     0x2000 ../../../../../CMSIS/ARM/Lib/ARM/libarm_cortexM4lf_math.a(arm_common_tables.o)
 .rodata.twiddleCoef_32
                0x00000000      0x100 ../../../../../CMSIS/ARM/Lib/ARM/libarm_cortexM4lf_math.a(arm_common_tables.o)
 .rodata.armBitRevIndexTable1024
                0x00000000      0xe10 ../../../../../CMSIS/ARM/Lib/ARM/libarm_cortexM4lf_math.a(arm_common_tables.o)
 .rodata.twiddleCoef_16_q15
                0x00000000       0x30 ../../../../../CMSIS/ARM/Lib/ARM/libarm_cortexM4lf_math.a(arm_common_tables.o)
 .rodata.twiddleCoef_16_q31
                0x00000000       0x60 ../../../../../CMSIS/ARM/Lib/ARM/libarm_cortexM4lf_math.a(arm_common_tables.o)
 .rodata.armBitRevIndexTable16
                0x00000000       0x28 ../../../../../CMSIS/ARM/Lib/ARM/libarm_cortexM4lf_math.a(arm_common_tables.o)
 .rodata.twiddleCoef_rfft_32
                0x00000000       0x80 ../../../../../CMSIS/ARM/Lib/ARM/libarm_cortexM4lf_math.a(arm_common_tables.o)
 .rodata.armBitRevIndexTable32
                0x00000000       0x60 ../../../../../CMSIS/ARM/Lib/ARM/libarm_cortexM4lf_math.a(arm_common_tables.o)
 .rodata.sinTable_f32
                0x00000000      0x804 ../../../../../CMSIS/ARM/Lib/ARM/libarm_cortexM4lf_math.a(arm_common_tables.o)
 .rodata.twiddleCoef_128
                0x00000000      0x400 ../../../../../CMSIS/ARM/Lib/ARM/libarm_cortexM4lf_math.a(arm_common_tables.o)
 .rodata.twiddleCoef_64_q15
                0x00000000       0xc0 ../../../../../CMSIS/ARM/Lib/ARM/libarm_cortexM4lf_math.a(arm_common_tables.o)
 .rodata.twiddleCoef_2048_q15
                0x00000000     0x1800 ../../../../../CMSIS/ARM/Lib/ARM/libarm_cortexM4lf_math.a(arm_common_tables.o)
 .rodata.twiddleCoef_64_q31
                0x00000000      0x180 ../../../../../CMSIS/ARM/Lib/ARM/libarm_cortexM4lf_math.a(arm_common_tables.o)
 .rodata.twiddleCoef_2048_q31
                0x00000000     0x3000 ../../../../../CMSIS/ARM/Lib/ARM/libarm_cortexM4lf_math.a(arm_common_tables.o)
 .rodata.twiddleCoef_256_q15
                0x00000000      0x300 ../../../../../CMSIS/ARM/Lib/ARM/libarm_cortexM4lf_math.a(arm_common_tables.o)
 .rodata.twiddleCoef_512_q15
                0x00000000      0x600 ../../../../../CMSIS/ARM/Lib/ARM/libarm_cortexM4lf_math.a(arm_common_tables.o)
 .rodata.twiddleCoef_256_q31
                0x00000000      0x600 ../../../../../CMSIS/ARM/Lib/ARM/libarm_cortexM4lf_math.a(arm_common_tables.o)
 .rodata.twiddleCoef_512
                0x00000000     0x1000 ../../../../../CMSIS/ARM/Lib/ARM/libarm_cortexM4lf_math.a(arm_common_tables.o)
 .rodata.twiddleCoef_512_q31
                0x00000000      0xc00 ../../../../../CMSIS/ARM/Lib/ARM/libarm_cortexM4lf_math.a(arm_common_tables.o)
 .rodata.armBitRevIndexTable2048
                0x00000000     0x1dc0 ../../../../../CMSIS/ARM/Lib/ARM/libarm_cortexM4lf_math.a(arm_common_tables.o)
 .rodata.armRecipTableQ15
                0x00000000       0x80 ../../../../../CMSIS/ARM/Lib/ARM/libarm_cortexM4lf_math.a(arm_common_tables.o)
 .rodata.twiddleCoef_64
                0x00000000      0x200 ../../../../../CMSIS/ARM/Lib/ARM/libarm_cortexM4lf_math.a(arm_common_tables.o)
 .rodata.armBitRevIndexTable4096
                0x00000000     0x1f80 ../../../../../CMSIS/ARM/Lib/ARM/libarm_cortexM4lf_math.a(arm_common_tables.o)
 .rodata.armRecipTableQ31
                0x00000000      0x100 ../../../../../CMSIS/ARM/Lib/ARM/libarm_cortexM4lf_math.a(arm_common_tables.o)
 .rodata.twiddleCoef_rfft_512
                0x00000000      0x800 ../../../../../CMSIS/ARM/Lib/ARM/libarm_cortexM4lf_math.a(arm_common_tables.o)
 .rodata.armBitRevIndexTable512
                0x00000000      0x380 ../../../../../CMSIS/ARM/Lib/ARM/libarm_cortexM4lf_math.a(arm_common_tables.o)
 .rodata.armBitRevIndexTable_fixed_512
                0x00000000      0x3c0 ../../../../../CMSIS/ARM/Lib/ARM/libarm_cortexM4lf_math.a(arm_common_tables.o)
 .rodata.armBitRevIndexTable_fixed_16
                0x00000000       0x18 ../../../../../CMSIS/ARM/Lib/ARM/libarm_cortexM4lf_math.a(arm_common_tables.o)
 .rodata.twiddleCoef_128_q15
                0x00000000      0x180 ../../../../../CMSIS/ARM/Lib/ARM/libarm_cortexM4lf_math.a(arm_common_tables.o)
 .rodata.twiddleCoef_rfft_1024
                0x00000000     0x1000 ../../../../../CMSIS/ARM/Lib/ARM/libarm_cortexM4lf_math.a(arm_common_tables.o)
 .rodata.twiddleCoef_rfft_256
                0x00000000      0x400 ../../../../../CMSIS/ARM/Lib/ARM/libarm_cortexM4lf_math.a(arm_common_tables.o)
 .rodata.armBitRevIndexTable256
                0x00000000      0x370 ../../../../../CMSIS/ARM/Lib/ARM/libarm_cortexM4lf_math.a(arm_common_tables.o)
 .rodata.armBitRevIndexTable_fixed_32
                0x00000000       0x30 ../../../../../CMSIS/ARM/Lib/ARM/libarm_cortexM4lf_math.a(arm_common_tables.o)
 .rodata.armBitRevIndexTable_fixed_256
                0x00000000      0x1e0 ../../../../../CMSIS/ARM/Lib/ARM/libarm_cortexM4lf_math.a(arm_common_tables.o)
 .rodata.armBitRevIndexTable_fixed_64
                0x00000000       0x70 ../../../../../CMSIS/ARM/Lib/ARM/libarm_cortexM4lf_math.a(arm_common_tables.o)
 .rodata.twiddleCoef_rfft_128
                0x00000000      0x200 ../../../../../CMSIS/ARM/Lib/ARM/libarm_cortexM4lf_math.a(arm_common_tables.o)
 .rodata.armBitRevIndexTable128
                0x00000000      0x1a0 ../../../../../CMSIS/ARM/Lib/ARM/libarm_cortexM4lf_math.a(arm_common_tables.o)
 .rodata.twiddleCoef_128_q31
                0x00000000      0x300 ../../../../../CMSIS/ARM/Lib/ARM/libarm_cortexM4lf_math.a(arm_common_tables.o)
 .text          0x00000000        0x0 ../../../../../CMSIS/ARM/Lib/ARM/libarm_cortexM4lf_math.a(arm_bitreversal.o)
 .data          0x00000000        0x0 ../../../../../CMSIS/ARM/Lib/ARM/libarm_cortexM4lf_math.a(arm_bitreversal.o)
 .bss           0x00000000        0x0 ../../../../../CMSIS/ARM/Lib/ARM/libarm_cortexM4lf_math.a(arm_bitreversal.o)
 .text.arm_bitreversal_q31
                0x00000000       0xa8 ../../../../../CMSIS/ARM/Lib/ARM/libarm_cortexM4lf_math.a(arm_bitreversal.o)
 .text.arm_bitreversal_q15
                0x00000000       0x64 ../../../../../CMSIS/ARM/Lib/ARM/libarm_cortexM4lf_math.a(arm_bitreversal.o)
 .text          0x00000000        0x0 ../../../bsp/gcc/bin/libam_bsp.a(am_bsp.o)
 .data          0x00000000        0x0 ../../../bsp/gcc/bin/libam_bsp.a(am_bsp.o)
 .bss           0x00000000        0x0 ../../../bsp/gcc/bin/libam_bsp.a(am_bsp.o)
 .text.am_bsp_uart_string_print
                0x00000000       0x48 ../../../bsp/gcc/bin/libam_bsp.a(am_bsp.o)
 .text.am_bsp_low_power_init
                0x00000000       0x64 ../../../bsp/gcc/bin/libam_bsp.a(am_bsp.o)
 .text.am_bsp_debug_printf_enable
                0x00000000       0xe8 ../../../bsp/gcc/bin/libam_bsp.a(am_bsp.o)
 .text.am_bsp_debug_printf_disable
                0x00000000       0x6c ../../../bsp/gcc/bin/libam_bsp.a(am_bsp.o)
 .text.am_bsp_itm_printf_disable
                0x00000000       0x20 ../../../bsp/gcc/bin/libam_bsp.a(am_bsp.o)
 .text.am_bsp_iom_pins_enable
                0x00000000       0x64 ../../../bsp/gcc/bin/libam_bsp.a(am_bsp.o)
 .text.am_bsp_iom_pins_disable
                0x00000000       0x50 ../../../bsp/gcc/bin/libam_bsp.a(am_bsp.o)
 .text.am_bsp_mspi_pins_enable
                0x00000000       0x80 ../../../bsp/gcc/bin/libam_bsp.a(am_bsp.o)
 .text.am_bsp_mspi_pins_disable
                0x00000000       0x64 ../../../bsp/gcc/bin/libam_bsp.a(am_bsp.o)
 .text.am_bsp_com_uart_transfer
                0x00000000       0x10 ../../../bsp/gcc/bin/libam_bsp.a(am_bsp.o)
 .text.am_bsp_uart_printf_enable
                0x00000000       0x5c ../../../bsp/gcc/bin/libam_bsp.a(am_bsp.o)
 .text.am_bsp_uart_printf_disable
                0x00000000       0x40 ../../../bsp/gcc/bin/libam_bsp.a(am_bsp.o)
 .text.am_bsp_buffered_uart_printf_enable
                0x00000000       0x64 ../../../bsp/gcc/bin/libam_bsp.a(am_bsp.o)
 .text.am_bsp_buffered_uart_service
                0x00000000       0x2c ../../../bsp/gcc/bin/libam_bsp.a(am_bsp.o)
 .data.am_bsp_psButtons
                0x00000000       0x10 ../../../bsp/gcc/bin/libam_bsp.a(am_bsp.o)
 .rodata.g_sBspUartConfig
                0x00000000       0x28 ../../../bsp/gcc/bin/libam_bsp.a(am_bsp.o)
 .data.am_bsp_psLEDs
                0x00000000       0x18 ../../../bsp/gcc/bin/libam_bsp.a(am_bsp.o)
 .data.g_sBspUartBufferedConfig
                0x00000000       0x28 ../../../bsp/gcc/bin/libam_bsp.a(am_bsp.o)
 .bss.g_sCOMUART
                0x00000000        0x4 ../../../bsp/gcc/bin/libam_bsp.a(am_bsp.o)
 .bss.pui8UartRxBuffer
                0x00000000      0x400 ../../../bsp/gcc/bin/libam_bsp.a(am_bsp.o)
 .bss.pui8UartTxBuffer
                0x00000000      0x400 ../../../bsp/gcc/bin/libam_bsp.a(am_bsp.o)
 COMMON         0x00000000       0x18 ../../../bsp/gcc/bin/libam_bsp.a(am_bsp.o)
 .text          0x00000000        0x0 ../../../bsp/gcc/bin/libam_bsp.a(am_bsp_pins.o)
 .data          0x00000000        0x0 ../../../bsp/gcc/bin/libam_bsp.a(am_bsp_pins.o)
 .bss           0x00000000        0x0 ../../../bsp/gcc/bin/libam_bsp.a(am_bsp_pins.o)
 .rodata.g_AM_BSP_GPIO_CLICKBEETLE_MOSI
                0x00000000        0x4 ../../../bsp/gcc/bin/libam_bsp.a(am_bsp_pins.o)
 .rodata.g_AM_BSP_GPIO_CLICKBEETLE_TX
                0x00000000        0x4 ../../../bsp/gcc/bin/libam_bsp.a(am_bsp_pins.o)
 .rodata.g_AM_BSP_GPIO_CLICKBEETLE_CS2
                0x00000000        0x4 ../../../bsp/gcc/bin/libam_bsp.a(am_bsp_pins.o)
 .rodata.g_AM_BSP_GPIO_CLICKBEETLE_D1GREEN
                0x00000000        0x4 ../../../bsp/gcc/bin/libam_bsp.a(am_bsp_pins.o)
 .rodata.g_AM_BSP_GPIO_CLICKBEETLE_TX1
                0x00000000        0x4 ../../../bsp/gcc/bin/libam_bsp.a(am_bsp_pins.o)
 .rodata.g_AM_BSP_GPIO_CLICKBEETLE_D1BLUE
                0x00000000        0x4 ../../../bsp/gcc/bin/libam_bsp.a(am_bsp_pins.o)
 .rodata.g_AM_BSP_GPIO_CLICKBEETLE_SW1
                0x00000000        0x4 ../../../bsp/gcc/bin/libam_bsp.a(am_bsp_pins.o)
 .rodata.g_AM_BSP_GPIO_MSPI_SCK
                0x00000000        0x4 ../../../bsp/gcc/bin/libam_bsp.a(am_bsp_pins.o)
 .rodata.g_AM_BSP_GPIO_CLICKBEETLE_SWDIO
                0x00000000        0x4 ../../../bsp/gcc/bin/libam_bsp.a(am_bsp_pins.o)
 .rodata.g_AM_BSP_GPIO_CLICKBEETLE_MISO
                0x00000000        0x4 ../../../bsp/gcc/bin/libam_bsp.a(am_bsp_pins.o)
 .rodata.g_AM_BSP_GPIO_CLICKBEETLE_SCL
                0x00000000        0x4 ../../../bsp/gcc/bin/libam_bsp.a(am_bsp_pins.o)
 .rodata.g_AM_BSP_GPIO_CLICKBEETLE_CS1
                0x00000000        0x4 ../../../bsp/gcc/bin/libam_bsp.a(am_bsp_pins.o)
 .rodata.g_AM_BSP_GPIO_MSPI_D2
                0x00000000        0x4 ../../../bsp/gcc/bin/libam_bsp.a(am_bsp_pins.o)
 .rodata.g_AM_BSP_GPIO_CLICKBEETLE_CS3
                0x00000000        0x4 ../../../bsp/gcc/bin/libam_bsp.a(am_bsp_pins.o)
 .rodata.g_AM_BSP_GPIO_MSPI_D3
                0x00000000        0x4 ../../../bsp/gcc/bin/libam_bsp.a(am_bsp_pins.o)
 .rodata.g_AM_BSP_GPIO_CLICKBEETLE_CS5
                0x00000000        0x4 ../../../bsp/gcc/bin/libam_bsp.a(am_bsp_pins.o)
 .rodata.g_AM_BSP_GPIO_MSPI_D0
                0x00000000        0x4 ../../../bsp/gcc/bin/libam_bsp.a(am_bsp_pins.o)
 .rodata.g_AM_BSP_GPIO_MSPI_D1
                0x00000000        0x4 ../../../bsp/gcc/bin/libam_bsp.a(am_bsp_pins.o)
 .rodata.g_AM_BSP_GPIO_CLICKBEETLE_RX
                0x00000000        0x4 ../../../bsp/gcc/bin/libam_bsp.a(am_bsp_pins.o)
 .rodata.g_AM_BSP_GPIO_MSPI_CE0
                0x00000000        0x4 ../../../bsp/gcc/bin/libam_bsp.a(am_bsp_pins.o)
 .rodata.g_AM_BSP_GPIO_CLICKBEETLE_SDA
                0x00000000        0x4 ../../../bsp/gcc/bin/libam_bsp.a(am_bsp_pins.o)
 .rodata.g_AM_BSP_GPIO_CLICKBEETLE_SWDCLK
                0x00000000        0x4 ../../../bsp/gcc/bin/libam_bsp.a(am_bsp_pins.o)
 .rodata.g_AM_BSP_GPIO_CLICKBEETLE_SCK
                0x00000000        0x4 ../../../bsp/gcc/bin/libam_bsp.a(am_bsp_pins.o)
 .rodata.g_AM_BSP_GPIO_CLICKBEETLE_CS4
                0x00000000        0x4 ../../../bsp/gcc/bin/libam_bsp.a(am_bsp_pins.o)
 .rodata.g_AM_BSP_GPIO_CLICKBEETLE_RX1
                0x00000000        0x4 ../../../bsp/gcc/bin/libam_bsp.a(am_bsp_pins.o)
 .rodata.g_AM_BSP_GPIO_CLICKBEETLE_D1RED
                0x00000000        0x4 ../../../bsp/gcc/bin/libam_bsp.a(am_bsp_pins.o)
 .text          0x00000000        0x0 c:/diasemi/smartsnippetsstudio/gcc/4_9-2015q3/bin/../lib/gcc/arm-none-eabi/4.9.3/../../../../arm-none-eabi/lib/armv7e-m/fpu\libm.a(lib_a-wf_sqrt.o)
 .data          0x00000000        0x0 c:/diasemi/smartsnippetsstudio/gcc/4_9-2015q3/bin/../lib/gcc/arm-none-eabi/4.9.3/../../../../arm-none-eabi/lib/armv7e-m/fpu\libm.a(lib_a-wf_sqrt.o)
 .bss           0x00000000        0x0 c:/diasemi/smartsnippetsstudio/gcc/4_9-2015q3/bin/../lib/gcc/arm-none-eabi/4.9.3/../../../../arm-none-eabi/lib/armv7e-m/fpu\libm.a(lib_a-wf_sqrt.o)
 .text          0x00000000        0x0 c:/diasemi/smartsnippetsstudio/gcc/4_9-2015q3/bin/../lib/gcc/arm-none-eabi/4.9.3/../../../../arm-none-eabi/lib/armv7e-m/fpu\libm.a(lib_a-ef_sqrt.o)
 .data          0x00000000        0x0 c:/diasemi/smartsnippetsstudio/gcc/4_9-2015q3/bin/../lib/gcc/arm-none-eabi/4.9.3/../../../../arm-none-eabi/lib/armv7e-m/fpu\libm.a(lib_a-ef_sqrt.o)
 .bss           0x00000000        0x0 c:/diasemi/smartsnippetsstudio/gcc/4_9-2015q3/bin/../lib/gcc/arm-none-eabi/4.9.3/../../../../arm-none-eabi/lib/armv7e-m/fpu\libm.a(lib_a-ef_sqrt.o)
 .text          0x00000000        0x0 c:/diasemi/smartsnippetsstudio/gcc/4_9-2015q3/bin/../lib/gcc/arm-none-eabi/4.9.3/../../../../arm-none-eabi/lib/armv7e-m/fpu\libm.a(lib_a-s_lib_ver.o)
 .data          0x00000000        0x0 c:/diasemi/smartsnippetsstudio/gcc/4_9-2015q3/bin/../lib/gcc/arm-none-eabi/4.9.3/../../../../arm-none-eabi/lib/armv7e-m/fpu\libm.a(lib_a-s_lib_ver.o)
 .bss           0x00000000        0x0 c:/diasemi/smartsnippetsstudio/gcc/4_9-2015q3/bin/../lib/gcc/arm-none-eabi/4.9.3/../../../../arm-none-eabi/lib/armv7e-m/fpu\libm.a(lib_a-s_lib_ver.o)
 .text          0x00000000        0x0 c:/diasemi/smartsnippetsstudio/gcc/4_9-2015q3/bin/../lib/gcc/arm-none-eabi/4.9.3/../../../../arm-none-eabi/lib/armv7e-m/fpu\libm.a(lib_a-s_matherr.o)
 .data          0x00000000        0x0 c:/diasemi/smartsnippetsstudio/gcc/4_9-2015q3/bin/../lib/gcc/arm-none-eabi/4.9.3/../../../../arm-none-eabi/lib/armv7e-m/fpu\libm.a(lib_a-s_matherr.o)
 .bss           0x00000000        0x0 c:/diasemi/smartsnippetsstudio/gcc/4_9-2015q3/bin/../lib/gcc/arm-none-eabi/4.9.3/../../../../arm-none-eabi/lib/armv7e-m/fpu\libm.a(lib_a-s_matherr.o)
 .text          0x00000000        0x0 c:/diasemi/smartsnippetsstudio/gcc/4_9-2015q3/bin/../lib/gcc/arm-none-eabi/4.9.3/../../../../arm-none-eabi/lib/armv7e-m/fpu\libm.a(lib_a-sf_fpclassify.o)
 .data          0x00000000        0x0 c:/diasemi/smartsnippetsstudio/gcc/4_9-2015q3/bin/../lib/gcc/arm-none-eabi/4.9.3/../../../../arm-none-eabi/lib/armv7e-m/fpu\libm.a(lib_a-sf_fpclassify.o)
 .bss           0x00000000        0x0 c:/diasemi/smartsnippetsstudio/gcc/4_9-2015q3/bin/../lib/gcc/arm-none-eabi/4.9.3/../../../../arm-none-eabi/lib/armv7e-m/fpu\libm.a(lib_a-sf_fpclassify.o)
 .text          0x00000000        0x0 c:/diasemi/smartsnippetsstudio/gcc/4_9-2015q3/bin/../lib/gcc/arm-none-eabi/4.9.3/../../../../arm-none-eabi/lib/armv7e-m/fpu\libc.a(lib_a-errno.o)
 .data          0x00000000        0x0 c:/diasemi/smartsnippetsstudio/gcc/4_9-2015q3/bin/../lib/gcc/arm-none-eabi/4.9.3/../../../../arm-none-eabi/lib/armv7e-m/fpu\libc.a(lib_a-errno.o)
 .bss           0x00000000        0x0 c:/diasemi/smartsnippetsstudio/gcc/4_9-2015q3/bin/../lib/gcc/arm-none-eabi/4.9.3/../../../../arm-none-eabi/lib/armv7e-m/fpu\libc.a(lib_a-errno.o)
 .text          0x00000000        0x0 c:/diasemi/smartsnippetsstudio/gcc/4_9-2015q3/bin/../lib/gcc/arm-none-eabi/4.9.3/../../../../arm-none-eabi/lib/armv7e-m/fpu\libc.a(lib_a-impure.o)
 .data          0x00000000        0x0 c:/diasemi/smartsnippetsstudio/gcc/4_9-2015q3/bin/../lib/gcc/arm-none-eabi/4.9.3/../../../../arm-none-eabi/lib/armv7e-m/fpu\libc.a(lib_a-impure.o)
 .bss           0x00000000        0x0 c:/diasemi/smartsnippetsstudio/gcc/4_9-2015q3/bin/../lib/gcc/arm-none-eabi/4.9.3/../../../../arm-none-eabi/lib/armv7e-m/fpu\libc.a(lib_a-impure.o)
 .rodata._global_impure_ptr
                0x00000000        0x4 c:/diasemi/smartsnippetsstudio/gcc/4_9-2015q3/bin/../lib/gcc/arm-none-eabi/4.9.3/../../../../arm-none-eabi/lib/armv7e-m/fpu\libc.a(lib_a-impure.o)
 .data          0x00000000        0x0 c:/diasemi/smartsnippetsstudio/gcc/4_9-2015q3/bin/../lib/gcc/arm-none-eabi/4.9.3/armv7e-m/fpu\libgcc.a(_arm_muldivdf3.o)
 .bss           0x00000000        0x0 c:/diasemi/smartsnippetsstudio/gcc/4_9-2015q3/bin/../lib/gcc/arm-none-eabi/4.9.3/armv7e-m/fpu\libgcc.a(_arm_muldivdf3.o)
 .text          0x00000000        0x0 ../../../../../mcu/apollo3/hal/gcc/bin/libam_hal.a(am_hal_itm.o)
 .data          0x00000000        0x0 ../../../../../mcu/apollo3/hal/gcc/bin/libam_hal.a(am_hal_itm.o)
 .bss           0x00000000        0x0 ../../../../../mcu/apollo3/hal/gcc/bin/libam_hal.a(am_hal_itm.o)
 .text.am_hal_itm_disable
                0x00000000       0xac ../../../../../mcu/apollo3/hal/gcc/bin/libam_hal.a(am_hal_itm.o)
 .text.am_hal_itm_not_busy
                0x00000000       0x14 ../../../../../mcu/apollo3/hal/gcc/bin/libam_hal.a(am_hal_itm.o)
 .text.am_hal_itm_trace_port_enable
                0x00000000       0x18 ../../../../../mcu/apollo3/hal/gcc/bin/libam_hal.a(am_hal_itm.o)
 .text.am_hal_itm_trace_port_disable
                0x00000000       0x1c ../../../../../mcu/apollo3/hal/gcc/bin/libam_hal.a(am_hal_itm.o)
 .text.am_hal_itm_stimulus_not_busy
                0x00000000       0x10 ../../../../../mcu/apollo3/hal/gcc/bin/libam_hal.a(am_hal_itm.o)
 .text.am_hal_itm_stimulus_reg_word_write
                0x00000000       0x10 ../../../../../mcu/apollo3/hal/gcc/bin/libam_hal.a(am_hal_itm.o)
 .text.am_hal_itm_stimulus_reg_short_write
                0x00000000       0x10 ../../../../../mcu/apollo3/hal/gcc/bin/libam_hal.a(am_hal_itm.o)
 .text.am_hal_itm_stimulus_reg_byte_write
                0x00000000       0x10 ../../../../../mcu/apollo3/hal/gcc/bin/libam_hal.a(am_hal_itm.o)
 .text.am_hal_itm_sync_send
                0x00000000       0x18 ../../../../../mcu/apollo3/hal/gcc/bin/libam_hal.a(am_hal_itm.o)
 .text.am_hal_itm_print_not_busy
                0x00000000       0x10 ../../../../../mcu/apollo3/hal/gcc/bin/libam_hal.a(am_hal_itm.o)
 .text          0x00000000        0x0 ../../../../../mcu/apollo3/hal/gcc/bin/libam_hal.a(am_hal_rtc.o)
 .data          0x00000000        0x0 ../../../../../mcu/apollo3/hal/gcc/bin/libam_hal.a(am_hal_rtc.o)
 .bss           0x00000000        0x0 ../../../../../mcu/apollo3/hal/gcc/bin/libam_hal.a(am_hal_rtc.o)
 .text.am_hal_rtc_osc_select
                0x00000000       0x18 ../../../../../mcu/apollo3/hal/gcc/bin/libam_hal.a(am_hal_rtc.o)
 .text.am_hal_rtc_osc_enable
                0x00000000       0x14 ../../../../../mcu/apollo3/hal/gcc/bin/libam_hal.a(am_hal_rtc.o)
 .text.am_hal_rtc_osc_disable
                0x00000000       0x14 ../../../../../mcu/apollo3/hal/gcc/bin/libam_hal.a(am_hal_rtc.o)
 .text.am_hal_rtc_time_12hour
                0x00000000       0x14 ../../../../../mcu/apollo3/hal/gcc/bin/libam_hal.a(am_hal_rtc.o)
 .text.am_hal_rtc_int_enable
                0x00000000       0x14 ../../../../../mcu/apollo3/hal/gcc/bin/libam_hal.a(am_hal_rtc.o)
 .text.am_hal_rtc_int_enable_get
                0x00000000        0xc ../../../../../mcu/apollo3/hal/gcc/bin/libam_hal.a(am_hal_rtc.o)
 .text.am_hal_rtc_int_disable
                0x00000000       0x14 ../../../../../mcu/apollo3/hal/gcc/bin/libam_hal.a(am_hal_rtc.o)
 .text.am_hal_rtc_int_set
                0x00000000        0xc ../../../../../mcu/apollo3/hal/gcc/bin/libam_hal.a(am_hal_rtc.o)
 .text.am_hal_rtc_int_clear
                0x00000000        0xc ../../../../../mcu/apollo3/hal/gcc/bin/libam_hal.a(am_hal_rtc.o)
 .text.am_hal_rtc_int_status_get
                0x00000000       0x24 ../../../../../mcu/apollo3/hal/gcc/bin/libam_hal.a(am_hal_rtc.o)
 .text.am_hal_rtc_time_set
                0x00000000      0x114 ../../../../../mcu/apollo3/hal/gcc/bin/libam_hal.a(am_hal_rtc.o)
 .text.am_hal_rtc_time_get
                0x00000000       0xc8 ../../../../../mcu/apollo3/hal/gcc/bin/libam_hal.a(am_hal_rtc.o)
 .text.am_hal_rtc_alarm_interval_set
                0x00000000       0x40 ../../../../../mcu/apollo3/hal/gcc/bin/libam_hal.a(am_hal_rtc.o)
 .text.am_hal_rtc_alarm_set
                0x00000000       0xfc ../../../../../mcu/apollo3/hal/gcc/bin/libam_hal.a(am_hal_rtc.o)
 .text.am_hal_rtc_alarm_get
                0x00000000       0x9c ../../../../../mcu/apollo3/hal/gcc/bin/libam_hal.a(am_hal_rtc.o)
 .comment       0x00000000       0x6f ../../../../../mcu/apollo3/hal/gcc/bin/libam_hal.a(am_hal_rtc.o)
 .ARM.attributes
                0x00000000       0x39 ../../../../../mcu/apollo3/hal/gcc/bin/libam_hal.a(am_hal_rtc.o)
 .text          0x00000000        0x0 ../../../../../mcu/apollo3/hal/gcc/bin/libam_hal.a(am_hal_tpiu.o)
 .data          0x00000000        0x0 ../../../../../mcu/apollo3/hal/gcc/bin/libam_hal.a(am_hal_tpiu.o)
 .bss           0x00000000        0x0 ../../../../../mcu/apollo3/hal/gcc/bin/libam_hal.a(am_hal_tpiu.o)
 .text.am_hal_tpiu_clock_enable
                0x00000000       0x14 ../../../../../mcu/apollo3/hal/gcc/bin/libam_hal.a(am_hal_tpiu.o)
 .text.am_hal_tpiu_clock_disable
                0x00000000       0x14 ../../../../../mcu/apollo3/hal/gcc/bin/libam_hal.a(am_hal_tpiu.o)
 .text.am_hal_tpiu_port_width_set
                0x00000000       0x14 ../../../../../mcu/apollo3/hal/gcc/bin/libam_hal.a(am_hal_tpiu.o)
 .text.am_hal_tpiu_supported_port_width_get
                0x00000000       0x24 ../../../../../mcu/apollo3/hal/gcc/bin/libam_hal.a(am_hal_tpiu.o)
 .text.am_hal_tpiu_port_width_get
                0x00000000       0x24 ../../../../../mcu/apollo3/hal/gcc/bin/libam_hal.a(am_hal_tpiu.o)
 .text.am_hal_tpiu_configure
                0x00000000       0x38 ../../../../../mcu/apollo3/hal/gcc/bin/libam_hal.a(am_hal_tpiu.o)
 .text.am_hal_tpiu_disable
                0x00000000       0x10 ../../../../../mcu/apollo3/hal/gcc/bin/libam_hal.a(am_hal_tpiu.o)
 .text          0x00000000        0x0 ../../../../../mcu/apollo3/hal/gcc/bin/libam_hal.a(am_hal_uart.o)
 .data          0x00000000        0x0 ../../../../../mcu/apollo3/hal/gcc/bin/libam_hal.a(am_hal_uart.o)
 .bss           0x00000000        0x0 ../../../../../mcu/apollo3/hal/gcc/bin/libam_hal.a(am_hal_uart.o)
 .text.am_hal_uart_initialize
                0x00000000       0x50 ../../../../../mcu/apollo3/hal/gcc/bin/libam_hal.a(am_hal_uart.o)
 .text.am_hal_uart_deinitialize
                0x00000000       0x28 ../../../../../mcu/apollo3/hal/gcc/bin/libam_hal.a(am_hal_uart.o)
 .text.am_hal_uart_power_control
                0x00000000       0xe4 ../../../../../mcu/apollo3/hal/gcc/bin/libam_hal.a(am_hal_uart.o)
 .text.am_hal_uart_configure
                0x00000000      0x248 ../../../../../mcu/apollo3/hal/gcc/bin/libam_hal.a(am_hal_uart.o)
 .text.am_hal_uart_transfer
                0x00000000      0x474 ../../../../../mcu/apollo3/hal/gcc/bin/libam_hal.a(am_hal_uart.o)
 .text.am_hal_uart_tx_flush
                0x00000000       0x50 ../../../../../mcu/apollo3/hal/gcc/bin/libam_hal.a(am_hal_uart.o)
 .text.am_hal_uart_flags_get
                0x00000000       0x24 ../../../../../mcu/apollo3/hal/gcc/bin/libam_hal.a(am_hal_uart.o)
 .text.am_hal_uart_interrupt_service
                0x00000000      0x11c ../../../../../mcu/apollo3/hal/gcc/bin/libam_hal.a(am_hal_uart.o)
 .text.am_hal_uart_interrupt_enable
                0x00000000       0x28 ../../../../../mcu/apollo3/hal/gcc/bin/libam_hal.a(am_hal_uart.o)
 .text.am_hal_uart_interrupt_disable
                0x00000000       0x2c ../../../../../mcu/apollo3/hal/gcc/bin/libam_hal.a(am_hal_uart.o)
 .text.am_hal_uart_interrupt_clear
                0x00000000       0x24 ../../../../../mcu/apollo3/hal/gcc/bin/libam_hal.a(am_hal_uart.o)
 .text.am_hal_uart_interrupt_status_get
                0x00000000       0x38 ../../../../../mcu/apollo3/hal/gcc/bin/libam_hal.a(am_hal_uart.o)
 .comment       0x00000000       0x6f ../../../../../mcu/apollo3/hal/gcc/bin/libam_hal.a(am_hal_uart.o)
 .ARM.attributes
                0x00000000       0x39 ../../../../../mcu/apollo3/hal/gcc/bin/libam_hal.a(am_hal_uart.o)
 COMMON         0x00000000       0xc8 ../../../../../mcu/apollo3/hal/gcc/bin/libam_hal.a(am_hal_uart.o)
 .text          0x00000000        0x0 ../../../../../mcu/apollo3/hal/gcc/bin/libam_hal.a(am_hal_queue.o)
 .data          0x00000000        0x0 ../../../../../mcu/apollo3/hal/gcc/bin/libam_hal.a(am_hal_queue.o)
 .bss           0x00000000        0x0 ../../../../../mcu/apollo3/hal/gcc/bin/libam_hal.a(am_hal_queue.o)
 .text.am_hal_queue_init
                0x00000000       0x18 ../../../../../mcu/apollo3/hal/gcc/bin/libam_hal.a(am_hal_queue.o)
 .text.am_hal_queue_item_add
                0x00000000       0x70 ../../../../../mcu/apollo3/hal/gcc/bin/libam_hal.a(am_hal_queue.o)
 .text.am_hal_queue_item_get
                0x00000000       0x70 ../../../../../mcu/apollo3/hal/gcc/bin/libam_hal.a(am_hal_queue.o)
 .comment       0x00000000       0x6f ../../../../../mcu/apollo3/hal/gcc/bin/libam_hal.a(am_hal_queue.o)
 .ARM.attributes
                0x00000000       0x39 ../../../../../mcu/apollo3/hal/gcc/bin/libam_hal.a(am_hal_queue.o)

Memory Configuration

Name             Origin             Length             Attributes
FLASH            0x0000c000         0x000f0000         xr
SRAM             0x10000000         0x00060000         xrw
*default*        0x00000000         0xffffffff

Linker script and memory map


.text           0x0000c000     0xc358
                0x0000c000                . = ALIGN (0x4)
 *(.isr_vector)
 .isr_vector    0x0000c000       0xc0 bin/startup_gcc.o
                0x0000c000                g_am_pfnVectors
 *(.patch)
 .patch         0x0000c0c0       0x40 bin/startup_gcc.o
                0x0000c0c0                __Patchable
 *(.text)
 .text          0x0000c100      0x370 c:/diasemi/smartsnippetsstudio/gcc/4_9-2015q3/bin/../lib/gcc/arm-none-eabi/4.9.3/armv7e-m/fpu\libgcc.a(_arm_addsubdf3.o)
                0x0000c100                __aeabi_drsub
                0x0000c108                __aeabi_dsub
                0x0000c108                __subdf3
                0x0000c10c                __aeabi_dadd
                0x0000c10c                __adddf3
                0x0000c384                __floatunsidf
                0x0000c384                __aeabi_ui2d
                0x0000c3a4                __floatsidf
                0x0000c3a4                __aeabi_i2d
                0x0000c3c8                __aeabi_f2d
                0x0000c3c8                __extendsfdf2
                0x0000c404                __floatundidf
                0x0000c404                __aeabi_ul2d
                0x0000c414                __floatdidf
                0x0000c414                __aeabi_l2d
 .text          0x0000c470       0xa0 c:/diasemi/smartsnippetsstudio/gcc/4_9-2015q3/bin/../lib/gcc/arm-none-eabi/4.9.3/armv7e-m/fpu\libgcc.a(_arm_truncdfsf2.o)
                0x0000c470                __truncdfsf2
                0x0000c470                __aeabi_d2f
 .text          0x0000c510      0x424 c:/diasemi/smartsnippetsstudio/gcc/4_9-2015q3/bin/../lib/gcc/arm-none-eabi/4.9.3/armv7e-m/fpu\libgcc.a(_arm_muldivdf3.o)
                0x0000c510                __aeabi_dmul
                0x0000c510                __muldf3
                0x0000c764                __divdf3
                0x0000c764                __aeabi_ddiv
 *(.text*)
 .text.pdm_init
                0x0000c934       0x8c bin/pdm_fft.o
                0x0000c934                pdm_init
 .text.pdm_config_print
                0x0000c9c0       0xa8 bin/pdm_fft.o
                0x0000c9c0                pdm_config_print
 .text.pdm_data_get
                0x0000ca68       0x38 bin/pdm_fft.o
                0x0000ca68                pdm_data_get
 .text.am_pdm0_isr
                0x0000caa0       0x38 bin/pdm_fft.o
                0x0000caa0                am_pdm0_isr
 .text.startup.main
                0x0000cad8      0x128 bin/pdm_fft.o
                0x0000cad8                main
 .text.am_util_delay_ms
                0x0000cc00       0x28 bin/am_util_delay.o
                0x0000cc00                am_util_delay_ms
 .text.HardFault_Handler
                0x0000cc28       0x1c bin/am_util_faultisr.o
                0x0000cc28                HardFault_Handler
 .text.getStackedReg
                0x0000cc44        0x8 bin/am_util_faultisr.o
                0x0000cc44                getStackedReg
 .text.am_util_faultisr_collect_data
                0x0000cc4c      0x260 bin/am_util_faultisr.o
                0x0000cc4c                am_util_faultisr_collect_data
 .text.uint64_to_str
                0x0000ceac      0x15c bin/am_util_stdio.o
 .text.am_util_stdio_printf_init
                0x0000d008        0xc bin/am_util_stdio.o
                0x0000d008                am_util_stdio_printf_init
 .text.am_util_stdio_vsprintf
                0x0000d014      0xb18 bin/am_util_stdio.o
                0x0000d014                am_util_stdio_vsprintf
 .text.am_util_stdio_printf
                0x0000db2c       0x38 bin/am_util_stdio.o
                0x0000db2c                am_util_stdio_printf
 .text.am_util_stdio_terminal_clear
                0x0000db64        0xc bin/am_util_stdio.o
                0x0000db64                am_util_stdio_terminal_clear
 .text.NMI_Handler
                0x0000db70        0x4 bin/startup_gcc.o
                0x0000db70                NMI_Handler
 .text.am_default_isr
                0x0000db74        0x4 bin/startup_gcc.o
                0x0000db74                DebugMon_Handler
                0x0000db74                am_iomaster4_isr
                0x0000db74                SysTick_Handler
                0x0000db74                PendSV_Handler
                0x0000db74                am_rtc_isr
                0x0000db74                am_stimer_cmpr3_isr
                0x0000db74                am_adc_isr
                0x0000db74                am_iomaster3_isr
                0x0000db74                am_clkgen_isr
                0x0000db74                am_stimer_isr
                0x0000db74                am_software0_isr
                0x0000db74                am_stimer_cmpr5_isr
                0x0000db74                am_iomaster5_isr
                0x0000db74                am_uart_isr
                0x0000db74                am_ctimer_isr
                0x0000db74                am_ioslave_acc_isr
                0x0000db74                am_mspi0_isr
                0x0000db74                am_stimer_cmpr6_isr
                0x0000db74                am_iomaster1_isr
                0x0000db74                am_brownout_isr
                0x0000db74                am_vcomp_isr
                0x0000db74                am_stimer_cmpr1_isr
                0x0000db74                am_gpio_isr
                0x0000db74                am_iomaster2_isr
                0x0000db74                SVC_Handler
                0x0000db74                am_stimer_cmpr2_isr
                0x0000db74                am_ioslave_ios_isr
                0x0000db74                am_uart1_isr
                0x0000db74                am_stimer_cmpr7_isr
                0x0000db74                am_scard_isr
                0x0000db74                am_watchdog_isr
                0x0000db74                am_stimer_cmpr0_isr
                0x0000db74                am_iomaster0_isr
                0x0000db74                am_ble_isr
                0x0000db74                am_stimer_cmpr4_isr
                0x0000db74                am_default_isr
 .text.Reset_Handler
                0x0000db78       0x68 bin/startup_gcc.o
                0x0000db78                Reset_Handler
 .text.am_hal_cachectrl_config
                0x0000dbe0       0x4c ../../../../../mcu/apollo3/hal/gcc/bin/libam_hal.a(am_hal_cachectrl.o)
                0x0000dbe0                am_hal_cachectrl_config
 .text.am_hal_cachectrl_enable
                0x0000dc2c       0x14 ../../../../../mcu/apollo3/hal/gcc/bin/libam_hal.a(am_hal_cachectrl.o)
                0x0000dc2c                am_hal_cachectrl_enable
 .text.am_hal_clkgen_control
                0x0000dc40       0xd8 ../../../../../mcu/apollo3/hal/gcc/bin/libam_hal.a(am_hal_clkgen.o)
                0x0000dc40                am_hal_clkgen_control
 .text.am_hal_clkgen_status_get
                0x0000dd18       0x3c ../../../../../mcu/apollo3/hal/gcc/bin/libam_hal.a(am_hal_clkgen.o)
                0x0000dd18                am_hal_clkgen_status_get
 .text.am_hal_flash_delay
                0x0000dd54       0x20 ../../../../../mcu/apollo3/hal/gcc/bin/libam_hal.a(am_hal_flash.o)
                0x0000dd54                am_hal_flash_delay
 .text.am_hal_gpio_pinconfig
                0x0000dd74      0x284 ../../../../../mcu/apollo3/hal/gcc/bin/libam_hal.a(am_hal_gpio.o)
                0x0000dd74                am_hal_gpio_pinconfig
 .text.am_hal_interrupt_master_enable
                0x0000dff8        0x8 ../../../../../mcu/apollo3/hal/gcc/bin/libam_hal.a(am_hal_interrupt.o)
                0x0000dff8                am_hal_interrupt_master_enable
 .text.am_hal_interrupt_master_disable
                0x0000e000        0x8 ../../../../../mcu/apollo3/hal/gcc/bin/libam_hal.a(am_hal_interrupt.o)
                0x0000e000                am_hal_interrupt_master_disable
 .text.am_hal_interrupt_master_set
                0x0000e008        0x8 ../../../../../mcu/apollo3/hal/gcc/bin/libam_hal.a(am_hal_interrupt.o)
                0x0000e008                am_hal_interrupt_master_set
 .text.am_hal_mcuctrl_info_get
                0x0000e010      0x12c ../../../../../mcu/apollo3/hal/gcc/bin/libam_hal.a(am_hal_mcuctrl.o)
                0x0000e010                am_hal_mcuctrl_info_get
 .text.am_hal_pdm_initialize
                0x0000e13c       0x40 ../../../../../mcu/apollo3/hal/gcc/bin/libam_hal.a(am_hal_pdm.o)
                0x0000e13c                am_hal_pdm_initialize
 .text.am_hal_pdm_power_control
                0x0000e17c       0x7c ../../../../../mcu/apollo3/hal/gcc/bin/libam_hal.a(am_hal_pdm.o)
                0x0000e17c                am_hal_pdm_power_control
 .text.am_hal_pdm_configure
                0x0000e1f8      0x10c ../../../../../mcu/apollo3/hal/gcc/bin/libam_hal.a(am_hal_pdm.o)
                0x0000e1f8                am_hal_pdm_configure
 .text.am_hal_pdm_enable
                0x0000e304       0x30 ../../../../../mcu/apollo3/hal/gcc/bin/libam_hal.a(am_hal_pdm.o)
                0x0000e304                am_hal_pdm_enable
 .text.am_hal_pdm_disable
                0x0000e334       0x30 ../../../../../mcu/apollo3/hal/gcc/bin/libam_hal.a(am_hal_pdm.o)
                0x0000e334                am_hal_pdm_disable
 .text.am_hal_pdm_dma_start
                0x0000e364       0x90 ../../../../../mcu/apollo3/hal/gcc/bin/libam_hal.a(am_hal_pdm.o)
                0x0000e364                am_hal_pdm_dma_start
 .text.am_hal_pdm_fifo_flush
                0x0000e3f4       0x24 ../../../../../mcu/apollo3/hal/gcc/bin/libam_hal.a(am_hal_pdm.o)
                0x0000e3f4                am_hal_pdm_fifo_flush
 .text.am_hal_pdm_interrupt_enable
                0x0000e418       0x2c ../../../../../mcu/apollo3/hal/gcc/bin/libam_hal.a(am_hal_pdm.o)
                0x0000e418                am_hal_pdm_interrupt_enable
 .text.am_hal_pdm_interrupt_clear
                0x0000e444       0x24 ../../../../../mcu/apollo3/hal/gcc/bin/libam_hal.a(am_hal_pdm.o)
                0x0000e444                am_hal_pdm_interrupt_clear
 .text.am_hal_pdm_interrupt_status_get
                0x0000e468       0x3c ../../../../../mcu/apollo3/hal/gcc/bin/libam_hal.a(am_hal_pdm.o)
                0x0000e468                am_hal_pdm_interrupt_status_get
 .text.am_hal_pwrctrl_periph_enable
                0x0000e4a4       0x54 ../../../../../mcu/apollo3/hal/gcc/bin/libam_hal.a(am_hal_pwrctrl.o)
                0x0000e4a4                am_hal_pwrctrl_periph_enable
 .text.am_hal_pwrctrl_periph_disable
                0x0000e4f8       0x58 ../../../../../mcu/apollo3/hal/gcc/bin/libam_hal.a(am_hal_pwrctrl.o)
                0x0000e4f8                am_hal_pwrctrl_periph_disable
 .text.am_hal_sysctrl_sleep
                0x0000e550       0x70 ../../../../../mcu/apollo3/hal/gcc/bin/libam_hal.a(am_hal_sysctrl.o)
                0x0000e550                am_hal_sysctrl_sleep
 .text.arm_max_f32
                0x0000e5c0       0xd0 ../../../../../CMSIS/ARM/Lib/ARM/libarm_cortexM4lf_math.a(arm_max_f32.o)
                0x0000e5c0                arm_max_f32
 .text.arm_cfft_radix4_init_f32
                0x0000e690       0xc4 ../../../../../CMSIS/ARM/Lib/ARM/libarm_cortexM4lf_math.a(arm_cfft_radix4_init_f32.o)
                0x0000e690                arm_cfft_radix4_init_f32
 .text.arm_radix4_butterfly_f32
                0x0000e754      0x394 ../../../../../CMSIS/ARM/Lib/ARM/libarm_cortexM4lf_math.a(arm_cfft_radix4_f32.o)
                0x0000e754                arm_radix4_butterfly_f32
 .text.arm_radix4_butterfly_inverse_f32
                0x0000eae8      0x3b0 ../../../../../CMSIS/ARM/Lib/ARM/libarm_cortexM4lf_math.a(arm_cfft_radix4_f32.o)
                0x0000eae8                arm_radix4_butterfly_inverse_f32
 .text.arm_cfft_radix4_f32
                0x0000ee98       0x48 ../../../../../CMSIS/ARM/Lib/ARM/libarm_cortexM4lf_math.a(arm_cfft_radix4_f32.o)
                0x0000ee98                arm_cfft_radix4_f32
 .text.arm_cmplx_mag_f32
                0x0000eee0      0x1d0 ../../../../../CMSIS/ARM/Lib/ARM/libarm_cortexM4lf_math.a(arm_cmplx_mag_f32.o)
                0x0000eee0                arm_cmplx_mag_f32
 .text.arm_bitreversal_f32
                0x0000f0b0       0xe0 ../../../../../CMSIS/ARM/Lib/ARM/libarm_cortexM4lf_math.a(arm_bitreversal.o)
                0x0000f0b0                arm_bitreversal_f32
 .text.am_bsp_itm_printf_enable
                0x0000f190       0x40 ../../../bsp/gcc/bin/libam_bsp.a(am_bsp.o)
                0x0000f190                am_bsp_itm_printf_enable
 .text.sqrtf    0x0000f1d0       0xb8 c:/diasemi/smartsnippetsstudio/gcc/4_9-2015q3/bin/../lib/gcc/arm-none-eabi/4.9.3/../../../../arm-none-eabi/lib/armv7e-m/fpu\libm.a(lib_a-wf_sqrt.o)
                0x0000f1d0                sqrtf
 .text.__ieee754_sqrtf
                0x0000f288       0xa4 c:/diasemi/smartsnippetsstudio/gcc/4_9-2015q3/bin/../lib/gcc/arm-none-eabi/4.9.3/../../../../arm-none-eabi/lib/armv7e-m/fpu\libm.a(lib_a-ef_sqrt.o)
                0x0000f288                __ieee754_sqrtf
 .text.matherr  0x0000f32c        0x4 c:/diasemi/smartsnippetsstudio/gcc/4_9-2015q3/bin/../lib/gcc/arm-none-eabi/4.9.3/../../../../arm-none-eabi/lib/armv7e-m/fpu\libm.a(lib_a-s_matherr.o)
                0x0000f32c                matherr
 .text.__fpclassifyf
                0x0000f330       0x38 c:/diasemi/smartsnippetsstudio/gcc/4_9-2015q3/bin/../lib/gcc/arm-none-eabi/4.9.3/../../../../arm-none-eabi/lib/armv7e-m/fpu\libm.a(lib_a-sf_fpclassify.o)
                0x0000f330                __fpclassifyf
 .text.__errno  0x0000f368        0xc c:/diasemi/smartsnippetsstudio/gcc/4_9-2015q3/bin/../lib/gcc/arm-none-eabi/4.9.3/../../../../arm-none-eabi/lib/armv7e-m/fpu\libc.a(lib_a-errno.o)
                0x0000f368                __errno
 .text.am_hal_itm_enable
                0x0000f374       0x3c ../../../../../mcu/apollo3/hal/gcc/bin/libam_hal.a(am_hal_itm.o)
                0x0000f374                am_hal_itm_enable
 .text.am_hal_itm_print
                0x0000f3b0       0x30 ../../../../../mcu/apollo3/hal/gcc/bin/libam_hal.a(am_hal_itm.o)
                0x0000f3b0                am_hal_itm_print
 .text.am_hal_tpiu_enable
                0x0000f3e0       0xa0 ../../../../../mcu/apollo3/hal/gcc/bin/libam_hal.a(am_hal_tpiu.o)
                0x0000f3e0                am_hal_tpiu_enable
 *(.rodata)
 *(.rodata*)
 .rodata.str1.4
                0x0000f480       0xdf bin/pdm_fft.o
 *fill*         0x0000f55f        0x1 
 .rodata.CSWTCH.15
                0x0000f560       0x10 bin/pdm_fft.o
 .rodata.CSWTCH.16
                0x0000f570       0x1c bin/pdm_fft.o
 .rodata.str1.4
                0x0000f58c      0x306 bin/am_util_faultisr.o
 *fill*         0x0000f892        0x2 
 .rodata.str1.4
                0x0000f894       0x13 bin/am_util_stdio.o
 *fill*         0x0000f8a7        0x1 
 .rodata.am_hal_cachectrl_defaults
                0x0000f8a8        0x3 ../../../../../mcu/apollo3/hal/gcc/bin/libam_hal.a(am_hal_cachectrl.o)
                0x0000f8a8                am_hal_cachectrl_defaults
 *fill*         0x0000f8ab        0x1 
 .rodata.g_ui8Bit76Capabilities
                0x0000f8ac       0x32 ../../../../../mcu/apollo3/hal/gcc/bin/libam_hal.a(am_hal_gpio.o)
 *fill*         0x0000f8de        0x2 
 .rodata.g_ui8NCEtable
                0x0000f8e0       0xc8 ../../../../../mcu/apollo3/hal/gcc/bin/libam_hal.a(am_hal_gpio.o)
 .rodata.g_ui8Inpen
                0x0000f9a8       0x32 ../../../../../mcu/apollo3/hal/gcc/bin/libam_hal.a(am_hal_gpio.o)
 *fill*         0x0000f9da        0x2 
 .rodata.g_AM_HAL_GPIO_DISABLE
                0x0000f9dc        0x4 ../../../../../mcu/apollo3/hal/gcc/bin/libam_hal.a(am_hal_gpio.o)
                0x0000f9dc                g_AM_HAL_GPIO_DISABLE
 .rodata.g_ui8nCEpins
                0x0000f9e0       0x32 ../../../../../mcu/apollo3/hal/gcc/bin/libam_hal.a(am_hal_gpio.o)
 *fill*         0x0000fa12        0x2 
 .rodata.g_am_hal_mcuctrl_flash_size
                0x0000fa14       0x40 ../../../../../mcu/apollo3/hal/gcc/bin/libam_hal.a(am_hal_mcuctrl.o)
                0x0000fa14                g_am_hal_mcuctrl_flash_size
 .rodata.g_am_hal_mcuctrl_sram_size
                0x0000fa54       0x40 ../../../../../mcu/apollo3/hal/gcc/bin/libam_hal.a(am_hal_mcuctrl.o)
                0x0000fa54                g_am_hal_mcuctrl_sram_size
 .rodata.am_hal_pwrctrl_peripheral_control
                0x0000fa94       0xb4 ../../../../../mcu/apollo3/hal/gcc/bin/libam_hal.a(am_hal_pwrctrl.o)
                0x0000fa94                am_hal_pwrctrl_peripheral_control
 .rodata.armBitRevTable
                0x0000fb48      0x800 ../../../../../CMSIS/ARM/Lib/ARM/libarm_cortexM4lf_math.a(arm_common_tables.o)
                0x0000fb48                armBitRevTable
 .rodata.twiddleCoef_4096
                0x00010348     0x8000 ../../../../../CMSIS/ARM/Lib/ARM/libarm_cortexM4lf_math.a(arm_common_tables.o)
                0x00010348                twiddleCoef_4096
 .rodata.g_AM_BSP_GPIO_ITM_SWO
                0x00018348        0x4 ../../../bsp/gcc/bin/libam_bsp.a(am_bsp_pins.o)
                0x00018348                g_AM_BSP_GPIO_ITM_SWO
 .rodata.str1.4
                0x0001834c        0x6 c:/diasemi/smartsnippetsstudio/gcc/4_9-2015q3/bin/../lib/gcc/arm-none-eabi/4.9.3/../../../../arm-none-eabi/lib/armv7e-m/fpu\libm.a(lib_a-wf_sqrt.o)
 *fill*         0x00018352        0x2 
 .rodata.str1.4
                0x00018354        0x4 c:/diasemi/smartsnippetsstudio/gcc/4_9-2015q3/bin/../lib/gcc/arm-none-eabi/4.9.3/../../../../arm-none-eabi/lib/armv7e-m/fpu\libc.a(lib_a-impure.o)
                                  0x2 (size before relaxing)
                0x00018358                . = ALIGN (0x4)
                0x00018358                _etext = .

.glue_7         0x00018358        0x0
 .glue_7        0x00000000        0x0 linker stubs

.glue_7t        0x00018358        0x0
 .glue_7t       0x00000000        0x0 linker stubs

.vfp11_veneer   0x00018358        0x0
 .vfp11_veneer  0x00000000        0x0 linker stubs

.v4_bx          0x00018358        0x0
 .v4_bx         0x00000000        0x0 linker stubs

.iplt           0x00018358        0x0
 .iplt          0x00000000        0x0 bin/pdm_fft.o

.rel.dyn        0x00018358        0x0
 .rel.iplt      0x00000000        0x0 bin/pdm_fft.o

.stack          0x10000000     0x1000
                0x10000000                . = ALIGN (0x8)
 *(.stack)
 .stack         0x10000000     0x1000 bin/startup_gcc.o
 *(.stack*)
                0x10001000                . = ALIGN (0x8)

.data           0x10001000      0x454 load address 0x00018358
                0x10001000                . = ALIGN (0x4)
                0x10001000                _sdata = .
 *(.data)
 *(.data*)
 .data.g_sPdmConfig
                0x10001000       0x20 bin/pdm_fft.o
                0x10001000                g_sPdmConfig
 .data.__fdlib_version
                0x10001020        0x1 c:/diasemi/smartsnippetsstudio/gcc/4_9-2015q3/bin/../lib/gcc/arm-none-eabi/4.9.3/../../../../arm-none-eabi/lib/armv7e-m/fpu\libm.a(lib_a-s_lib_ver.o)
                0x10001020                __fdlib_version
 *fill*         0x10001021        0x7 
 .data.impure_data
                0x10001028      0x428 c:/diasemi/smartsnippetsstudio/gcc/4_9-2015q3/bin/../lib/gcc/arm-none-eabi/4.9.3/../../../../arm-none-eabi/lib/armv7e-m/fpu\libc.a(lib_a-impure.o)
 .data._impure_ptr
                0x10001450        0x4 c:/diasemi/smartsnippetsstudio/gcc/4_9-2015q3/bin/../lib/gcc/arm-none-eabi/4.9.3/../../../../arm-none-eabi/lib/armv7e-m/fpu\libc.a(lib_a-impure.o)
                0x10001450                _impure_ptr
                0x10001454                . = ALIGN (0x4)
                0x10001454                _edata = .
                0x00018358                _init_data = LOADADDR (.data)

.igot.plt       0x10001454        0x0 load address 0x000187ac
 .igot.plt      0x00000000        0x0 bin/pdm_fft.o

.bss            0x10001454    0x1c128 load address 0x000187ac
                0x10001454                . = ALIGN (0x4)
                0x10001454                _sbss = .
 *(.bss)
 *(.bss*)
 .bss.g_bPDMDataReady
                0x10001454        0x1 bin/pdm_fft.o
                0x10001454                g_bPDMDataReady
 .bss.g_bTxtXlate
                0x10001455        0x1 bin/am_util_stdio.o
 *fill*         0x10001456        0x2 
 .bss.g_prfbuf  0x10001458      0x100 bin/am_util_stdio.o
 .bss.gAmHalResetStatus
                0x10001558        0x4 ../../../../../mcu/apollo3/hal/gcc/bin/libam_hal.a(am_hal_reset.o)
                0x10001558                gAmHalResetStatus
 .bss.g_ui32BusWriteFlush
                0x1000155c        0x4 ../../../../../mcu/apollo3/hal/gcc/bin/libam_hal.a(am_hal_sysctrl.o)
 .bss.g_ui32PrintInterface
                0x10001560        0x4 ../../../bsp/gcc/bin/libam_bsp.a(am_bsp.o)
 *(COMMON)
 COMMON         0x10001564    0x1c008 bin/pdm_fft.o
                0x10001564                g_fPDMFrequencyDomain
                0x10009564                g_ui32SampleFreq
                0x10009568                g_fPDMTimeDomain
                0x10011568                g_ui32PDMDataBuffer
                0x10015568                PDMHandle
                0x1001556c                g_fPDMMagnitudes
 COMMON         0x1001d56c        0x4 bin/am_util_stdio.o
                0x1001d56c                g_pfnCharPrint
 COMMON         0x1001d570        0xc ../../../../../mcu/apollo3/hal/gcc/bin/libam_hal.a(am_hal_pdm.o)
                0x1001d570                g_am_hal_pdm_states
                0x1001d57c                . = ALIGN (0x4)
                0x1001d57c                _ebss = .

.ARM.attributes
                0x00000000       0x39
 *(.ARM.attributes)
 .ARM.attributes
                0x00000000       0x39 bin/pdm_fft.o
 .ARM.attributes
                0x00000039       0x39 bin/am_util_delay.o
 .ARM.attributes
                0x00000072       0x39 bin/am_util_faultisr.o
 .ARM.attributes
                0x000000ab       0x39 bin/am_util_stdio.o
 .ARM.attributes
                0x000000e4       0x39 bin/startup_gcc.o
 .ARM.attributes
                0x0000011d       0x22 c:/diasemi/smartsnippetsstudio/gcc/4_9-2015q3/bin/../lib/gcc/arm-none-eabi/4.9.3/armv7e-m/fpu\libgcc.a(_arm_addsubdf3.o)
 .ARM.attributes
                0x0000013f       0x22 c:/diasemi/smartsnippetsstudio/gcc/4_9-2015q3/bin/../lib/gcc/arm-none-eabi/4.9.3/armv7e-m/fpu\libgcc.a(_arm_truncdfsf2.o)
 .ARM.attributes
                0x00000161       0x39 ../../../../../mcu/apollo3/hal/gcc/bin/libam_hal.a(am_hal_cachectrl.o)
 .ARM.attributes
                0x0000019a       0x39 ../../../../../mcu/apollo3/hal/gcc/bin/libam_hal.a(am_hal_clkgen.o)
 .ARM.attributes
                0x000001d3       0x39 ../../../../../mcu/apollo3/hal/gcc/bin/libam_hal.a(am_hal_flash.o)
 .ARM.attributes
                0x0000020c       0x39 ../../../../../mcu/apollo3/hal/gcc/bin/libam_hal.a(am_hal_gpio.o)
 .ARM.attributes
                0x00000245       0x39 ../../../../../mcu/apollo3/hal/gcc/bin/libam_hal.a(am_hal_interrupt.o)
 .ARM.attributes
                0x0000027e       0x39 ../../../../../mcu/apollo3/hal/gcc/bin/libam_hal.a(am_hal_mcuctrl.o)
 .ARM.attributes
                0x000002b7       0x39 ../../../../../mcu/apollo3/hal/gcc/bin/libam_hal.a(am_hal_pdm.o)
 .ARM.attributes
                0x000002f0       0x39 ../../../../../mcu/apollo3/hal/gcc/bin/libam_hal.a(am_hal_pwrctrl.o)
 .ARM.attributes
                0x00000329       0x39 ../../../../../mcu/apollo3/hal/gcc/bin/libam_hal.a(am_hal_reset.o)
 .ARM.attributes
                0x00000362       0x39 ../../../../../mcu/apollo3/hal/gcc/bin/libam_hal.a(am_hal_sysctrl.o)
 .ARM.attributes
                0x0000039b       0x39 ../../../../../CMSIS/ARM/Lib/ARM/libarm_cortexM4lf_math.a(arm_max_f32.o)
 .ARM.attributes
                0x000003d4       0x39 ../../../../../CMSIS/ARM/Lib/ARM/libarm_cortexM4lf_math.a(arm_cfft_radix4_init_f32.o)
 .ARM.attributes
                0x0000040d       0x39 ../../../../../CMSIS/ARM/Lib/ARM/libarm_cortexM4lf_math.a(arm_cfft_radix4_f32.o)
 .ARM.attributes
                0x00000446       0x39 ../../../../../CMSIS/ARM/Lib/ARM/libarm_cortexM4lf_math.a(arm_cmplx_mag_f32.o)
 .ARM.attributes
                0x0000047f       0x39 ../../../../../CMSIS/ARM/Lib/ARM/libarm_cortexM4lf_math.a(arm_common_tables.o)
 .ARM.attributes
                0x000004b8       0x39 ../../../../../CMSIS/ARM/Lib/ARM/libarm_cortexM4lf_math.a(arm_bitreversal.o)
 .ARM.attributes
                0x000004f1       0x39 ../../../bsp/gcc/bin/libam_bsp.a(am_bsp.o)
 .ARM.attributes
                0x0000052a       0x39 ../../../bsp/gcc/bin/libam_bsp.a(am_bsp_pins.o)
 .ARM.attributes
                0x00000563       0x34 c:/diasemi/smartsnippetsstudio/gcc/4_9-2015q3/bin/../lib/gcc/arm-none-eabi/4.9.3/../../../../arm-none-eabi/lib/armv7e-m/fpu\libm.a(lib_a-wf_sqrt.o)
 .ARM.attributes
                0x00000597       0x34 c:/diasemi/smartsnippetsstudio/gcc/4_9-2015q3/bin/../lib/gcc/arm-none-eabi/4.9.3/../../../../arm-none-eabi/lib/armv7e-m/fpu\libm.a(lib_a-ef_sqrt.o)
 .ARM.attributes
                0x000005cb       0x34 c:/diasemi/smartsnippetsstudio/gcc/4_9-2015q3/bin/../lib/gcc/arm-none-eabi/4.9.3/../../../../arm-none-eabi/lib/armv7e-m/fpu\libm.a(lib_a-s_lib_ver.o)
 .ARM.attributes
                0x000005ff       0x34 c:/diasemi/smartsnippetsstudio/gcc/4_9-2015q3/bin/../lib/gcc/arm-none-eabi/4.9.3/../../../../arm-none-eabi/lib/armv7e-m/fpu\libm.a(lib_a-s_matherr.o)
 .ARM.attributes
                0x00000633       0x34 c:/diasemi/smartsnippetsstudio/gcc/4_9-2015q3/bin/../lib/gcc/arm-none-eabi/4.9.3/../../../../arm-none-eabi/lib/armv7e-m/fpu\libm.a(lib_a-sf_fpclassify.o)
 .ARM.attributes
                0x00000667       0x34 c:/diasemi/smartsnippetsstudio/gcc/4_9-2015q3/bin/../lib/gcc/arm-none-eabi/4.9.3/../../../../arm-none-eabi/lib/armv7e-m/fpu\libc.a(lib_a-errno.o)
 .ARM.attributes
                0x0000069b       0x34 c:/diasemi/smartsnippetsstudio/gcc/4_9-2015q3/bin/../lib/gcc/arm-none-eabi/4.9.3/../../../../arm-none-eabi/lib/armv7e-m/fpu\libc.a(lib_a-impure.o)
 .ARM.attributes
                0x000006cf       0x22 c:/diasemi/smartsnippetsstudio/gcc/4_9-2015q3/bin/../lib/gcc/arm-none-eabi/4.9.3/armv7e-m/fpu\libgcc.a(_arm_muldivdf3.o)
 .ARM.attributes
                0x000006f1       0x39 ../../../../../mcu/apollo3/hal/gcc/bin/libam_hal.a(am_hal_itm.o)
 .ARM.attributes
                0x0000072a       0x39 ../../../../../mcu/apollo3/hal/gcc/bin/libam_hal.a(am_hal_tpiu.o)
LOAD bin/pdm_fft.o
LOAD bin/am_util_delay.o
LOAD bin/am_util_faultisr.o
LOAD bin/am_util_stdio.o
LOAD bin/startup_gcc.o
START GROUP
LOAD c:/diasemi/smartsnippetsstudio/gcc/4_9-2015q3/bin/../lib/gcc/arm-none-eabi/4.9.3/../../../../arm-none-eabi/lib/armv7e-m/fpu\libm.a
LOAD c:/diasemi/smartsnippetsstudio/gcc/4_9-2015q3/bin/../lib/gcc/arm-none-eabi/4.9.3/../../../../arm-none-eabi/lib/armv7e-m/fpu\libc.a
LOAD c:/diasemi/smartsnippetsstudio/gcc/4_9-2015q3/bin/../lib/gcc/arm-none-eabi/4.9.3/armv7e-m/fpu\libgcc.a
LOAD ../../../../../mcu/apollo3/hal/gcc/bin/libam_hal.a
LOAD ../../../../../CMSIS/ARM/Lib/ARM/libarm_cortexM4lf_math.a
LOAD ../../../bsp/gcc/bin/libam_bsp.a
END GROUP
START GROUP
LOAD c:/diasemi/smartsnippetsstudio/gcc/4_9-2015q3/bin/../lib/gcc/arm-none-eabi/4.9.3/armv7e-m/fpu\libgcc.a
LOAD c:/diasemi/smartsnippetsstudio/gcc/4_9-2015q3/bin/../lib/gcc/arm-none-eabi/4.9.3/../../../../arm-none-eabi/lib/armv7e-m/fpu\libc.a
END GROUP
OUTPUT(bin/pdm_fft.axf elf32-littlearm)

.debug_info     0x00000000     0x487e
 .debug_info    0x00000000     0x139b bin/pdm_fft.o
 .debug_info    0x0000139b      0x22e bin/am_util_delay.o
 .debug_info    0x000015c9      0x67e bin/am_util_faultisr.o
 .debug_info    0x00001c47      0xe02 bin/am_util_stdio.o
 .debug_info    0x00002a49      0x15e bin/startup_gcc.o
 .debug_info    0x00002ba7      0x164 ../../../../../CMSIS/ARM/Lib/ARM/libarm_cortexM4lf_math.a(arm_max_f32.o)
 .debug_info    0x00002d0b      0x265 ../../../../../CMSIS/ARM/Lib/ARM/libarm_cortexM4lf_math.a(arm_cfft_radix4_init_f32.o)
 .debug_info    0x00002f70      0x9d0 ../../../../../CMSIS/ARM/Lib/ARM/libarm_cortexM4lf_math.a(arm_cfft_radix4_f32.o)
 .debug_info    0x00003940      0x296 ../../../../../CMSIS/ARM/Lib/ARM/libarm_cortexM4lf_math.a(arm_cmplx_mag_f32.o)
 .debug_info    0x00003bd6      0x9b1 ../../../../../CMSIS/ARM/Lib/ARM/libarm_cortexM4lf_math.a(arm_common_tables.o)
 .debug_info    0x00004587      0x2f7 ../../../../../CMSIS/ARM/Lib/ARM/libarm_cortexM4lf_math.a(arm_bitreversal.o)

.debug_abbrev   0x00000000     0x100e
 .debug_abbrev  0x00000000      0x398 bin/pdm_fft.o
 .debug_abbrev  0x00000398      0x11c bin/am_util_delay.o
 .debug_abbrev  0x000004b4      0x1a2 bin/am_util_faultisr.o
 .debug_abbrev  0x00000656      0x340 bin/am_util_stdio.o
 .debug_abbrev  0x00000996       0xd9 bin/startup_gcc.o
 .debug_abbrev  0x00000a6f       0xb2 ../../../../../CMSIS/ARM/Lib/ARM/libarm_cortexM4lf_math.a(arm_max_f32.o)
 .debug_abbrev  0x00000b21      0x10e ../../../../../CMSIS/ARM/Lib/ARM/libarm_cortexM4lf_math.a(arm_cfft_radix4_init_f32.o)
 .debug_abbrev  0x00000c2f      0x171 ../../../../../CMSIS/ARM/Lib/ARM/libarm_cortexM4lf_math.a(arm_cfft_radix4_f32.o)
 .debug_abbrev  0x00000da0      0x11e ../../../../../CMSIS/ARM/Lib/ARM/libarm_cortexM4lf_math.a(arm_cmplx_mag_f32.o)
 .debug_abbrev  0x00000ebe       0x84 ../../../../../CMSIS/ARM/Lib/ARM/libarm_cortexM4lf_math.a(arm_common_tables.o)
 .debug_abbrev  0x00000f42       0xcc ../../../../../CMSIS/ARM/Lib/ARM/libarm_cortexM4lf_math.a(arm_bitreversal.o)

.debug_loc      0x00000000     0x59fd
 .debug_loc     0x00000000      0x11c bin/pdm_fft.o
 .debug_loc     0x0000011c       0xe9 bin/am_util_delay.o
 .debug_loc     0x00000205       0x9b bin/am_util_faultisr.o
 .debug_loc     0x000002a0     0x23ce bin/am_util_stdio.o
 .debug_loc     0x0000266e      0x178 ../../../../../CMSIS/ARM/Lib/ARM/libarm_cortexM4lf_math.a(arm_max_f32.o)
 .debug_loc     0x000027e6      0x360 ../../../../../CMSIS/ARM/Lib/ARM/libarm_cortexM4lf_math.a(arm_cfft_radix4_init_f32.o)
 .debug_loc     0x00002b46     0x2469 ../../../../../CMSIS/ARM/Lib/ARM/libarm_cortexM4lf_math.a(arm_cfft_radix4_f32.o)
 .debug_loc     0x00004faf      0x6f8 ../../../../../CMSIS/ARM/Lib/ARM/libarm_cortexM4lf_math.a(arm_cmplx_mag_f32.o)
 .debug_loc     0x000056a7      0x356 ../../../../../CMSIS/ARM/Lib/ARM/libarm_cortexM4lf_math.a(arm_bitreversal.o)

.debug_aranges  0x00000000      0x210
 .debug_aranges
                0x00000000       0x48 bin/pdm_fft.o
 .debug_aranges
                0x00000048       0x30 bin/am_util_delay.o
 .debug_aranges
                0x00000078       0x30 bin/am_util_faultisr.o
 .debug_aranges
                0x000000a8       0x58 bin/am_util_stdio.o
 .debug_aranges
                0x00000100       0x38 bin/startup_gcc.o
 .debug_aranges
                0x00000138       0x20 ../../../../../CMSIS/ARM/Lib/ARM/libarm_cortexM4lf_math.a(arm_max_f32.o)
 .debug_aranges
                0x00000158       0x20 ../../../../../CMSIS/ARM/Lib/ARM/libarm_cortexM4lf_math.a(arm_cfft_radix4_init_f32.o)
 .debug_aranges
                0x00000178       0x30 ../../../../../CMSIS/ARM/Lib/ARM/libarm_cortexM4lf_math.a(arm_cfft_radix4_f32.o)
 .debug_aranges
                0x000001a8       0x20 ../../../../../CMSIS/ARM/Lib/ARM/libarm_cortexM4lf_math.a(arm_cmplx_mag_f32.o)
 .debug_aranges
                0x000001c8       0x18 ../../../../../CMSIS/ARM/Lib/ARM/libarm_cortexM4lf_math.a(arm_common_tables.o)
 .debug_aranges
                0x000001e0       0x30 ../../../../../CMSIS/ARM/Lib/ARM/libarm_cortexM4lf_math.a(arm_bitreversal.o)

.debug_ranges   0x00000000      0x578
 .debug_ranges  0x00000000       0x68 bin/pdm_fft.o
 .debug_ranges  0x00000068       0x20 bin/am_util_delay.o
 .debug_ranges  0x00000088       0x20 bin/am_util_faultisr.o
 .debug_ranges  0x000000a8      0x378 bin/am_util_stdio.o
 .debug_ranges  0x00000420       0x28 bin/startup_gcc.o
 .debug_ranges  0x00000448       0x10 ../../../../../CMSIS/ARM/Lib/ARM/libarm_cortexM4lf_math.a(arm_max_f32.o)
 .debug_ranges  0x00000458       0x10 ../../../../../CMSIS/ARM/Lib/ARM/libarm_cortexM4lf_math.a(arm_cfft_radix4_init_f32.o)
 .debug_ranges  0x00000468       0x20 ../../../../../CMSIS/ARM/Lib/ARM/libarm_cortexM4lf_math.a(arm_cfft_radix4_f32.o)
 .debug_ranges  0x00000488       0xd0 ../../../../../CMSIS/ARM/Lib/ARM/libarm_cortexM4lf_math.a(arm_cmplx_mag_f32.o)
 .debug_ranges  0x00000558       0x20 ../../../../../CMSIS/ARM/Lib/ARM/libarm_cortexM4lf_math.a(arm_bitreversal.o)

.debug_line     0x00000000     0x2317
 .debug_line    0x00000000      0x386 bin/pdm_fft.o
 .debug_line    0x00000386      0x1a8 bin/am_util_delay.o
 .debug_line    0x0000052e      0x32d bin/am_util_faultisr.o
 .debug_line    0x0000085b      0x68d bin/am_util_stdio.o
 .debug_line    0x00000ee8      0x13f bin/startup_gcc.o
 .debug_line    0x00001027      0x168 ../../../../../CMSIS/ARM/Lib/ARM/libarm_cortexM4lf_math.a(arm_max_f32.o)
 .debug_line    0x0000118f      0x1d4 ../../../../../CMSIS/ARM/Lib/ARM/libarm_cortexM4lf_math.a(arm_cfft_radix4_init_f32.o)
 .debug_line    0x00001363      0x90a ../../../../../CMSIS/ARM/Lib/ARM/libarm_cortexM4lf_math.a(arm_cfft_radix4_f32.o)
 .debug_line    0x00001c6d      0x216 ../../../../../CMSIS/ARM/Lib/ARM/libarm_cortexM4lf_math.a(arm_cmplx_mag_f32.o)
 .debug_line    0x00001e83      0x135 ../../../../../CMSIS/ARM/Lib/ARM/libarm_cortexM4lf_math.a(arm_common_tables.o)
 .debug_line    0x00001fb8      0x35f ../../../../../CMSIS/ARM/Lib/ARM/libarm_cortexM4lf_math.a(arm_bitreversal.o)

.debug_str      0x00000000     0x295f
 .debug_str     0x00000000     0x19b2 bin/pdm_fft.o
                               0x1a2d (size before relaxing)
 .debug_str     0x000019b2      0x104 bin/am_util_delay.o
                                0x2d2 (size before relaxing)
 .debug_str     0x00001ab6      0x1e5 bin/am_util_faultisr.o
                                0x3e2 (size before relaxing)
 .debug_str     0x00001c9b      0x31f bin/am_util_stdio.o
                                0x563 (size before relaxing)
 .debug_str     0x00001fba       0x60 bin/startup_gcc.o
                                0x20f (size before relaxing)
 .debug_str     0x0000201a      0x18d ../../../../../CMSIS/ARM/Lib/ARM/libarm_cortexM4lf_math.a(arm_max_f32.o)
                                0x262 (size before relaxing)
 .debug_str     0x000021a7       0x5b ../../../../../CMSIS/ARM/Lib/ARM/libarm_cortexM4lf_math.a(arm_cfft_radix4_init_f32.o)
                                0x385 (size before relaxing)
 .debug_str     0x00002202      0x16d ../../../../../CMSIS/ARM/Lib/ARM/libarm_cortexM4lf_math.a(arm_cfft_radix4_f32.o)
                                0x40b (size before relaxing)
 .debug_str     0x0000236f       0x76 ../../../../../CMSIS/ARM/Lib/ARM/libarm_cortexM4lf_math.a(arm_cmplx_mag_f32.o)
                                0x316 (size before relaxing)
 .debug_str     0x000023e5      0x4f0 ../../../../../CMSIS/ARM/Lib/ARM/libarm_cortexM4lf_math.a(arm_common_tables.o)
                                0x717 (size before relaxing)
 .debug_str     0x000028d5       0x8a ../../../../../CMSIS/ARM/Lib/ARM/libarm_cortexM4lf_math.a(arm_bitreversal.o)
                                0x2eb (size before relaxing)

.comment        0x00000000       0xde
 .comment       0x00000000       0x70 bin/pdm_fft.o
                                 0x71 (size before relaxing)
 .comment       0x00000000       0x71 bin/am_util_delay.o
 .comment       0x00000000       0x71 bin/am_util_faultisr.o
 .comment       0x00000000       0x71 bin/am_util_stdio.o
 .comment       0x00000000       0x71 bin/startup_gcc.o
 .comment       0x00000070       0x6e ../../../../../mcu/apollo3/hal/gcc/bin/libam_hal.a(am_hal_cachectrl.o)
                                 0x6f (size before relaxing)
 .comment       0x00000000       0x6f ../../../../../mcu/apollo3/hal/gcc/bin/libam_hal.a(am_hal_clkgen.o)
 .comment       0x00000000       0x6f ../../../../../mcu/apollo3/hal/gcc/bin/libam_hal.a(am_hal_flash.o)
 .comment       0x00000000       0x6f ../../../../../mcu/apollo3/hal/gcc/bin/libam_hal.a(am_hal_gpio.o)
 .comment       0x00000000       0x6f ../../../../../mcu/apollo3/hal/gcc/bin/libam_hal.a(am_hal_interrupt.o)
 .comment       0x00000000       0x6f ../../../../../mcu/apollo3/hal/gcc/bin/libam_hal.a(am_hal_mcuctrl.o)
 .comment       0x00000000       0x6f ../../../../../mcu/apollo3/hal/gcc/bin/libam_hal.a(am_hal_pdm.o)
 .comment       0x00000000       0x6f ../../../../../mcu/apollo3/hal/gcc/bin/libam_hal.a(am_hal_pwrctrl.o)
 .comment       0x00000000       0x6f ../../../../../mcu/apollo3/hal/gcc/bin/libam_hal.a(am_hal_reset.o)
 .comment       0x00000000       0x6f ../../../../../mcu/apollo3/hal/gcc/bin/libam_hal.a(am_hal_sysctrl.o)
 .comment       0x00000000       0x6f ../../../../../CMSIS/ARM/Lib/ARM/libarm_cortexM4lf_math.a(arm_max_f32.o)
 .comment       0x00000000       0x6f ../../../../../CMSIS/ARM/Lib/ARM/libarm_cortexM4lf_math.a(arm_cfft_radix4_init_f32.o)
 .comment       0x00000000       0x6f ../../../../../CMSIS/ARM/Lib/ARM/libarm_cortexM4lf_math.a(arm_cfft_radix4_f32.o)
 .comment       0x00000000       0x6f ../../../../../CMSIS/ARM/Lib/ARM/libarm_cortexM4lf_math.a(arm_cmplx_mag_f32.o)
 .comment       0x00000000       0x6f ../../../../../CMSIS/ARM/Lib/ARM/libarm_cortexM4lf_math.a(arm_common_tables.o)
 .comment       0x00000000       0x6f ../../../../../CMSIS/ARM/Lib/ARM/libarm_cortexM4lf_math.a(arm_bitreversal.o)
 .comment       0x00000000       0x71 ../../../bsp/gcc/bin/libam_bsp.a(am_bsp.o)
 .comment       0x00000000       0x71 ../../../bsp/gcc/bin/libam_bsp.a(am_bsp_pins.o)
 .comment       0x00000000       0x6f ../../../../../mcu/apollo3/hal/gcc/bin/libam_hal.a(am_hal_itm.o)
 .comment       0x00000000       0x6f ../../../../../mcu/apollo3/hal/gcc/bin/libam_hal.a(am_hal_tpiu.o)

.debug_frame    0x00000000      0x60c
 .debug_frame   0x00000000       0xd4 bin/pdm_fft.o
 .debug_frame   0x000000d4       0x60 bin/am_util_delay.o
 .debug_frame   0x00000134       0x4c bin/am_util_faultisr.o
 .debug_frame   0x00000180      0x128 bin/am_util_stdio.o
 .debug_frame   0x000002a8       0x50 bin/startup_gcc.o
 .debug_frame   0x000002f8       0x30 ../../../../../CMSIS/ARM/Lib/ARM/libarm_cortexM4lf_math.a(arm_max_f32.o)
 .debug_frame   0x00000328       0x4c ../../../../../CMSIS/ARM/Lib/ARM/libarm_cortexM4lf_math.a(arm_cfft_radix4_init_f32.o)
 .debug_frame   0x00000374       0xe4 ../../../../../CMSIS/ARM/Lib/ARM/libarm_cortexM4lf_math.a(arm_cfft_radix4_f32.o)
 .debug_frame   0x00000458       0x3c ../../../../../CMSIS/ARM/Lib/ARM/libarm_cortexM4lf_math.a(arm_cmplx_mag_f32.o)
 .debug_frame   0x00000494       0x8c ../../../../../CMSIS/ARM/Lib/ARM/libarm_cortexM4lf_math.a(arm_bitreversal.o)
 .debug_frame   0x00000520       0x50 c:/diasemi/smartsnippetsstudio/gcc/4_9-2015q3/bin/../lib/gcc/arm-none-eabi/4.9.3/../../../../arm-none-eabi/lib/armv7e-m/fpu\libm.a(lib_a-wf_sqrt.o)
 .debug_frame   0x00000570       0x3c c:/diasemi/smartsnippetsstudio/gcc/4_9-2015q3/bin/../lib/gcc/arm-none-eabi/4.9.3/../../../../arm-none-eabi/lib/armv7e-m/fpu\libm.a(lib_a-ef_sqrt.o)
 .debug_frame   0x000005ac       0x20 c:/diasemi/smartsnippetsstudio/gcc/4_9-2015q3/bin/../lib/gcc/arm-none-eabi/4.9.3/../../../../arm-none-eabi/lib/armv7e-m/fpu\libm.a(lib_a-s_matherr.o)
 .debug_frame   0x000005cc       0x20 c:/diasemi/smartsnippetsstudio/gcc/4_9-2015q3/bin/../lib/gcc/arm-none-eabi/4.9.3/../../../../arm-none-eabi/lib/armv7e-m/fpu\libm.a(lib_a-sf_fpclassify.o)
 .debug_frame   0x000005ec       0x20 c:/diasemi/smartsnippetsstudio/gcc/4_9-2015q3/bin/../lib/gcc/arm-none-eabi/4.9.3/../../../../arm-none-eabi/lib/armv7e-m/fpu\libc.a(lib_a-errno.o)
