Archive member included because of file (symbol)

c:/diasemi/smartsnippetsstudio/gcc/4_9-2015q3/bin/../lib/gcc/arm-none-eabi/4.9.3/../../../../arm-none-eabi/lib/armv7e-m/fpu\libc.a(lib_a-atoi.o)
                              bin/app_terminal.o (atoi)
c:/diasemi/smartsnippetsstudio/gcc/4_9-2015q3/bin/../lib/gcc/arm-none-eabi/4.9.3/../../../../arm-none-eabi/lib/armv7e-m/fpu\libc.a(lib_a-memcmp.o)
                              bin/bda.o (memcmp)
c:/diasemi/smartsnippetsstudio/gcc/4_9-2015q3/bin/../lib/gcc/arm-none-eabi/4.9.3/../../../../arm-none-eabi/lib/armv7e-m/fpu\libc.a(lib_a-memcpy.o)
                              bin/hidapp_main.o (memcpy)
c:/diasemi/smartsnippetsstudio/gcc/4_9-2015q3/bin/../lib/gcc/arm-none-eabi/4.9.3/../../../../arm-none-eabi/lib/armv7e-m/fpu\libc.a(lib_a-memmove.o)
                              bin/sec_main.o (memmove)
c:/diasemi/smartsnippetsstudio/gcc/4_9-2015q3/bin/../lib/gcc/arm-none-eabi/4.9.3/../../../../arm-none-eabi/lib/armv7e-m/fpu\libc.a(lib_a-memset.o)
                              bin/hidapp_main.o (memset)
c:/diasemi/smartsnippetsstudio/gcc/4_9-2015q3/bin/../lib/gcc/arm-none-eabi/4.9.3/../../../../arm-none-eabi/lib/armv7e-m/fpu\libc.a(lib_a-strcmp.o)
                              bin/terminal.o (strcmp)
c:/diasemi/smartsnippetsstudio/gcc/4_9-2015q3/bin/../lib/gcc/arm-none-eabi/4.9.3/../../../../arm-none-eabi/lib/armv7e-m/fpu\libc.a(lib_a-strcpy.o)
                              bin/print.o (strcpy)
c:/diasemi/smartsnippetsstudio/gcc/4_9-2015q3/bin/../lib/gcc/arm-none-eabi/4.9.3/../../../../arm-none-eabi/lib/armv7e-m/fpu\libc.a(lib_a-strlen.o)
                              bin/print.o (strlen)
c:/diasemi/smartsnippetsstudio/gcc/4_9-2015q3/bin/../lib/gcc/arm-none-eabi/4.9.3/../../../../arm-none-eabi/lib/armv7e-m/fpu\libc.a(lib_a-strtol.o)
                              c:/diasemi/smartsnippetsstudio/gcc/4_9-2015q3/bin/../lib/gcc/arm-none-eabi/4.9.3/../../../../arm-none-eabi/lib/armv7e-m/fpu\libc.a(lib_a-atoi.o) (_strtol_r)
c:/diasemi/smartsnippetsstudio/gcc/4_9-2015q3/bin/../lib/gcc/arm-none-eabi/4.9.3/../../../../arm-none-eabi/lib/armv7e-m/fpu\libc.a(lib_a-ctype_.o)
                              c:/diasemi/smartsnippetsstudio/gcc/4_9-2015q3/bin/../lib/gcc/arm-none-eabi/4.9.3/../../../../arm-none-eabi/lib/armv7e-m/fpu\libc.a(lib_a-strtol.o) (__ctype_ptr__)
c:/diasemi/smartsnippetsstudio/gcc/4_9-2015q3/bin/../lib/gcc/arm-none-eabi/4.9.3/../../../../arm-none-eabi/lib/armv7e-m/fpu\libc.a(lib_a-impure.o)
                              c:/diasemi/smartsnippetsstudio/gcc/4_9-2015q3/bin/../lib/gcc/arm-none-eabi/4.9.3/../../../../arm-none-eabi/lib/armv7e-m/fpu\libc.a(lib_a-strtol.o) (_impure_ptr)
c:/diasemi/smartsnippetsstudio/gcc/4_9-2015q3/bin/../lib/gcc/arm-none-eabi/4.9.3/armv7e-m/fpu\libgcc.a(_arm_truncdfsf2.o)
                              bin/am_util_stdio.o (__aeabi_d2f)
../../../../../third_party/exactle/projects/generic/stacklib/gcc/bin-cortex-m4/libstacklib.a(att_main.o)
                              bin/radio_task.o (AttHandlerInit)
../../../../../third_party/exactle/projects/generic/stacklib/gcc/bin-cortex-m4/libstacklib.a(att_uuid.o)
                              bin/svc_wss.o (attWsfChUuid)
../../../../../third_party/exactle/projects/generic/stacklib/gcc/bin-cortex-m4/libstacklib.a(attc_disc.o)
                              bin/app_disc.o (AttcDiscService)
../../../../../third_party/exactle/projects/generic/stacklib/gcc/bin-cortex-m4/libstacklib.a(attc_main.o)
                              bin/radio_task.o (AttcInit)
../../../../../third_party/exactle/projects/generic/stacklib/gcc/bin-cortex-m4/libstacklib.a(attc_proc.o)
                              ../../../../../third_party/exactle/projects/generic/stacklib/gcc/bin-cortex-m4/libstacklib.a(attc_main.o) (attcProcRsp)
../../../../../third_party/exactle/projects/generic/stacklib/gcc/bin-cortex-m4/libstacklib.a(attc_read.o)
                              ../../../../../third_party/exactle/projects/generic/stacklib/gcc/bin-cortex-m4/libstacklib.a(attc_proc.o) (attcProcFindByTypeRsp)
../../../../../third_party/exactle/projects/generic/stacklib/gcc/bin-cortex-m4/libstacklib.a(attc_write.o)
                              ../../../../../third_party/exactle/projects/generic/stacklib/gcc/bin-cortex-m4/libstacklib.a(attc_proc.o) (attcProcPrepWriteRsp)
../../../../../third_party/exactle/projects/generic/stacklib/gcc/bin-cortex-m4/libstacklib.a(atts_ccc.o)
                              bin/hidapp_main.o (AttsCccRegister)
../../../../../third_party/exactle/projects/generic/stacklib/gcc/bin-cortex-m4/libstacklib.a(atts_ind.o)
                              bin/radio_task.o (AttsIndInit)
../../../../../third_party/exactle/projects/generic/stacklib/gcc/bin-cortex-m4/libstacklib.a(atts_main.o)
                              bin/radio_task.o (AttsInit)
../../../../../third_party/exactle/projects/generic/stacklib/gcc/bin-cortex-m4/libstacklib.a(atts_proc.o)
[...]
Memory Configuration

Name             Origin             Length             Attributes
FLASH            0x0000c000         0x000f0000         xr
SRAM             0x10000000         0x00060000         xrw
*default*        0x00000000         0xffffffff

Linker script and memory map


.text           0x0000c000    0x1b6fc
                0x0000c000                . = ALIGN (0x4)
 *(.isr_vector)
 .isr_vector    0x0000c000       0xc0 bin/startup_gcc.o
                0x0000c000                g_am_pfnVectors
 *(.patch)
 .patch         0x0000c0c0       0x40 bin/startup_gcc.o
                0x0000c0c0                __Patchable
 *(.text)
 .text          0x0000c100      0x134 c:/diasemi/smartsnippetsstudio/gcc/4_9-2015q3/bin/../lib/gcc/arm-none-eabi/4.9.3/../../../../arm-none-eabi/lib/armv7e-m/fpu\libc.a(lib_a-memcpy.o)
                0x0000c100                memcpy
 .text          0x0000c234       0xa0 c:/diasemi/smartsnippetsstudio/gcc/4_9-2015q3/bin/../lib/gcc/arm-none-eabi/4.9.3/armv7e-m/fpu\libgcc.a(_arm_truncdfsf2.o)
                0x0000c234                __truncdfsf2
                0x0000c234                __aeabi_d2f
 .text          0x0000c2d4      0x254 ../../../../../third_party/exactle/projects/generic/stacklib/gcc/bin-cortex-m4/libstacklib.a(att_main.o)
                0x0000c33c                attEmptyHandler
                0x0000c33e                attEmptyConnCback
                0x0000c340                attEmptyDataCback
                0x0000c3a0                attCcbByHandle
                0x0000c3b8                attCcbByConnId
                0x0000c3c8                attUuidCmp16to128
                0x0000c3e8                attExecCallback
                0x0000c420                attSetMtu
                0x0000c444                attMsgAlloc
                0x0000c44a                AttHandlerInit
                0x0000c488                AttHandler
                0x0000c4a8                AttRegister
                0x0000c4dc                AttConnRegister
                0x0000c4e8                AttGetMtu
                0x0000c4f8                AttMsgAlloc
                0x0000c514                AttMsgFree
 .text          0x0000c528      0x370 ../../../../../third_party/exactle/projects/generic/stacklib/gcc/bin-cortex-m4/libstacklib.a(attc_disc.o)
                0x0000c62e                AttcDiscService
                0x0000c64c                AttcDiscServiceCmpl
                0x0000c67e                AttcDiscCharStart
                0x0000c6a4                AttcDiscCharCmpl
                0x0000c886                AttcDiscConfigStart
                0x0000c88c                AttcDiscConfigCmpl
                0x0000c894                AttcDiscConfigResume
 .text          0x0000c898      0x444 ../../../../../third_party/exactle/projects/generic/stacklib/gcc/bin-cortex-m4/libstacklib.a(attc_main.o)
                0x0000c8d0                attcSendReq
                0x0000c8e0                attcSetupReq
                0x0000c906                attcCcbByConnId
                0x0000c920                attcCcbByHandle
                0x0000c970                attcFreePkt
                0x0000c9a2                attcExecCallback
                0x0000c9d0                attcReqClear
                0x0000cc9c                AttcInit
 .text          0x0000ccdc      0x3e8 ../../../../../third_party/exactle/projects/generic/stacklib/gcc/bin-cortex-m4/libstacklib.a(attc_proc.o)
                0x0000ccdc                attcProcErrRsp
                0x0000cd08                attcProcFindOrReadRsp
                0x0000cdc8                attcProcReadRsp
                0x0000cdca                attcProcWriteRsp
                0x0000cdd0                attcProcMtuRsp
                0x0000ce14                attcProcRsp
                0x0000cecc                attcProcInd
                0x0000cf48                attcSendMsg
                0x0000cfd8                AttcFindInfoReq
                0x0000d008                AttcReadReq
                0x0000d038                AttcWriteReq
                0x0000d080                AttcCancelReq
                0x0000d094                AttcMtuReq
 .text          0x0000d0c4      0x226 ../../../../../third_party/exactle/projects/generic/stacklib/gcc/bin-cortex-m4/libstacklib.a(attc_read.o)
                0x0000d0c4                attcProcFindByTypeRsp
                0x0000d136                attcProcReadLongRsp
                0x0000d154                AttcFindByTypeValueReq
                0x0000d1b4                AttcReadByTypeReq
                0x0000d20a                AttcReadLongReq
                0x0000d23e                AttcReadMultipleReq
                0x0000d294                AttcReadByGroupTypeReq
 .text          0x0000d2ea       0xfe ../../../../../third_party/exactle/projects/generic/stacklib/gcc/bin-cortex-m4/libstacklib.a(attc_write.o)
                0x0000d2ea                attcProcPrepWriteRsp
                0x0000d2fc                AttcWriteCmd
                0x0000d344                AttcPrepareWriteReq
                0x0000d3be                AttcExecuteWriteReq
 .text          0x0000d3e8      0x1d8 ../../../../../third_party/exactle/projects/generic/stacklib/gcc/bin-cortex-m4/libstacklib.a(atts_ccc.o)
                0x0000d4a8                AttsCccRegister
                0x0000d4c8                AttsCccInitTable
                0x0000d54c                AttsCccClearTable
                0x0000d568                AttsCccGet
                0x0000d57c                AttsCccSet
                0x0000d590                AttsCccEnabled
 .text          0x0000d5c0      0x320 ../../../../../third_party/exactle/projects/generic/stacklib/gcc/bin-cortex-m4/libstacklib.a(atts_ind.o)
                0x0000d82c                attsProcValueCnf
                0x0000d858                AttsIndInit
                0x0000d890                AttsHandleValueInd
                0x0000d8a4                AttsHandleValueNtf
                0x0000d8b8                AttsHandleValueIndZeroCpy
                0x0000d8cc                AttsHandleValueNtfZeroCpy
 .text          0x0000d8e0      0x28c ../../../../../third_party/exactle/projects/generic/stacklib/gcc/bin-cortex-m4/libstacklib.a(atts_main.o)
                0x0000d918                attsErrRsp
                0x0000d9c8                attsClearPrepWrites
                0x0000da14                attsDiscBusy
                0x0000da54                AttsInit
                0x0000da84                AttsAuthorRegister
                0x0000da90                AttsAddGroup
                0x0000dac4                AttsRemoveGroup
                0x0000daf4                AttsSetAttr
                0x0000db3c                AttsGetAttr
                0x0000db5e                AttsErrorTest
 .text          0x0000db6c      0x354 ../../../../../third_party/exactle/projects/generic/stacklib/gcc/bin-cortex-m4/libstacklib.a(atts_proc.o)
                0x0000db6c                attsUuidCmp
                0x0000dba6                attsUuid16Cmp
                0x0000dbcc                attsFindByHandle
                0x0000dbf4                attsFindInRange
                0x0000dc24                attsPermissions
                0x0000dc88                attsProcMtuReq
                0x0000dcf0                attsProcFindInfoReq
                0x0000de0a                attsProcReadReq
 .text          0x0000dec0      0x7e0 ../../../../../third_party/exactle/projects/generic/stacklib/gcc/bin-cortex-m4/libstacklib.a(atts_read.o)
                0x0000dec0                attsFindUuidInRange
                0x0000df34                attsFindServiceGroupEnd
                0x0000dfbc                attsProcReadBlobReq
                0x0000e0a0                attsProcFindTypeReq
                0x0000e1be                attsProcReadTypeReq
                0x0000e39c                attsProcReadMultReq
                0x0000e4a0                attsProcReadGroupTypeReq
 .text          0x0000e6a0      0x258 ../../../../../third_party/exactle/projects/generic/stacklib/gcc/bin-cortex-m4/libstacklib.a(atts_sign.o)
                0x0000e898                AttsSignInit
                0x0000e8c4                AttsSetCsrk
                0x0000e8d8                AttsSetSignCounter
                0x0000e8e8                AttsGetSignCounter
 .text          0x0000e8f8      0x328 ../../../../../third_party/exactle/projects/generic/stacklib/gcc/bin-cortex-m4/libstacklib.a(atts_write.o)
                0x0000e8f8                attsProcWrite
                0x0000e9d8                attsProcPrepWriteReq
                0x0000eb0c                attsProcExecWriteReq
 .text          0x0000ec20      0x318 ../../../../../third_party/exactle/projects/generic/stacklib/gcc/bin-cortex-m4/libstacklib.a(dm_adv.o)
                0x0000ec20                dmAdvCbInit
                0x0000ec58                dmAdvInit
                0x0000ec78                DmAdvConfig
                0x0000ecb8                DmAdvSetData
                0x0000ecf4                DmAdvStart
                0x0000ed30                DmAdvStop
                0x0000ed70                DmAdvRemoveAdvSet
                0x0000ed98                DmAdvClearAdvSets
                0x0000edbc                DmAdvSetInterval
                0x0000ede4                DmAdvSetChannelMap
                0x0000ee00                DmAdvSetAddrType
                0x0000ee18                DmAdvSetAdValue
                0x0000eea6                DmAdvSetName
 .text          0x0000ef38      0x26c ../../../../../third_party/exactle/projects/generic/stacklib/gcc/bin-cortex-m4/libstacklib.a(dm_adv_leg.o)
                0x0000ef38                dmAdvActRemoveSet
                0x0000ef3a                dmAdvMsgHandler
                0x0000ef98                dmAdvReset
                0x0000efd8                dmAdvActConfig
                0x0000eff8                dmAdvActSetData
                0x0000f018                dmAdvActStart
                0x0000f03c                dmAdvActStop
                0x0000f060                dmAdvActTimeout
                0x0000f064                dmAdvHciHandler
                0x0000f10c                dmAdvActClearSets
                0x0000f10e                dmAdvStartDirected
                0x0000f138                dmAdvStopDirected
                0x0000f150                dmAdvConnected
                0x0000f168                dmAdvConnectFailed
                0x0000f16c                DmAdvInit
                0x0000f18c                DmAdvModeLeg
 .text          0x0000f1a4      0x838 ../../../../../third_party/exactle/projects/generic/stacklib/gcc/bin-cortex-m4/libstacklib.a(dm_conn.o)
                0x0000f1a4                dmConnSmActNone
                0x0000f1a6                dmConnSmActHciUpdated
                0x0000f1b8                dmConnSmActClose
                0x0000f1c0                dmConnReset
                0x0000f25c                dmConnCcbAlloc
                0x0000f2a0                dmConnCcbDealloc
                0x0000f2a6                dmConnCcbByHandle
                0x0000f2cc                dmConn2HciHandler
                0x0000f3c8                dmConnCcbByBdAddr
                0x0000f3f8                dmConnHciHandler
                0x0000f474                dmConnCcbById
                0x0000f490                dmConnMsgHandler
                0x0000f4a8                dmConn2MsgHandler
                0x0000f51c                dmConnExecCback
                0x0000f53c                dmConnSmActConnOpened
                0x0000f5a8                dmConnSmActConnFailed
                0x0000f5b6                dmConnSmActConnClosed
                0x0000f5c4                dmConnOpenAccept
                0x0000f660                DmConnInit
                0x0000f684                DmConnRegister
                0x0000f6a4                DmConnClose
                0x0000f6d4                DmReadRemoteFeatures
                0x0000f6e8                DmConnUpdate
                0x0000f738                DmConnSetScanInterval
                0x0000f764                DmExtConnSetScanInterval
                0x0000f7a8                DmConnSetConnSpec
                0x0000f7ae                DmExtConnSetConnSpec
                0x0000f7ca                DmConnReadRssi
                0x0000f7f0                DmRemoteConnParamReqReply
                0x0000f828                DmRemoteConnParamReqNegReply
                0x0000f854                DmConnSetDataLen
                0x0000f884                DmWriteAuthPayloadTimeout
                0x0000f8b0                DmConnIdByHandle
                0x0000f8d8                DmConnInUse
                0x0000f8ec                DmConnPeerAddrType
                0x0000f900                DmConnPeerAddr
                0x0000f910                DmConnLocalAddrType
                0x0000f924                DmConnLocalAddr
                0x0000f938                DmConnPeerRpa
                0x0000f94c                DmConnLocalRpa
                0x0000f960                DmConnSecLevel
                0x0000f974                DmConnSetIdle
                0x0000f9a8                DmConnCheckIdle
                0x0000f9c8                DmConnRole
 .text          0x0000f9dc       0xe4 ../../../../../third_party/exactle/projects/generic/stacklib/gcc/bin-cortex-m4/libstacklib.a(dm_conn_slave.o)
                0x0000f9dc                dmConnSmActUpdateSlave
                0x0000fa38                dmConnSmActL2cUpdateCnf
                0x0000fa78                DmL2cConnUpdateCnf
                0x0000fa96                DmConnAccept
 .text          0x0000fac0       0x70 ../../../../../third_party/exactle/projects/generic/stacklib/gcc/bin-cortex-m4/libstacklib.a(dm_conn_slave_leg.o)
                0x0000fac0                dmConnSmActAccept
                0x0000fade                dmConnSmActCancelAccept
                0x0000faf4                dmConnSmActConnAccepted
                0x0000fb0a                dmConnSmActAcceptFailed
                0x0000fb20                DmConnSlaveInit
 .text          0x0000fb30       0x44 ../../../../../third_party/exactle/projects/generic/stacklib/gcc/bin-cortex-m4/libstacklib.a(dm_conn_sm.o)
                0x0000fb30                dmConnSmExecute
 .text          0x0000fb74       0xfc ../../../../../third_party/exactle/projects/generic/stacklib/gcc/bin-cortex-m4/libstacklib.a(dm_dev.o)
                0x0000fb74                dmDevHciHandler
                0x0000fbac                dmDevActReset
                0x0000fbd8                dmDevMsgHandler
                0x0000fbdc                DmDevReset
                0x0000fc00                DmDevSetRandAddr
                0x0000fc1c                DmDevWhiteListAdd
                0x0000fc20                DmDevWhiteListRemove
                0x0000fc24                DmDevWhiteListClear
                0x0000fc28                dmDevSetFilterPolicy
                0x0000fc5c                DmDevSetFilterPolicy
                0x0000fc66                DmDevSetExtFilterPolicy
                0x0000fc6a                DmDevVsInit
 .text          0x0000fc70      0x154 ../../../../../third_party/exactle/projects/generic/stacklib/gcc/bin-cortex-m4/libstacklib.a(dm_main.o)
                0x0000fc98                dmEmptyReset
                0x0000fc9a                dmEmptyHandler
                0x0000fc9c                DmRegister
                0x0000fcd4                DmFindAdType
                0x0000fcfe                DmHandlerInit
                0x0000fd18                DmHandler
                0x0000fd3c                DmLlPrivEnabled
                0x0000fd48                DmLlAddrType
                0x0000fd60                DmHostAddrType
                0x0000fd7c                DmSizeOfEvt
                0x0000fd98                DmScanPhyToIdx
                0x0000fd9c                dmInitPhyToIdx
                0x0000fdc0                DmInitPhyToIdx
 .text          0x0000fdc4      0x338 ../../../../../third_party/exactle/projects/generic/stacklib/gcc/bin-cortex-m4/libstacklib.a(dm_priv.o)
                0x0000fdc4                dmPrivMsgHandler
                0x0000fdd8                dmPrivReset
                0x0000fdec                dmPrivActAesCmpl
                0x0000fe24                dmPrivActAddDevToResList
                0x0000fe4c                dmPrivActRemDevFromResList
                0x0000fe64                dmPrivActClearResList
                0x0000fe68                dmPrivActSetPrivacyMode
                0x0000fe72                dmPrivActResolveAddr
                0x0000fed4                dmPrivActSetAddrResEnable
                0x0000fee8                dmPrivHciHandler
                0x0000ff80                DmPrivInit
                0x0000ff90                DmPrivResolveAddr
                0x0000ffd0                DmPrivAddDevToResList
                0x00010030                DmPrivRemDevFromResList
                0x00010068                DmPrivClearResList
                0x0001008c                DmPrivReadPeerResolvableAddr
                0x00010090                DmPrivReadLocalResolvableAddr
                0x00010094                DmPrivSetAddrResEnable
                0x000100c0                DmPrivSetResolvablePrivateAddrTimeout
                0x000100c4                DmPrivSetPrivacyMode
 .text          0x000100fc      0x250 ../../../../../third_party/exactle/projects/generic/stacklib/gcc/bin-cortex-m4/libstacklib.a(dm_sec.o)
                0x000100fc                dmSecMsgHandler
                0x00010160                dmSecApiLtkMsg
                0x000101a4                DmSmpCbackExec
                0x000101d4                dmSecHciHandler
                0x00010290                DmSecCancelReq
                0x000102b0                DmSecAuthRsp
                0x000102e2                DmSecInit
                0x00010304                DmSecSetLocalCsrk
                0x0001031c                DmSecSetLocalIrk
                0x00010334                DmSecGetLocalCsrk
                0x00010340                DmSecGetLocalIrk
 .text          0x0001034c      0x224 ../../../../../third_party/exactle/projects/generic/stacklib/gcc/bin-cortex-m4/libstacklib.a(dm_sec_lesc.o)
                0x0001034c                dmSecLescMsgHandler
                0x00010398                DmSecKeypressReq
                0x000103b8                DmSecSetOob
                0x000103bc                DmSecCalcOobReq
                0x0001043c                DmSecGenerateEccKeyReq
                0x0001044c                DmSecSetDebugEccKey
                0x000104f8                DmSecSetEccKey
                0x0001050c                DmSecGetEccKey
                0x00010514                DmSecCompareRsp
                0x0001053c                DmSecGetCompareValue
                0x00010560                DmSecLescInit
 .text          0x00010570       0xa0 ../../../../../third_party/exactle/projects/generic/stacklib/gcc/bin-cortex-m4/libstacklib.a(dm_sec_slave.o)
                0x00010570                DmSecPairRsp
                0x000105ae                DmSecSlaveReq
                0x000105ce                DmSecLtkRsp
 .text          0x00010610      0x1a8 ../../../../../third_party/exactle/projects/generic/stacklib/gcc/bin-cortex-m4/libstacklib.a(l2c_main.o)
                0x000106c8                l2cRxSignalingPkt
                0x000106fc                l2cMsgAlloc
                0x00010702                L2cInit
                0x00010744                L2cRegister
                0x00010758                L2cDataReq
                0x00010782                l2cSendCmdReject
 .text          0x000107b8      0x110 ../../../../../third_party/exactle/projects/generic/stacklib/gcc/bin-cortex-m4/libstacklib.a(l2c_slave.o)
                0x00010810                L2cSlaveInit
                0x00010820                L2cDmConnUpdateReq
                0x000108a4                L2cSlaveHandlerInit
                0x000108b4                L2cSlaveHandler
 .text          0x000108c8      0x588 ../../../../../third_party/exactle/projects/generic/stacklib/gcc/bin-cortex-m4/libstacklib.a(smp_main.o)
                0x00010964                smpCcbByHandle
                0x000109d8                smpCcbByConnId
                0x000109e8                smpCalcC1Part1
                0x00010aec                smpCalcC1Part2
                0x00010bec                smpCalcS1
                0x00010c3c                smpGenerateLtk
                0x00010c9a                smpSendPkt
                0x00010d24                smpStateIdle
                0x00010d30                smpMsgAlloc
                0x00010d36                SmpDmMsgSend
                0x00010d48                SmpDmGetStk
                0x00010d98                SmpDmGetLtk
                0x00010db4                SmpHandlerInit
                0x00010dfc                SmpHandler
                0x00010e3c                SmpDmEncryptInd
 .text          0x00010e50      0x408 ../../../../../third_party/exactle/projects/generic/stacklib/gcc/bin-cortex-m4/libstacklib.a(smp_sc_main.o)
                0x00010e50                SmpScAllocScratchBuffers
                0x00010e92                SmpScFreeScratchBuffers
                0x00010ec8                SmpScCmac
                0x00010f00                SmpScAlloc
                0x00010f20                SmpScFree
                0x00010f24                SmpScCalcF4
                0x00010f88                SmpScInit
                0x00010fe8                SmpScCat
                0x00010ff4                SmpScCat128
                0x00011002                smpScSendPubKey
                0x00011066                smpScSendDHKeyCheck
                0x000110b6                smpScSendRand
                0x00011106                smpScSendPairCnf
                0x00011156                smpGetPkBit
                0x0001117e                smpGetPeerPublicKey
                0x0001118c                smpSetPeerPublicKey
                0x000111ae                SmpScSetOobCfg
                0x00011224                smpEventStr
                0x00011240                smpStateStr
                0x00011254                smpLogByteArray
 .text          0x00011258      0x7b4 ../../../../../third_party/exactle/projects/generic/stacklib/gcc/bin-cortex-m4/libstacklib.a(smp_sc_act.o)
                0x00011310                smpScProcPairing
                0x000114e8                smpScAuthReq
                0x00011542                smpScActCleanup
                0x00011554                smpScActPairingFailed
                0x0001156a                smpScActPairingCancel
                0x00011582                smpScActAuthSelect
                0x000115e4                smpScActPkSetup
                0x00011616                smpScActJwncCalcF4
                0x0001165a                smpScActJwncCalcG2
                0x000116c2                smpScActJwncDisplay
                0x00011706                smpScActPkKeypress
                0x0001173c                smpScActPkSendKeypress
                0x0001177c                smpScActCalcSharedSecret
                0x000117f0                smpScActCalcF5TKey
                0x00011850                smpScActCalcF5MacKey
                0x000118c0                smpScActCalcF5Ltk
                0x00011930                smpScActDHKeyCalcF6Ea
                0x0001199e                smpScActDHKeyCalcF6Eb
 .text          0x00011a0c       0x2c ../../../../../third_party/exactle/projects/generic/stacklib/gcc/bin-cortex-m4/libstacklib.a(smpi_sc_sm.o)
                0x00011a0c                SmpiScInit
                0x00011a20                smpiStateStr
 .text          0x00011a38       0x2c ../../../../../third_party/exactle/projects/generic/stacklib/gcc/bin-cortex-m4/libstacklib.a(smpr_sc_sm.o)
                0x00011a38                SmprScInit
                0x00011a4c                smprStateStr
 .text          0x00011a64       0x28 ../../../../../third_party/exactle/projects/generic/stacklib/gcc/bin-cortex-m4/libstacklib.a(smpr_sm.o)
                0x00011a64                SmprInit
 .text          0x00011a8c       0xac ../../../../../third_party/exactle/projects/generic/stacklib/gcc/bin-cortex-m4/libstacklib.a(dm_sec_master.o)
                0x00011a8c                DmSmpEncryptReq
                0x00011ab4                DmSecPairReq
                0x00011af2                DmSecEncryptReq
 .text          0x00011b38      0x5c0 ../../../../../third_party/exactle/projects/generic/stacklib/gcc/bin-cortex-m4/libstacklib.a(smp_act.o)
                0x00011b38                smpStartRspTimer
                0x00011b44                smpActNone
                0x00011b46                smpCleanup
                0x00011b78                smpActCleanup
                0x00011b7c                smpSendPairingFailed
                0x00011b9e                smpActPairingFailed
                0x00011bc6                smpActPairingCancel
                0x00011bde                smpActStorePin
                0x00011c06                smpActPairCnfCalc1
                0x00011c28                smpActPairCnfCalc2
                0x00011c30                smpActSendPairCnf
                0x00011c7a                smpActPairCnfVerCalc1
                0x00011c9e                smpActPairCnfVerCalc2
                0x00011ca2                smpSendKey
                0x00011e20                smpProcRcvKey
                0x00011ed8                smpActMaxAttempts
                0x00011efc                smpActAttemptRcvd
                0x00011f04                smpActCheckAttempts
                0x00011f26                smpActPairingCmpl
                0x00011f5e                smpSmExecute
                0x00011fc0                smpProcPairing
                0x000120ac                smpAuthReq
 .text          0x000120f8      0x2e8 ../../../../../third_party/exactle/projects/generic/stacklib/gcc/bin-cortex-m4/libstacklib.a(smpi_act.o)
                0x000120f8                smpiActPairReq
                0x00012168                smpiActCheckSecurityReq
                0x0001217c                smpiActProcSecurityReq
                0x000121a6                smpiActProcPairRsp
                0x0001220c                smpiActProcPairCnf
                0x00012262                smpiActCnfVerify
                0x000122c4                smpiActStkEncrypt
                0x00012308                smpiActSetupKeyDist
                0x0001238c                smpiActRcvKey
                0x000123ba                smpiActSendKey
 .text          0x000123e0      0x34c ../../../../../third_party/exactle/projects/generic/stacklib/gcc/bin-cortex-m4/libstacklib.a(smpi_sc_act.o)
                0x000123e0                smpiScActAuthSelect
                0x000123e4                smpiScActSendPubKey
                0x000123ee                smpiScActJwncSetup
                0x00012424                smpiScActJwncSendRand
                0x00012450                smpiScActJwncCalcF4
                0x00012472                smpiScActJwncCalcG2
                0x000124ae                smpiScActPkCalcCa
                0x00012528                smpiScActPkCalcCb
                0x00012568                smpiScActPkSendCnf
                0x0001256e                smpiScActPkSendRand
                0x00012572                smpiScActPkCheck
                0x000125c2                smpiScActOobCalcCb
                0x00012624                smpiScActOobSendRand
                0x0001267a                smpiScActOobProcRand
                0x0001269c                smpiScActDHKeyCheckSend
                0x000126c6                smpiScActDHKeyCheckVerify
 .text          0x0001272c      0x314 ../../../../../third_party/exactle/projects/generic/stacklib/gcc/bin-cortex-m4/libstacklib.a(smpr_act.o)
                0x0001272c                smprActSendSecurityReq
                0x00012756                smprActCheckSecurityReq
                0x00012762                smprActClearSecurityReq
                0x0001276a                smprActProcPairReq
                0x000127dc                smprActSendPairRsp
                0x0001286c                smprActProcPairCnf
                0x0001288e                smprActProcPairCnfCalc1
                0x000128b0                smprActCnfVerify
                0x0001290c                smprActSendPairRandom
                0x0001296c                smprActSendKey
                0x000129d4                smprActSetupKeyDist
                0x00012a16                smprActRcvKey
 .text          0x00012a40      0x368 ../../../../../third_party/exactle/projects/generic/stacklib/gcc/bin-cortex-m4/libstacklib.a(smpr_sc_act.o)
                0x00012a40                smprScActStoreLescPin
                0x00012a90                smprScActSendPubKey
                0x00012aa6                smprScActJwncSetup
                0x00012ae8                smprScActJwncSendCnf
                0x00012aee                smprScActJwncCalcG2
                0x00012b0e                smprScActPkStoreCnf
                0x00012b1e                smprScActPkCalcCb
                0x00012b60                smprScActPkStoreCnfAndCalcCb
                0x00012b76                smprScActPkStorePinAndCalcCb
                0x00012b8c                smprScActPkSendCnf
                0x00012b90                smprScActPkCalcCa
                0x00012bcc                smprScActPkSendRand
                0x00012c36                smprScActOobSetup
                0x00012c3e                smprScActOobCalcCa
                0x00012cac                smprScActOobSendRand
                0x00012d04                smprScActWaitDhCheck
                0x00012d1c                smprScActCalcDHKey
                0x00012d3e                smprScActDHKeyCheckSend
 *(.text*)
 .text.HciEvtRegister
                0x00012da8       0x1c bin/hci_main.o
                0x00012da8                HciEvtRegister
 .text.HciSecRegister
                0x00012dc4       0x1c bin/hci_main.o
                0x00012dc4                HciSecRegister
 .text.HciAclRegister
                0x00012de0       0x24 bin/hci_main.o
                0x00012de0                HciAclRegister
 .text.HciHandlerInit
                0x00012e04       0x2c bin/hci_main.o
                0x00012e04                HciHandlerInit
 .text.HciHandler
                0x00012e30       0x1c bin/hci_main.o
                0x00012e30                HciHandler
 .text.BdaCpy   0x00012e4c       0x1c bin/bda.o
                0x00012e4c                BdaCpy
 .text.BdaCmp   0x00012e68       0x28 bin/bda.o
                0x00012e68                BdaCmp
 .text.BdaClr   0x00012e90       0x20 bin/bda.o
                0x00012e90                BdaClr
 .text.BdaIsZeros
                0x00012eb0       0x34 bin/bda.o
                0x00012eb0                BdaIsZeros
 .text.Calc128Cpy
                0x00012ee4       0x1c bin/calc128.o
                0x00012ee4                Calc128Cpy
 .text.Calc128Cpy64
                0x00012f00       0x1c bin/calc128.o
                0x00012f00                Calc128Cpy64
 .text.Calc128Xor
                0x00012f1c       0x3c bin/calc128.o
                0x00012f1c                Calc128Xor
 .text.WStrReverseCpy
                0x00012f58       0x50 bin/wstr.o
                0x00012f58                WStrReverseCpy
 .text.WStrReverse
                0x00012fa8       0x60 bin/wstr.o
                0x00012fa8                WStrReverse
 .text.getNextToken
                0x00013008       0x44 bin/sec_aes.o
 .text.SecAes   0x0001304c       0x70 bin/sec_aes.o
                0x0001304c                SecAes
 .text.SecAesHciCback
                0x000130bc       0x3c bin/sec_aes.o
                0x000130bc                SecAesHciCback
 .text.SecAesInit
                0x000130f8       0x1c bin/sec_aes.o
                0x000130f8                SecAesInit
 .text.secCmacProcessBlock
                0x00013114       0xec bin/sec_cmac.o
 .text.secCmacGenSubkey1
                0x00013200       0x48 bin/sec_cmac.o
 .text.secCmacKeyShift
                0x00013248       0x6c bin/sec_cmac.o
 .text.secCmacGenSubkey2
                0x000132b4       0x90 bin/sec_cmac.o
 .text.secCmacComplete
                0x00013344       0x48 bin/sec_cmac.o
 .text.SecCmacHciCback
                0x0001338c       0x5c bin/sec_cmac.o
                0x0001338c                SecCmacHciCback
 .text.SecCmac  0x000133e8       0xac bin/sec_cmac.o
                0x000133e8                SecCmac
 .text.SecCmacInit
                0x00013494       0x1c bin/sec_cmac.o
                0x00013494                SecCmacInit
 .text.SecEccHciCback
                0x000134b0       0x9c bin/sec_ecc_hci.o
                0x000134b0                SecEccHciCback
 .text.SecEccGenKey
                0x0001354c       0x5c bin/sec_ecc_hci.o
                0x0001354c                SecEccGenKey
 .text.SecEccGenSharedSecret
                0x000135a8      0x108 bin/sec_ecc_hci.o
                0x000135a8                SecEccGenSharedSecret
 .text.SecEccInit
                0x000136b0       0x1c bin/sec_ecc_hci.o
                0x000136b0                SecEccInit
 .text.secHciCback
                0x000136cc       0xe4 bin/sec_main.o
 .text.SecInit  0x000137b0       0x28 bin/sec_main.o
                0x000137b0                SecInit
 .text.SecRand  0x000137d8       0x44 bin/sec_main.o
                0x000137d8                SecRand
 .text.GattDiscover
                0x0001381c       0x30 bin/gatt_main.o
                0x0001381c                GattDiscover
 .text.GattValueUpdate
                0x0001384c       0x30 bin/gatt_main.o
                0x0001384c                GattValueUpdate
 .text.AnccSvcDiscover
                0x0001387c       0x30 bin/ancc_main.o
                0x0001387c                AnccSvcDiscover
 .text.AnccInit
                0x000138ac       0x48 bin/ancc_main.o
                0x000138ac                AnccInit
 .text.AnccConnOpen
                0x000138f4       0x38 bin/ancc_main.o
                0x000138f4                AnccConnOpen
 .text.AnccConnClose
                0x0001392c       0x1c bin/ancc_main.o
                0x0001392c                AnccConnClose
 .text.anccNoConnActive
                0x00013948       0x20 bin/ancc_main.o
 .text.anccActionListPush
                0x00013968      0x18c bin/ancc_main.o
 .text.anccActionListPop
                0x00013af4       0x70 bin/ancc_main.o
 .text.AnccActionStart
                0x00013b64       0x3c bin/ancc_main.o
                0x00013b64                AnccActionStart
 .text.AnccActionStop
                0x00013ba0       0x10 bin/ancc_main.o
                0x00013ba0                AnccActionStop
 .text.AnccGetNotificationAttribute
                0x00013bb0       0xd0 bin/ancc_main.o
                0x00013bb0                AnccGetNotificationAttribute
 .text.AncsPerformNotiAction
                0x00013c80       0x80 bin/ancc_main.o
                0x00013c80                AncsPerformNotiAction
 .text.AnccActionHandler
                0x00013d00       0x50 bin/ancc_main.o
                0x00013d00                AnccActionHandler
 .text.anccAttrHandler
                0x00013d50      0x354 bin/ancc_main.o
 .text.AnccNtfValueUpdate
                0x000140a4       0xc0 bin/ancc_main.o
                0x000140a4                AnccNtfValueUpdate
 .text.AnccCbackRegister
                0x00014164       0x34 bin/ancc_main.o
                0x00014164                AnccCbackRegister
 .text.AnccStartServiceDiscovery
                0x00014198       0x24 bin/ancc_main.o
                0x00014198                AnccStartServiceDiscovery
 .text.__NVIC_EnableIRQ
                0x000141bc       0x38 bin/port.o
 .text.__NVIC_SetPriority
                0x000141f4       0x54 bin/port.o
 .text.pxPortInitialiseStack
                0x00014248       0x68 bin/port.o
                0x00014248                pxPortInitialiseStack
 .text.prvTaskExitError
                0x000142b0       0x2c bin/port.o
 *fill*         0x000142dc        0x4 
 .text.SVC_Handler
                0x000142e0       0x24 bin/port.o
                0x000142e0                SVC_Handler
 .text.prvPortStartFirstTask
                0x00014304       0x20 bin/port.o
 .text.vPortEnableVFP
                0x00014324       0x14 bin/port.o
 .text.xPortStartScheduler
                0x00014338      0x108 bin/port.o
                0x00014338                xPortStartScheduler
 .text.vPortEnterCritical
                0x00014440       0x48 bin/port.o
                0x00014440                vPortEnterCritical
 .text.vPortExitCritical
                0x00014488       0x3c bin/port.o
                0x00014488                vPortExitCritical
 *fill*         0x000144c4        0xc 
 .text.PendSV_Handler
                0x000144d0       0x64 bin/port.o
                0x000144d0                PendSV_Handler
 .text.SysTick_Handler
                0x00014534       0x40 bin/port.o
                0x00014534                SysTick_Handler
 .text.vPortValidateInterruptPriority
                0x00014574       0x54 bin/port.o
                0x00014574                vPortValidateInterruptPriority
 .text.vPortSuppressTicksAndSleep
                0x000145c8       0xec bin/port.o
                0x000145c8                vPortSuppressTicksAndSleep
 .text.xPortStimerTickHandler
                0x000146b4       0xb4 bin/port.o
                0x000146b4                xPortStimerTickHandler
 .text.am_stimer_cmpr0_isr
                0x00014768       0x28 bin/port.o
                0x00014768                am_stimer_cmpr0_isr
 .text.vPortSetupTimerInterrupt
                0x00014790       0x7c bin/port.o
                0x00014790                vPortSetupTimerInterrupt
 .text.WsfAssert
                0x0001480c       0x28 bin/wsf_assert.o
                0x0001480c                WsfAssert
 .text.WsfCsEnter
                0x00014834       0x28 bin/wsf_os.o
                0x00014834                WsfCsEnter
 .text.WsfCsExit
                0x0001485c       0x28 bin/wsf_os.o
                0x0001485c                WsfCsExit
 .text.WsfTaskLock
                0x00014884        0xc bin/wsf_os.o
                0x00014884                WsfTaskLock
 .text.WsfTaskUnlock
                0x00014890        0xc bin/wsf_os.o
                0x00014890                WsfTaskUnlock
 .text.WsfSetOsSpecificEvent
                0x0001489c       0x98 bin/wsf_os.o
                0x0001489c                WsfSetOsSpecificEvent
 .text.WsfSetEvent
                0x00014934       0x5c bin/wsf_os.o
                0x00014934                WsfSetEvent
 .text.WsfTaskSetReady
                0x00014990       0x38 bin/wsf_os.o
                0x00014990                WsfTaskSetReady
 .text.WsfTaskMsgQueue
                0x000149c8       0x1c bin/wsf_os.o
                0x000149c8                WsfTaskMsgQueue
 .text.WsfOsSetNextHandler
                0x000149e4       0x38 bin/wsf_os.o
                0x000149e4                WsfOsSetNextHandler
 .text.wsfOsReadyToSleep
                0x00014a1c       0x24 bin/wsf_os.o
                0x00014a1c                wsfOsReadyToSleep
 .text.wsfOsDispatcher
                0x00014a40      0x108 bin/wsf_os.o
                0x00014a40                wsfOsDispatcher
 .text.wsfOsSetEventObject
                0x00014b48       0x1c bin/wsf_os.o
                0x00014b48                wsfOsSetEventObject
 .text.WsfTrace
                0x00014b64       0x58 bin/wsf_trace.o
                0x00014b64                WsfTrace
 .text.__NVIC_EnableIRQ
                0x00014bbc       0x38 bin/hci_drv_apollo3.o
 .text.__NVIC_DisableIRQ
                0x00014bf4       0x44 bin/hci_drv_apollo3.o
 .text.error_check
                0x00014c38       0x38 bin/hci_drv_apollo3.o
 .text.HciDrvRadioBoot
                0x00014c70      0x1f0 bin/hci_drv_apollo3.o
                0x00014c70                HciDrvRadioBoot
 .text.HciDrvRadioShutdown
                0x00014e60       0x94 bin/hci_drv_apollo3.o
                0x00014e60                HciDrvRadioShutdown
 .text.hciDrvWrite
                0x00014ef4      0x124 bin/hci_drv_apollo3.o
                0x00014ef4                hciDrvWrite
 .text.HciDrvHandlerInit
                0x00015018       0x40 bin/hci_drv_apollo3.o
                0x00015018                HciDrvHandlerInit
 .text.HciDrvIntService
                0x00015058       0x58 bin/hci_drv_apollo3.o
                0x00015058                HciDrvIntService
 .text.HciDrvHandler
                0x000150b0      0x278 bin/hci_drv_apollo3.o
                0x000150b0                HciDrvHandler
 .text.HciDrvEmptyWriteQueue
                0x00015328       0x20 bin/hci_drv_apollo3.o
                0x00015328                HciDrvEmptyWriteQueue
 .text.hciCmdAlloc
                0x00015348       0x5c bin/hci_cmd.o
                0x00015348                hciCmdAlloc
 .text.hciCmdSend
                0x000153a4       0x78 bin/hci_cmd.o
                0x000153a4                hciCmdSend
 .text.hciCmdInit
                0x0001541c       0x34 bin/hci_cmd.o
                0x0001541c                hciCmdInit
 .text.hciCmdTimeout
                0x00015450       0x1c bin/hci_cmd.o
                0x00015450                hciCmdTimeout
 .text.hciCmdRecvCmpl
                0x0001546c       0x28 bin/hci_cmd.o
                0x0001546c                hciCmdRecvCmpl
 .text.HciDisconnectCmd
                0x00015494       0x5c bin/hci_cmd.o
                0x00015494                HciDisconnectCmd
 .text.HciLeAddDevWhiteListCmd
                0x000154f0       0x48 bin/hci_cmd.o
                0x000154f0                HciLeAddDevWhiteListCmd
 .text.HciLeClearWhiteListCmd
                0x00015538       0x24 bin/hci_cmd.o
                0x00015538                HciLeClearWhiteListCmd
 .text.HciLeConnUpdateCmd
                0x0001555c      0x10c bin/hci_cmd.o
                0x0001555c                HciLeConnUpdateCmd
 .text.HciLeRemoteConnParamReqReply
                0x00015668      0x108 bin/hci_cmd.o
                0x00015668                HciLeRemoteConnParamReqReply
 .text.HciLeRemoteConnParamReqNegReply
                0x00015770       0x5c bin/hci_cmd.o
                0x00015770                HciLeRemoteConnParamReqNegReply
 .text.HciLeSetDataLen
                0x000157cc       0x8c bin/hci_cmd.o
                0x000157cc                HciLeSetDataLen
 .text.HciLeWriteDefDataLen
                0x00015858       0x6c bin/hci_cmd.o
                0x00015858                HciLeWriteDefDataLen
 .text.HciLeReadLocalP256PubKey
                0x000158c4       0x24 bin/hci_cmd.o
                0x000158c4                HciLeReadLocalP256PubKey
 .text.HciLeGenerateDHKey
                0x000158e8       0x48 bin/hci_cmd.o
                0x000158e8                HciLeGenerateDHKey
 .text.HciLeReadMaxDataLen
                0x00015930       0x24 bin/hci_cmd.o
                0x00015930                HciLeReadMaxDataLen
 .text.HciLeEncryptCmd
                0x00015954       0x48 bin/hci_cmd.o
                0x00015954                HciLeEncryptCmd
 .text.HciLeLtkReqNegReplCmd
                0x0001599c       0x4c bin/hci_cmd.o
                0x0001599c                HciLeLtkReqNegReplCmd
 .text.HciLeLtkReqReplCmd
                0x000159e8       0x58 bin/hci_cmd.o
                0x000159e8                HciLeLtkReqReplCmd
 .text.HciLeRandCmd
                0x00015a40       0x24 bin/hci_cmd.o
                0x00015a40                HciLeRandCmd
 .text.HciLeReadBufSizeCmd
                0x00015a64       0x24 bin/hci_cmd.o
                0x00015a64                HciLeReadBufSizeCmd
 .text.HciLeReadLocalSupFeatCmd
                0x00015a88       0x24 bin/hci_cmd.o
                0x00015a88                HciLeReadLocalSupFeatCmd
 .text.HciLeReadRemoteFeatCmd
                0x00015aac       0x4c bin/hci_cmd.o
                0x00015aac                HciLeReadRemoteFeatCmd
 .text.HciLeReadSupStatesCmd
                0x00015af8       0x24 bin/hci_cmd.o
                0x00015af8                HciLeReadSupStatesCmd
 .text.HciLeReadWhiteListSizeCmd
                0x00015b1c       0x24 bin/hci_cmd.o
                0x00015b1c                HciLeReadWhiteListSizeCmd
 .text.HciLeRemoveDevWhiteListCmd
                0x00015b40       0x48 bin/hci_cmd.o
                0x00015b40                HciLeRemoveDevWhiteListCmd
 .text.HciLeSetAdvEnableCmd
                0x00015b88       0x38 bin/hci_cmd.o
                0x00015b88                HciLeSetAdvEnableCmd
 .text.HciLeSetAdvDataCmd
                0x00015bc0       0x60 bin/hci_cmd.o
                0x00015bc0                HciLeSetAdvDataCmd
 .text.HciLeSetAdvParamCmd
                0x00015c20       0xd0 bin/hci_cmd.o
                0x00015c20                HciLeSetAdvParamCmd
 .text.HciLeSetEventMaskCmd
                0x00015cf0       0x38 bin/hci_cmd.o
                0x00015cf0                HciLeSetEventMaskCmd
 .text.HciLeSetRandAddrCmd
                0x00015d28       0x3c bin/hci_cmd.o
                0x00015d28                HciLeSetRandAddrCmd
 .text.HciLeSetScanRespDataCmd
                0x00015d64       0x60 bin/hci_cmd.o
                0x00015d64                HciLeSetScanRespDataCmd
 .text.HciLeStartEncryptionCmd
                0x00015dc4       0x88 bin/hci_cmd.o
                0x00015dc4                HciLeStartEncryptionCmd
 .text.HciReadBdAddrCmd
                0x00015e4c       0x24 bin/hci_cmd.o
                0x00015e4c                HciReadBdAddrCmd
 .text.HciReadLocalVerInfoCmd
                0x00015e70       0x24 bin/hci_cmd.o
                0x00015e70                HciReadLocalVerInfoCmd
 .text.HciReadRssiCmd
                0x00015e94       0x4c bin/hci_cmd.o
                0x00015e94                HciReadRssiCmd
 .text.HciResetCmd
                0x00015ee0       0x60 bin/hci_cmd.o
                0x00015ee0                HciResetCmd
 .text.HciSetEventMaskCmd
                0x00015f40       0x38 bin/hci_cmd.o
                0x00015f40                HciSetEventMaskCmd
 .text.HciSetEventMaskPage2Cmd
                0x00015f78       0x38 bin/hci_cmd.o
                0x00015f78                HciSetEventMaskPage2Cmd
 .text.HciWriteAuthPayloadTimeout
                0x00015fb0       0x6c bin/hci_cmd.o
                0x00015fb0                HciWriteAuthPayloadTimeout
 .text.HciLeAddDeviceToResolvingListCmd
                0x0001601c       0x68 bin/hci_cmd.o
                0x0001601c                HciLeAddDeviceToResolvingListCmd
 .text.HciLeRemoveDeviceFromResolvingList
                0x00016084       0x48 bin/hci_cmd.o
                0x00016084                HciLeRemoveDeviceFromResolvingList
 .text.HciLeClearResolvingList
                0x000160cc       0x24 bin/hci_cmd.o
                0x000160cc                HciLeClearResolvingList
 .text.HciLeReadResolvingListSize
                0x000160f0       0x24 bin/hci_cmd.o
                0x000160f0                HciLeReadResolvingListSize
 .text.HciLeReadPeerResolvableAddr
                0x00016114       0x48 bin/hci_cmd.o
                0x00016114                HciLeReadPeerResolvableAddr
 .text.HciLeReadLocalResolvableAddr
                0x0001615c       0x48 bin/hci_cmd.o
                0x0001615c                HciLeReadLocalResolvableAddr
 .text.HciLeSetAddrResolutionEnable
                0x000161a4       0x38 bin/hci_cmd.o
                0x000161a4                HciLeSetAddrResolutionEnable
 .text.HciLeSetResolvablePrivateAddrTimeout
                0x000161dc       0x4c bin/hci_cmd.o
                0x000161dc                HciLeSetResolvablePrivateAddrTimeout
 .text.HciLeSetPrivacyModeCmd
                0x00016228       0x58 bin/hci_cmd.o
                0x00016228                HciLeSetPrivacyModeCmd
 .text.HciVendorSpecificCmd
                0x00016280       0x44 bin/hci_cmd.o
                0x00016280                HciVendorSpecificCmd
 .text.hciCoreConnAlloc
                0x000162c4       0x5c bin/hci_core.o
 .text.hciCoreConnFree
                0x00016320       0x84 bin/hci_core.o
 .text.hciCoreConnByHandle
                0x000163a4       0x48 bin/hci_core.o
                0x000163a4                hciCoreConnByHandle
 .text.hciCoreNextConnFragment
                0x000163ec       0x4c bin/hci_core.o
 .text.hciCoreConnOpen
                0x00016438       0x18 bin/hci_core.o
                0x00016438                hciCoreConnOpen
 .text.hciCoreConnClose
                0x00016450       0x18 bin/hci_core.o
                0x00016450                hciCoreConnClose
 .text.hciCoreSendAclData
                0x00016468       0x44 bin/hci_core.o
                0x00016468                hciCoreSendAclData
 .text.hciCoreTxReady
                0x000164ac       0xd0 bin/hci_core.o
                0x000164ac                hciCoreTxReady
 .text.hciCoreTxAclStart
                0x0001657c       0x8c bin/hci_core.o
                0x0001657c                hciCoreTxAclStart
 .text.hciCoreTxAclContinue
                0x00016608       0xb8 bin/hci_core.o
                0x00016608                hciCoreTxAclContinue
 .text.hciCoreTxAclComplete
                0x000166c0       0x44 bin/hci_core.o
                0x000166c0                hciCoreTxAclComplete
 .text.hciCoreAclReassembly
                0x00016704      0x1dc bin/hci_core.o
                0x00016704                hciCoreAclReassembly
 .text.HciCoreInit
                0x000168e0       0x6c bin/hci_core.o
                0x000168e0                HciCoreInit
 .text.HciResetSequence
                0x0001694c       0x9c bin/hci_core.o
                0x0001694c                HciResetSequence
 .text.HciSetMaxRxAclLen
                0x000169e8       0x20 bin/hci_core.o
                0x000169e8                HciSetMaxRxAclLen
 .text.HciSendAclData
                0x00016a08       0xd4 bin/hci_core.o
                0x00016a08                HciSendAclData
 .text.hciCoreInit
                0x00016adc        0xc bin/hci_core_ps.o
                0x00016adc                hciCoreInit
 .text.hciCoreNumCmplPkts
                0x00016ae8       0xd4 bin/hci_core_ps.o
                0x00016ae8                hciCoreNumCmplPkts
 .text.hciCoreRecv
                0x00016bbc       0x30 bin/hci_core_ps.o
                0x00016bbc                hciCoreRecv
 .text.HciCoreHandler
                0x00016bec       0x84 bin/hci_core_ps.o
                0x00016bec                HciCoreHandler
 .text.HciGetBdAddr
                0x00016c70       0x14 bin/hci_core_ps.o
                0x00016c70                HciGetBdAddr
 .text.HciGetBufSize
                0x00016c84       0x18 bin/hci_core_ps.o
                0x00016c84                HciGetBufSize
 .text.HciGetLeSupFeat
                0x00016c9c       0x20 bin/hci_core_ps.o
                0x00016c9c                HciGetLeSupFeat
 .text.HciGetMaxRxAclLen
                0x00016cbc       0x18 bin/hci_core_ps.o
                0x00016cbc                HciGetMaxRxAclLen
 .text.HciLlPrivacySupported
                0x00016cd4       0x24 bin/hci_core_ps.o
                0x00016cd4                HciLlPrivacySupported
 .text.hciEvtParseLeConnCmpl
                0x00016cf8      0x104 bin/hci_evt.o
 .text.hciEvtParseLeEnhancedConnCmpl
                0x00016dfc      0x10c bin/hci_evt.o
 .text.hciEvtParseDisconnectCmpl
                0x00016f08       0x60 bin/hci_evt.o
 .text.hciEvtParseLeConnUpdateCmpl
                0x00016f68       0xb4 bin/hci_evt.o
 .text.hciEvtParseLeCreateConnCancelCmdCmpl
                0x0001701c       0x2c bin/hci_evt.o
 .text.hciEvtParseReadRssiCmdCmpl
                0x00017048       0x64 bin/hci_evt.o
 .text.hciEvtParseReadChanMapCmdCmpl
                0x000170ac       0x60 bin/hci_evt.o
 .text.hciEvtParseReadTxPwrLvlCmdCmpl
                0x0001710c       0x54 bin/hci_evt.o
 .text.hciEvtParseReadRemoteVerInfoCmpl
                0x00017160       0xa0 bin/hci_evt.o
 .text.hciEvtParseReadLeRemoteFeatCmpl
                0x00017200       0x60 bin/hci_evt.o
 .text.hciEvtParseLeLtkReqReplCmdCmpl
                0x00017260       0x54 bin/hci_evt.o
 .text.hciEvtParseLeLtkReqNegReplCmdCmpl
                0x000172b4       0x54 bin/hci_evt.o
 .text.hciEvtParseEncKeyRefreshCmpl
                0x00017308       0x54 bin/hci_evt.o
 .text.hciEvtParseEncChange
                0x0001735c       0x60 bin/hci_evt.o
 .text.hciEvtParseLeLtkReq
                0x000173bc       0x70 bin/hci_evt.o
 .text.hciEvtParseVendorSpecCmdStatus
                0x0001742c       0x38 bin/hci_evt.o
 .text.hciEvtParseVendorSpecCmdCmpl
                0x00017464       0x58 bin/hci_evt.o
 .text.hciEvtParseVendorSpec
                0x000174bc       0x24 bin/hci_evt.o
 .text.hciEvtParseHwError
                0x000174e0       0x24 bin/hci_evt.o
 .text.hciEvtParseLeEncryptCmdCmpl
                0x00017504       0x38 bin/hci_evt.o
 .text.hciEvtParseLeRandCmdCmpl
                0x0001753c       0x38 bin/hci_evt.o
 .text.hciEvtParseLeAddDevToResListCmdCmpl
                0x00017574       0x2c bin/hci_evt.o
 .text.hciEvtParseLeRemDevFromResListCmdCmpl
                0x000175a0       0x2c bin/hci_evt.o
 .text.hciEvtParseLeClearResListCmdCmpl
                0x000175cc       0x2c bin/hci_evt.o
 .text.hciEvtParseLeReadPeerResAddrCmdCmpl
                0x000175f8       0x3c bin/hci_evt.o
 .text.hciEvtParseLeReadLocalResAddrCmdCmpl
                0x00017634       0x3c bin/hci_evt.o
 .text.hciEvtParseLeSetAddrResEnableCmdCmpl
                0x00017670       0x2c bin/hci_evt.o
 .text.hciEvtParseRemConnParamRepCmdCmpl
                0x0001769c       0x54 bin/hci_evt.o
 .text.hciEvtParseRemConnParamNegRepCmdCmpl
                0x000176f0       0x54 bin/hci_evt.o
 .text.hciEvtParseReadDefDataLenCmdCmpl
                0x00017744       0x6c bin/hci_evt.o
 .text.hciEvtParseWriteDefDataLenCmdCmpl
                0x000177b0       0x2c bin/hci_evt.o
 .text.hciEvtParseSetDataLenCmdCmpl
                0x000177dc       0x54 bin/hci_evt.o
 .text.hciEvtParseReadMaxDataLenCmdCmpl
                0x00017830       0xac bin/hci_evt.o
 .text.hciEvtParseRemConnParamReq
                0x000178dc       0xc0 bin/hci_evt.o
 .text.hciEvtParseDataLenChange
                0x0001799c       0xc0 bin/hci_evt.o
 .text.hciEvtParseReadPubKeyCmdCmpl
                0x00017a5c       0x38 bin/hci_evt.o
 .text.hciEvtParseGenDhKeyCmdCmpl
                0x00017a94       0x38 bin/hci_evt.o
 .text.hciEvtParseWriteAuthTimeoutCmdCmpl
                0x00017acc       0x54 bin/hci_evt.o
 .text.hciEvtParseAuthTimeoutExpiredEvt
                0x00017b20       0x40 bin/hci_evt.o
 .text.hciEvtParseReadPhyCmdCmpl
                0x00017b60       0x6c bin/hci_evt.o
 .text.hciEvtParseSetDefPhyCmdCmpl
                0x00017bcc       0x2c bin/hci_evt.o
 .text.hciEvtParsePhyUpdateCmpl
                0x00017bf8       0x6c bin/hci_evt.o
 .text.hciEvtProcessLeAdvReport
                0x00017c64       0xec bin/hci_evt.o
 .text.hciEvtProcessLeExtAdvReport
                0x00017d50      0x1ac bin/hci_evt.o
 .text.hciEvtParseLeScanTimeout
                0x00017efc       0x18 bin/hci_evt.o
 .text.hciEvtParseLeAdvSetTerm
                0x00017f14       0x6c bin/hci_evt.o
 .text.hciEvtParseLeScanReqRcvd
                0x00017f80       0x40 bin/hci_evt.o
 .text.hciEvtParseLePerAdvSyncEst
                0x00017fc0       0xac bin/hci_evt.o
 .text.hciEvtProcessLePerAdvReport
                0x0001806c       0xd4 bin/hci_evt.o
 .text.hciEvtParseLeCmdCmpl
                0x00018140       0x24 bin/hci_evt.o
 .text.hciEvtParseLePerAdvSyncLost
                0x00018164       0x38 bin/hci_evt.o
 .text.hciEvtProcessLeDirectAdvReport
                0x0001819c       0xc4 bin/hci_evt.o
 .text.hciEvtCmdStatusFailure
                0x00018260       0x1c bin/hci_evt.o
                0x00018260                hciEvtCmdStatusFailure
 .text.hciEvtProcessCmdStatus
                0x0001827c       0x58 bin/hci_evt.o
                0x0001827c                hciEvtProcessCmdStatus
 .text.hciEvtProcessCmdCmpl
                0x000182d4      0x2ac bin/hci_evt.o
                0x000182d4                hciEvtProcessCmdCmpl
 .text.hciEvtProcessMsg
                0x00018580      0x330 bin/hci_evt.o
                0x00018580                hciEvtProcessMsg
 .text.hciTrSendAclData
                0x000188b0       0x4c bin/hci_tr.o
                0x000188b0                hciTrSendAclData
 .text.hciTrSendCmd
                0x000188fc       0x38 bin/hci_tr.o
                0x000188fc                hciTrSendCmd
 .text.hciTrSerialRxIncoming
                0x00018934      0x218 bin/hci_tr.o
                0x00018934                hciTrSerialRxIncoming
 .text.hciCoreReadResolvingListSize
                0x00018b4c       0x3c bin/hci_vs.o
 .text.hciCoreReadMaxDataLen
                0x00018b88       0x34 bin/hci_vs.o
 .text.hciCoreResetStart
                0x00018bbc        0xc bin/hci_vs.o
                0x00018bbc                hciCoreResetStart
 .text.hciCoreResetSequence
                0x00018bc8      0x2cc bin/hci_vs.o
                0x00018bc8                hciCoreResetSequence
 .text.hciCoreVsCmdCmplRcvd
                0x00018e94       0x20 bin/hci_vs.o
                0x00018e94                hciCoreVsCmdCmplRcvd
 .text.HciVsInit
                0x00018eb4       0x14 bin/hci_vs.o
                0x00018eb4                HciVsInit
 .text.WsfBufInit
                0x00018ec8      0x154 bin/wsf_buf.o
                0x00018ec8                WsfBufInit
 .text.WsfBufAlloc
                0x0001901c       0x80 bin/wsf_buf.o
                0x0001901c                WsfBufAlloc
 .text.WsfBufFree
                0x0001909c       0x74 bin/wsf_buf.o
                0x0001909c                WsfBufFree
 .text.WsfMsgDataAlloc
                0x00019110       0x2c bin/wsf_msg.o
                0x00019110                WsfMsgDataAlloc
 .text.WsfMsgAlloc
                0x0001913c       0x30 bin/wsf_msg.o
                0x0001913c                WsfMsgAlloc
 .text.WsfMsgFree
                0x0001916c       0x18 bin/wsf_msg.o
                0x0001916c                WsfMsgFree
 .text.WsfMsgSend
                0x00019184       0x34 bin/wsf_msg.o
                0x00019184                WsfMsgSend
 .text.WsfMsgEnq
                0x000191b8       0x28 bin/wsf_msg.o
                0x000191b8                WsfMsgEnq
 .text.WsfMsgDeq
                0x000191e0       0x30 bin/wsf_msg.o
                0x000191e0                WsfMsgDeq
 .text.WsfQueueEnq
                0x00019210       0x44 bin/wsf_queue.o
                0x00019210                WsfQueueEnq
 .text.WsfQueueDeq
                0x00019254       0x3c bin/wsf_queue.o
                0x00019254                WsfQueueDeq
 .text.WsfQueuePush
                0x00019290       0x34 bin/wsf_queue.o
                0x00019290                WsfQueuePush
 .text.WsfQueueInsert
                0x000192c4       0x54 bin/wsf_queue.o
                0x000192c4                WsfQueueInsert
 .text.WsfQueueRemove
                0x00019318       0x4c bin/wsf_queue.o
                0x00019318                WsfQueueRemove
 .text.WsfQueueCount
                0x00019364       0x38 bin/wsf_queue.o
                0x00019364                WsfQueueCount
 .text.WsfQueueEmpty
                0x0001939c       0x2c bin/wsf_queue.o
                0x0001939c                WsfQueueEmpty
 .text.wsfTimerRemove
                0x000193c8       0x50 bin/wsf_timer.o
 .text.wsfTimerInsert
                0x00019418       0x6c bin/wsf_timer.o
 .text.WsfTimerInit
                0x00019484       0x1c bin/wsf_timer.o
                0x00019484                WsfTimerInit
 .text.WsfTimerStartSec
                0x000194a0       0x20 bin/wsf_timer.o
                0x000194a0                WsfTimerStartSec
 .text.WsfTimerStartMs
                0x000194c0       0x28 bin/wsf_timer.o
                0x000194c0                WsfTimerStartMs
 .text.WsfTimerStop
                0x000194e8       0x1c bin/wsf_timer.o
                0x000194e8                WsfTimerStop
 .text.WsfTimerUpdate
                0x00019504       0x58 bin/wsf_timer.o
                0x00019504                WsfTimerUpdate
 .text.WsfTimerNextExpiration
                0x0001955c       0x40 bin/wsf_timer.o
                0x0001955c                WsfTimerNextExpiration
 .text.WsfTimerServiceExpired
                0x0001959c       0x50 bin/wsf_timer.o
                0x0001959c                WsfTimerServiceExpired
 .text.AppDbInit
                0x000195ec       0x10 bin/app_db.o
                0x000195ec                AppDbInit
 .text.AppDbNewRecord
                0x000195fc       0xa4 bin/app_db.o
                0x000195fc                AppDbNewRecord
 .text.AppDbGetNextRecord
                0x000196a0       0x6c bin/app_db.o
                0x000196a0                AppDbGetNextRecord
 .text.AppDbDeleteRecord
                0x0001970c       0x1c bin/app_db.o
                0x0001970c                AppDbDeleteRecord
 .text.AppDbValidateRecord
                0x00019728       0x28 bin/app_db.o
                0x00019728                AppDbValidateRecord
 .text.AppDbCheckValidRecord
                0x00019750       0x20 bin/app_db.o
                0x00019750                AppDbCheckValidRecord
 .text.AppDbRecordInUse
                0x00019770       0x58 bin/app_db.o
                0x00019770                AppDbRecordInUse
 .text.AppDbCheckBonded
                0x000197c8       0x44 bin/app_db.o
                0x000197c8                AppDbCheckBonded
 .text.AppDbDeleteAllRecords
                0x0001980c       0x38 bin/app_db.o
                0x0001980c                AppDbDeleteAllRecords
 .text.AppDbFindByAddr
                0x00019844       0x6c bin/app_db.o
                0x00019844                AppDbFindByAddr
 .text.AppDbFindByLtkReq
                0x000198b0       0x64 bin/app_db.o
                0x000198b0                AppDbFindByLtkReq
 .text.AppDbGetKey
                0x00019914       0x94 bin/app_db.o
                0x00019914                AppDbGetKey
 .text.AppDbSetKey
                0x000199a8       0xf8 bin/app_db.o
                0x000199a8                AppDbSetKey
 .text.AppDbGetCccTbl
                0x00019aa0       0x18 bin/app_db.o
                0x00019aa0                AppDbGetCccTbl
 .text.AppDbSetCccTblValue
                0x00019ab8       0x28 bin/app_db.o
                0x00019ab8                AppDbSetCccTblValue
 .text.AppDbGetDiscStatus
                0x00019ae0       0x1c bin/app_db.o
                0x00019ae0                AppDbGetDiscStatus
 .text.AppDbSetDiscStatus
                0x00019afc       0x20 bin/app_db.o
                0x00019afc                AppDbSetDiscStatus
 .text.AppDbGetHdlList
                0x00019b1c       0x18 bin/app_db.o
                0x00019b1c                AppDbGetHdlList
 .text.AppDbSetHdlList
                0x00019b34       0x20 bin/app_db.o
                0x00019b34                AppDbSetHdlList
 .text.AppDbGetPeerSignCounter
                0x00019b54       0x1c bin/app_db.o
                0x00019b54                AppDbGetPeerSignCounter
 .text.AppDbSetPeerSignCounter
                0x00019b70       0x1c bin/app_db.o
                0x00019b70                AppDbSetPeerSignCounter
 .text.AppDbGetPeerAddedToRl
                0x00019b8c       0x1c bin/app_db.o
                0x00019b8c                AppDbGetPeerAddedToRl
 .text.AppDbSetPeerAddedToRl
                0x00019ba8       0x20 bin/app_db.o
                0x00019ba8                AppDbSetPeerAddedToRl
 .text.AppDbGetPeerRpao
                0x00019bc8       0x1c bin/app_db.o
                0x00019bc8                AppDbGetPeerRpao
 .text.AppUiAction
                0x00019be4      0x128 bin/app_ui.o
                0x00019be4                AppUiAction
 .text.AppUiDisplayPasskey
                0x00019d0c       0x1c bin/app_ui.o
                0x00019d0c                AppUiDisplayPasskey
 .text.appUiTimerExpired
                0x00019d28       0x14 bin/app_ui.o
                0x00019d28                appUiTimerExpired
 .text.appUiBtnPoll
                0x00019d3c        0xc bin/app_ui.o
                0x00019d3c                appUiBtnPoll
 .text.AppUiBtnRegister
                0x00019d48       0x1c bin/app_ui.o
                0x00019d48                AppUiBtnRegister
 .text.AppUiBtnPressed
                0x00019d64        0xc bin/app_ui.o
                0x00019d64                AppUiBtnPressed
 .text.ancsDmCback
                0x00019d70       0x38 bin/ancs_main.o
 .text.ancsAttCback
                0x00019da8       0x60 bin/ancs_main.o
 .text.ancsCccCback
                0x00019e08       0x68 bin/ancs_main.o
 .text.ancsProcCccState
                0x00019e70       0x28 bin/ancs_main.o
 .text.ancsClose
                0x00019e98       0x14 bin/ancs_main.o
 .text.ancsSetup
                0x00019eac       0x44 bin/ancs_main.o
 .text.ancsValueUpdate
                0x00019ef0       0x74 bin/ancs_main.o
 .text.ancsBtnCback
                0x00019f64       0x98 bin/ancs_main.o
 .text.ancsDiscCback
                0x00019ffc      0x14c bin/ancs_main.o
 .text.ancsProcMsg
                0x0001a148      0x380 bin/ancs_main.o
 .text.AncsHandlerInit
                0x0001a4c8       0x94 bin/ancs_main.o
                0x0001a4c8                AncsHandlerInit
 .text.AncsHandler
                0x0001a55c       0x68 bin/ancs_main.o
                0x0001a55c                AncsHandler
 .text.ancsAnccAttrCback
                0x0001a5c4      0x39c bin/ancs_main.o
                0x0001a5c4                ancsAnccAttrCback
 .text.ancsRejectCall
                0x0001a960       0x3c bin/ancs_main.o
                0x0001a960                ancsRejectCall
 .text.ancsAnccNotifCback
                0x0001a99c       0x1c bin/ancs_main.o
                0x0001a99c                ancsAnccNotifCback
 .text.anccNotiRemoveCback
                0x0001a9b8       0x20 bin/ancs_main.o
                0x0001a9b8                anccNotiRemoveCback
 .text.AncsStart
                0x0001a9d8       0x74 bin/ancs_main.o
                0x0001a9d8                AncsStart
 .text.enable_print_interface
                0x0001aa4c        0xc bin/ble_freertos_ancs.o
                0x0001aa4c                enable_print_interface
 .text.main     0x0001aa58       0x3c bin/ble_freertos_ancs.o
                0x0001aa58                main
 .text.__NVIC_SetPriority
                0x0001aa94       0x54 bin/radio_task.o
 .text.wsf_timer_handler
                0x0001aae8       0x18 bin/radio_task.o
                0x0001aae8                wsf_timer_handler
 .text.scheduler_timer_init
                0x0001ab00       0x38 bin/radio_task.o
                0x0001ab00                scheduler_timer_init
 .text.update_scheduler_timers
                0x0001ab38       0x40 bin/radio_task.o
                0x0001ab38                update_scheduler_timers
 .text.set_next_wakeup
                0x0001ab78       0x50 bin/radio_task.o
                0x0001ab78                set_next_wakeup
 .text.exactle_stack_init
                0x0001abc8      0x148 bin/radio_task.o
                0x0001abc8                exactle_stack_init
 .text.am_uart_isr
                0x0001ad10       0x24 bin/radio_task.o
                0x0001ad10                am_uart_isr
 .text.am_ble_isr
                0x0001ad34       0x14 bin/radio_task.o
                0x0001ad34                am_ble_isr
 .text.RadioTaskSetup
                0x0001ad48       0x40 bin/radio_task.o
                0x0001ad48                RadioTaskSetup
 .text.RadioTask
                0x0001ad88       0x4c bin/radio_task.o
                0x0001ad88                RadioTask
 .text.am_ctimer_isr
                0x0001add4       0x20 bin/rtos.o
                0x0001add4                am_ctimer_isr
 .text.am_freertos_sleep
                0x0001adf4       0x18 bin/rtos.o
                0x0001adf4                am_freertos_sleep
 .text.am_freertos_wakeup
                0x0001ae0c       0x14 bin/rtos.o
                0x0001ae0c                am_freertos_wakeup
 .text.vApplicationMallocFailedHook
                0x0001ae20        0x8 bin/rtos.o
                0x0001ae20                vApplicationMallocFailedHook
 .text.vApplicationStackOverflowHook
                0x0001ae28       0x10 bin/rtos.o
                0x0001ae28                vApplicationStackOverflowHook
 .text.TestTask
                0x0001ae38       0x68 bin/rtos.o
                0x0001ae38                TestTask
 .text.setup_task
                0x0001aea0       0x5c bin/rtos.o
                0x0001aea0                setup_task
 .text.run_tasks
                0x0001aefc       0x30 bin/rtos.o
                0x0001aefc                run_tasks
 .text.appDiscStart
                0x0001af2c       0xc0 bin/app_disc.o
                0x0001af2c                appDiscStart
 .text.appDiscConnOpen
                0x0001afec       0x8c bin/app_disc.o
 .text.appDiscConnClose
                0x0001b078       0x5c bin/app_disc.o
 .text.appDiscPairCmpl
                0x0001b0d4       0xd8 bin/app_disc.o
 .text.appDiscEncryptInd
                0x0001b1ac       0x80 bin/app_disc.o
 .text.AppDiscProcDmMsg
                0x0001b22c       0x58 bin/app_disc.o
                0x0001b22c                AppDiscProcDmMsg
 .text.AppDiscProcAttMsg
                0x0001b284      0x194 bin/app_disc.o
                0x0001b284                AppDiscProcAttMsg
 .text.AppDiscInit
                0x0001b418       0x40 bin/app_disc.o
                0x0001b418                AppDiscInit
 .text.AppDiscRegister
                0x0001b458       0x1c bin/app_disc.o
                0x0001b458                AppDiscRegister
 .text.AppDiscSetHdlList
                0x0001b474       0x38 bin/app_disc.o
                0x0001b474                AppDiscSetHdlList
 .text.AppDiscComplete
                0x0001b4ac       0xc4 bin/app_disc.o
                0x0001b4ac                AppDiscComplete
 .text.AppDiscFindService
                0x0001b570       0x88 bin/app_disc.o
                0x0001b570                AppDiscFindService
 .text.AppDiscConfigure
                0x0001b5f8       0xac bin/app_disc.o
                0x0001b5f8                AppDiscConfigure
 .text.AppDiscServiceChanged
                0x0001b6a4      0x160 bin/app_disc.o
                0x0001b6a4                AppDiscServiceChanged
 .text.appProcMsg
                0x0001b804       0x2c bin/app_main.o
 .text.appCheckBonded
                0x0001b830       0x28 bin/app_main.o
                0x0001b830                appCheckBonded
 .text.appCheckBondByLtk
                0x0001b858       0x28 bin/app_main.o
                0x0001b858                appCheckBondByLtk
 .text.appNumConns
                0x0001b880       0x5c bin/app_main.o
                0x0001b880                appNumConns
 .text.AppHandlerInit
                0x0001b8dc       0x20 bin/app_main.o
                0x0001b8dc                AppHandlerInit
 .text.AppHandler
                0x0001b8fc       0x58 bin/app_main.o
                0x0001b8fc                AppHandler
 .text.AppHandlePasskey
                0x0001b954       0x78 bin/app_main.o
                0x0001b954                AppHandlePasskey
 .text.AppConnClose
                0x0001b9cc       0x1c bin/app_main.o
                0x0001b9cc                AppConnClose
 .text.AppConnIsOpen
                0x0001b9e8       0x44 bin/app_main.o
                0x0001b9e8                AppConnIsOpen
 .text.AppDbGetHdl
                0x0001ba2c       0x28 bin/app_main.o
                0x0001ba2c                AppDbGetHdl
 .text.AppAddDevToResList
                0x0001ba54       0x68 bin/app_main.o
                0x0001ba54                AppAddDevToResList
 .text.AppUpdatePrivacyMode
                0x0001babc       0x58 bin/app_main.o
                0x0001babc                AppUpdatePrivacyMode
 .text.appServerSetSigningInfo
                0x0001bb14       0x50 bin/app_server.o
 .text.AppServerConnCback
                0x0001bb64      0x100 bin/app_server.o
                0x0001bb64                AppServerConnCback
 .text.appSlaveAdvModeInit
                0x0001bc64       0x1c bin/app_slave.o
 .text.appSlaveConnectableAdv
                0x0001bc80       0x74 bin/app_slave.o
 .text.appSlaveForceAdvDataSync
                0x0001bcf4       0x60 bin/app_slave.o
 .text.appSetAdvScanDataFrag
                0x0001bd54      0x10c bin/app_slave.o
 .text.appSetAdvScanData
                0x0001be60       0xe0 bin/app_slave.o
 .text.appConnUpdateTimerStart
                0x0001bf40       0x54 bin/app_slave.o
 .text.appConnUpdateTimerStop
                0x0001bf94       0x28 bin/app_slave.o
                0x0001bf94                appConnUpdateTimerStop
 .text.appSlaveResolveAddr
                0x0001bfbc       0x6c bin/app_slave.o
 .text.appSecRspLtk
                0x0001c028       0x70 bin/app_slave.o
 .text.appSlaveConnOpen
                0x0001c098       0x2c bin/app_slave.o
 .text.appSlaveConnClose
                0x0001c0c4       0x60 bin/app_slave.o
 .text.appSlaveProcConnOpen
                0x0001c124       0x78 bin/app_slave.o
 .text.appSlaveProcConnClose
                0x0001c19c       0x60 bin/app_slave.o
 .text.appSlaveConnUpdate
                0x0001c1fc       0x78 bin/app_slave.o
 .text.appSlaveResolvedAddrInd
                0x0001c274       0xb0 bin/app_slave.o
 .text.appSlaveRemoteConnParamReq
                0x0001c324       0x68 bin/app_slave.o
 .text.appSlaveSecConnOpen
                0x0001c38c       0x80 bin/app_slave.o
                0x0001c38c                appSlaveSecConnOpen
 .text.appSecConnClose
                0x0001c40c       0x24 bin/app_slave.o
                0x0001c40c                appSecConnClose
 .text.appSecPairInd
                0x0001c430      0x10c bin/app_slave.o
 .text.appSecStoreKey
                0x0001c53c       0x40 bin/app_slave.o
 .text.appSecPairCmpl
                0x0001c57c       0x68 bin/app_slave.o
 .text.appSecPairFailed
                0x0001c5e4       0x18 bin/app_slave.o
 .text.appSecEncryptInd
                0x0001c5fc       0x30 bin/app_slave.o
 .text.appSecFindLtk
                0x0001c62c       0x80 bin/app_slave.o
 .text.appPrivSetAddrResEnableInd
                0x0001c6ac       0x24 bin/app_slave.o
 .text.appPrivAddDevToResListInd
                0x0001c6d0       0x54 bin/app_slave.o
 .text.appPrivRemDevFromResListInd
                0x0001c724       0x48 bin/app_slave.o
 .text.appSlaveConnUpdateTimeout
                0x0001c76c       0x98 bin/app_slave.o
 .text.appSlaveProcMsg
                0x0001c804       0x50 bin/app_slave.o
                0x0001c804                appSlaveProcMsg
 .text.AppSlaveInit
                0x0001c854       0x80 bin/app_slave.o
                0x0001c854                AppSlaveInit
 .text.AppSlaveProcDmMsg
                0x0001c8d4      0x190 bin/app_slave.o
                0x0001c8d4                AppSlaveProcDmMsg
 .text.appAdvSetData
                0x0001ca64       0xb8 bin/app_slave.o
                0x0001ca64                appAdvSetData
 .text.appAdvStart
                0x0001cb1c      0x114 bin/app_slave.o
                0x0001cb1c                appAdvStart
 .text.appSlaveAdvStart
                0x0001cc30       0xac bin/app_slave.o
                0x0001cc30                appSlaveAdvStart
 .text.AppSlaveSecProcDmMsg
                0x0001ccdc      0x100 bin/app_slave.o
                0x0001ccdc                AppSlaveSecProcDmMsg
 .text.AppSetBondable
                0x0001cddc       0x20 bin/app_slave.o
                0x0001cddc                AppSetBondable
 .text.AppSetAdvPeerAddr
                0x0001cdfc       0x2c bin/app_slave.o
                0x0001cdfc                AppSetAdvPeerAddr
 .text.AppSlaveSecurityReq
                0x0001ce28       0x34 bin/app_slave.o
                0x0001ce28                AppSlaveSecurityReq
 .text.appSlaveLegAdvStart
                0x0001ce5c       0x60 bin/app_slave_leg.o
 .text.appSlaveLegAdvTypeChanged
                0x0001cebc       0x28 bin/app_slave_leg.o
 .text.appSlaveNextLegAdvState
                0x0001cee4       0x30 bin/app_slave_leg.o
 .text.appSlaveLegAdvStop
                0x0001cf14       0x3c bin/app_slave_leg.o
 .text.appSlaveLegAdvRestart
                0x0001cf50       0x38 bin/app_slave_leg.o
 .text.appSlaveAdvMode
                0x0001cf88       0x48 bin/app_slave_leg.o
 .text.AppAdvSetData
                0x0001cfd0       0x40 bin/app_slave_leg.o
                0x0001cfd0                AppAdvSetData
 .text.AppAdvStart
                0x0001d010       0x58 bin/app_slave_leg.o
                0x0001d010                AppAdvStart
 .text.SvcCoreAddGroup
                0x0001d068       0x1c bin/svc_core.o
                0x0001d068                SvcCoreAddGroup
 .text.SvcCoreGapCentAddrResUpdate
                0x0001d084       0x20 bin/svc_core.o
                0x0001d084                SvcCoreGapCentAddrResUpdate
 .text.SvcDisAddGroup
                0x0001d0a4       0x10 bin/svc_dis.o
                0x0001d0a4                SvcDisAddGroup
 .text.am_util_delay_ms
                0x0001d0b4       0x38 bin/am_util_delay.o
                0x0001d0b4                am_util_delay_ms
 .text.am_util_delay_us
                0x0001d0ec       0x38 bin/am_util_delay.o
                0x0001d0ec                am_util_delay_us
 .text.HardFault_Handler
                0x0001d124       0x1c bin/am_util_faultisr.o
                0x0001d124                HardFault_Handler
 .text.getStackedReg
                0x0001d140        0xc bin/am_util_faultisr.o
                0x0001d140                getStackedReg
 .text.am_util_faultisr_collect_data
                0x0001d14c       0xfc bin/am_util_faultisr.o
                0x0001d14c                am_util_faultisr_collect_data
 .text.am_util_stdio_printf_init
                0x0001d248       0x1c bin/am_util_stdio.o
                0x0001d248                am_util_stdio_printf_init
 .text.divu64_10
                0x0001d264      0x1bc bin/am_util_stdio.o
 .text.ndigits_in_u64
                0x0001d420       0x44 bin/am_util_stdio.o
 .text.ndigits_in_i64
                0x0001d464       0x3c bin/am_util_stdio.o
 .text.ndigits_in_hex
                0x0001d4a0       0x4c bin/am_util_stdio.o
 .text.decstr_to_int
                0x0001d4ec       0x8c bin/am_util_stdio.o
 .text.uint64_to_str
                0x0001d578       0x90 bin/am_util_stdio.o
 .text.uint64_to_hexstr
                0x0001d608       0xc0 bin/am_util_stdio.o
 .text.simple_strlen
                0x0001d6c8       0x38 bin/am_util_stdio.o
 .text.padbuffer
                0x0001d700       0x4c bin/am_util_stdio.o
 .text.ftoa     0x0001d74c      0x200 bin/am_util_stdio.o
 .text.am_util_stdio_vsprintf
                0x0001d94c      0x614 bin/am_util_stdio.o
                0x0001d94c                am_util_stdio_vsprintf
 .text.am_util_stdio_printf
                0x0001df60       0x48 bin/am_util_stdio.o
                0x0001df60                am_util_stdio_printf
 .text.xEventGroupCreate
                0x0001dfa8       0x30 bin/event_groups.o
                0x0001dfa8                xEventGroupCreate
 .text.xEventGroupWaitBits
                0x0001dfd8      0x14c bin/event_groups.o
                0x0001dfd8                xEventGroupWaitBits
 .text.xEventGroupSetBits
                0x0001e124       0xf0 bin/event_groups.o
                0x0001e124                xEventGroupSetBits
 .text.vEventGroupSetBitsCallback
                0x0001e214       0x18 bin/event_groups.o
                0x0001e214                vEventGroupSetBitsCallback
 .text.prvTestWaitCondition
                0x0001e22c       0x44 bin/event_groups.o
 .text.vListInitialise
                0x0001e270       0x40 bin/list.o
                0x0001e270                vListInitialise
 .text.vListInitialiseItem
                0x0001e2b0       0x18 bin/list.o
                0x0001e2b0                vListInitialiseItem
 .text.vListInsertEnd
                0x0001e2c8       0x48 bin/list.o
                0x0001e2c8                vListInsertEnd
 .text.vListInsert
                0x0001e310       0x70 bin/list.o
                0x0001e310                vListInsert
 .text.uxListRemove
                0x0001e380       0x54 bin/list.o
                0x0001e380                uxListRemove
 .text.xQueueGenericReset
                0x0001e3d4       0xbc bin/queue.o
                0x0001e3d4                xQueueGenericReset
 .text.xQueueGenericCreate
                0x0001e490       0x60 bin/queue.o
                0x0001e490                xQueueGenericCreate
 .text.prvInitialiseNewQueue
                0x0001e4f0       0x3c bin/queue.o
 .text.xQueueGenericSend
                0x0001e52c      0x1b4 bin/queue.o
                0x0001e52c                xQueueGenericSend
 .text.xQueueGenericSendFromISR
                0x0001e6e0       0xf4 bin/queue.o
                0x0001e6e0                xQueueGenericSendFromISR
 .text.xQueueGenericReceive
                0x0001e7d4      0x1c8 bin/queue.o
                0x0001e7d4                xQueueGenericReceive
 .text.prvCopyDataToQueue
                0x0001e99c       0xbc bin/queue.o
 .text.prvCopyDataFromQueue
                0x0001ea58       0x4c bin/queue.o
 .text.prvUnlockQueue
                0x0001eaa4       0xa4 bin/queue.o
 .text.prvIsQueueEmpty
                0x0001eb48       0x2c bin/queue.o
 .text.prvIsQueueFull
                0x0001eb74       0x30 bin/queue.o
 .text.vQueueWaitForMessageRestricted
                0x0001eba4       0x6c bin/queue.o
                0x0001eba4                vQueueWaitForMessageRestricted
 .text.xTaskCreate
                0x0001ec10       0x84 bin/tasks.o
                0x0001ec10                xTaskCreate
 .text.prvInitialiseNewTask
                0x0001ec94       0xec bin/tasks.o
 .text.prvAddNewTaskToReadyList
                0x0001ed80       0xd4 bin/tasks.o
 .text.vTaskDelayUntil
                0x0001ee54       0xbc bin/tasks.o
                0x0001ee54                vTaskDelayUntil
 .text.vTaskSuspend
                0x0001ef10       0xc0 bin/tasks.o
                0x0001ef10                vTaskSuspend
 .text.vTaskStartScheduler
                0x0001efd0       0x84 bin/tasks.o
                0x0001efd0                vTaskStartScheduler
 .text.vTaskSuspendAll
                0x0001f054       0x1c bin/tasks.o
                0x0001f054                vTaskSuspendAll
 .text.prvGetExpectedIdleTime
                0x0001f070       0x70 bin/tasks.o
 .text.xTaskResumeAll
                0x0001f0e0      0x128 bin/tasks.o
                0x0001f0e0                xTaskResumeAll
 .text.xTaskGetTickCount
                0x0001f208       0x20 bin/tasks.o
                0x0001f208                xTaskGetTickCount
 .text.vTaskStepTick
                0x0001f228       0x38 bin/tasks.o
                0x0001f228                vTaskStepTick
 .text.xTaskIncrementTick
                0x0001f260      0x14c bin/tasks.o
                0x0001f260                xTaskIncrementTick
 .text.vTaskSwitchContext
                0x0001f3ac       0xf0 bin/tasks.o
                0x0001f3ac                vTaskSwitchContext
 .text.vTaskPlaceOnEventList
                0x0001f49c       0x34 bin/tasks.o
                0x0001f49c                vTaskPlaceOnEventList
 .text.vTaskPlaceOnUnorderedEventList
                0x0001f4d0       0x50 bin/tasks.o
                0x0001f4d0                vTaskPlaceOnUnorderedEventList
 .text.vTaskPlaceOnEventListRestricted
                0x0001f520       0x40 bin/tasks.o
                0x0001f520                vTaskPlaceOnEventListRestricted
 .text.xTaskRemoveFromEventList
                0x0001f560       0xb8 bin/tasks.o
                0x0001f560                xTaskRemoveFromEventList
 .text.xTaskRemoveFromUnorderedEventList
                0x0001f618       0xa8 bin/tasks.o
                0x0001f618                xTaskRemoveFromUnorderedEventList
 .text.vTaskSetTimeOutState
                0x0001f6c0       0x34 bin/tasks.o
                0x0001f6c0                vTaskSetTimeOutState
 .text.xTaskCheckForTimeOut
                0x0001f6f4       0x98 bin/tasks.o
                0x0001f6f4                xTaskCheckForTimeOut
 .text.vTaskMissedYield
                0x0001f78c       0x18 bin/tasks.o
                0x0001f78c                vTaskMissedYield
 .text.prvIdleTask
                0x0001f7a4       0x6c bin/tasks.o
 .text.eTaskConfirmSleepModeStatus
                0x0001f810       0x5c bin/tasks.o
                0x0001f810                eTaskConfirmSleepModeStatus
 .text.prvInitialiseTaskLists
                0x0001f86c       0x74 bin/tasks.o
 .text.prvCheckTasksWaitingTermination
                0x0001f8e0        0xc bin/tasks.o
 .text.prvResetNextTaskUnblockTime
                0x0001f8ec       0x48 bin/tasks.o
 .text.xTaskGetSchedulerState
                0x0001f934       0x3c bin/tasks.o
                0x0001f934                xTaskGetSchedulerState
 .text.uxTaskResetEventItemValue
                0x0001f970       0x30 bin/tasks.o
                0x0001f970                uxTaskResetEventItemValue
 .text.prvAddCurrentTaskToDelayedList
                0x0001f9a0       0xa8 bin/tasks.o
 .text.xTimerCreateTimerTask
                0x0001fa48       0x50 bin/timers.o
                0x0001fa48                xTimerCreateTimerTask
 .text.xTimerCreate
                0x0001fa98       0x3c bin/timers.o
                0x0001fa98                xTimerCreate
 .text.prvInitialiseNewTimer
                0x0001fad4       0x50 bin/timers.o
 .text.xTimerGenericCommand
                0x0001fb24       0x94 bin/timers.o
                0x0001fb24                xTimerGenericCommand
 .text.prvProcessExpiredTimer
                0x0001fbb8       0x6c bin/timers.o
 .text.prvTimerTask
                0x0001fc24       0x24 bin/timers.o
 .text.prvProcessTimerOrBlockTask
                0x0001fc48       0x9c bin/timers.o
 .text.prvGetNextExpireTime
                0x0001fce4       0x48 bin/timers.o
 .text.prvSampleTimeNow
                0x0001fd2c       0x40 bin/timers.o
 .text.prvInsertTimerInActiveList
                0x0001fd6c       0x84 bin/timers.o
 .text.prvProcessReceivedCommands
                0x0001fdf0      0x130 bin/timers.o
 .text.prvSwitchTimerLists
                0x0001ff20       0xac bin/timers.o
 .text.prvCheckForValidListAndQueue
                0x0001ffcc       0x54 bin/timers.o
 .text.xTimerPendFunctionCallFromISR
                0x00020020       0x44 bin/timers.o
                0x00020020                xTimerPendFunctionCallFromISR
 .text.pvPortMalloc
                0x00020064      0x124 bin/heap_2.o
                0x00020064                pvPortMalloc
 .text.vPortFree
                0x00020188       0x70 bin/heap_2.o
                0x00020188                vPortFree
 .text.prvHeapInit
                0x000201f8       0x50 bin/heap_2.o
 .text.Reset_Handler
                0x00020248       0x68 bin/startup_gcc.o
                0x00020248                Reset_Handler
 .text.NMI_Handler
                0x000202b0        0x8 bin/startup_gcc.o
                0x000202b0                NMI_Handler
 .text.am_default_isr
                0x000202b8        0x8 bin/startup_gcc.o
                0x000202b8                DebugMon_Handler
                0x000202b8                am_iomaster4_isr
                0x000202b8                am_rtc_isr
                0x000202b8                am_stimer_cmpr3_isr
                0x000202b8                am_adc_isr
                0x000202b8                am_iomaster3_isr
                0x000202b8                am_clkgen_isr
                0x000202b8                am_stimer_isr
                0x000202b8                am_software0_isr
                0x000202b8                am_stimer_cmpr5_isr
                0x000202b8                am_iomaster5_isr
                0x000202b8                am_pdm0_isr
                0x000202b8                am_ioslave_acc_isr
                0x000202b8                am_mspi0_isr
                0x000202b8                am_stimer_cmpr6_isr
                0x000202b8                am_iomaster1_isr
                0x000202b8                am_brownout_isr
                0x000202b8                am_vcomp_isr
                0x000202b8                am_stimer_cmpr1_isr
                0x000202b8                am_gpio_isr
                0x000202b8                am_iomaster2_isr
                0x000202b8                am_stimer_cmpr2_isr
                0x000202b8                am_ioslave_ios_isr
                0x000202b8                am_uart1_isr
                0x000202b8                am_stimer_cmpr7_isr
                0x000202b8                am_scard_isr
                0x000202b8                am_watchdog_isr
                0x000202b8                am_iomaster0_isr
                0x000202b8                am_stimer_cmpr4_isr
                0x000202b8                am_default_isr
 .text.memcmp   0x000202c0       0x64 c:/diasemi/smartsnippetsstudio/gcc/4_9-2015q3/bin/../lib/gcc/arm-none-eabi/4.9.3/../../../../arm-none-eabi/lib/armv7e-m/fpu\libc.a(lib_a-memcmp.o)
                0x000202c0                memcmp
 .text.memmove  0x00020324       0xc8 c:/diasemi/smartsnippetsstudio/gcc/4_9-2015q3/bin/../lib/gcc/arm-none-eabi/4.9.3/../../../../arm-none-eabi/lib/armv7e-m/fpu\libc.a(lib_a-memmove.o)
                0x00020324                memmove
 .text.memset   0x000203ec       0x9c c:/diasemi/smartsnippetsstudio/gcc/4_9-2015q3/bin/../lib/gcc/arm-none-eabi/4.9.3/../../../../arm-none-eabi/lib/armv7e-m/fpu\libc.a(lib_a-memset.o)
                0x000203ec                memset
 *fill*         0x00020488        0x8 
 .text.uECC_vli_sub
                0x00020490       0x60 ../../../../../third_party/uecc/gcc/bin/lib_uecc.a(uECC.o)
 .text.uECC_vli_mult
                0x000204f0      0x314 ../../../../../third_party/uecc/gcc/bin/lib_uecc.a(uECC.o)
 *fill*         0x00020804        0xc 
 .text.uECC_vli_modAdd
                0x00020810       0xa8 ../../../../../third_party/uecc/gcc/bin/lib_uecc.a(uECC.o)
 *fill*         0x000208b8        0x8 
 .text.uECC_vli_modSub
                0x000208c0       0xc8 ../../../../../third_party/uecc/gcc/bin/lib_uecc.a(uECC.o)
 *fill*         0x00020988        0x8 
 .text.x_side_default
                0x00020990      0x1b0 ../../../../../third_party/uecc/gcc/bin/lib_uecc.a(uECC.o)
 .text.vli_mmod_fast_secp256r1
                0x00020b40      0x624 ../../../../../third_party/uecc/gcc/bin/lib_uecc.a(uECC.o)
 *fill*         0x00021164        0xc 
 .text.double_jacobian_default
                0x00021170      0x2a0 ../../../../../third_party/uecc/gcc/bin/lib_uecc.a(uECC.o)
 .text.uECC_secp256r1
                0x00021410        0x8 ../../../../../third_party/uecc/gcc/bin/lib_uecc.a(uECC.o)
                0x00021410                uECC_secp256r1
 .text.uECC_valid_point
                0x00021418       0xec ../../../../../third_party/uecc/gcc/bin/lib_uecc.a(uECC.o)
                0x00021418                uECC_valid_point
 .text.uECC_valid_public_key
                0x00021504        0x4 ../../../../../third_party/uecc/gcc/bin/lib_uecc.a(uECC.o)
                0x00021504                uECC_valid_public_key
 .text.am_hal_ble_blocking_transfer.part.7
                0x00021508      0x50c ../../../../../mcu/apollo3/hal/gcc/bin/libam_hal.a(am_hal_ble.o)
 .text.am_hal_ble_initialize
                0x00021a14       0x78 ../../../../../mcu/apollo3/hal/gcc/bin/libam_hal.a(am_hal_ble.o)
                0x00021a14                am_hal_ble_initialize
 .text.am_hal_ble_deinitialize
                0x00021a8c       0x58 ../../../../../mcu/apollo3/hal/gcc/bin/libam_hal.a(am_hal_ble.o)
                0x00021a8c                am_hal_ble_deinitialize
 .text.am_hal_ble_config
                0x00021ae4      0x110 ../../../../../mcu/apollo3/hal/gcc/bin/libam_hal.a(am_hal_ble.o)
                0x00021ae4                am_hal_ble_config
 .text.am_hal_ble_power_control
                0x00021bf4      0x180 ../../../../../mcu/apollo3/hal/gcc/bin/libam_hal.a(am_hal_ble.o)
                0x00021bf4                am_hal_ble_power_control
 .text.am_hal_ble_patch_copy_end_apply
                0x00021d74      0x130 ../../../../../mcu/apollo3/hal/gcc/bin/libam_hal.a(am_hal_ble.o)
                0x00021d74                am_hal_ble_patch_copy_end_apply
 .text.am_hal_ble_blocking_hci_write
                0x00021ea4       0x60 ../../../../../mcu/apollo3/hal/gcc/bin/libam_hal.a(am_hal_ble.o)
                0x00021ea4                am_hal_ble_blocking_hci_write
 .text.am_hal_ble_blocking_hci_read
                0x00021f04       0xbc ../../../../../mcu/apollo3/hal/gcc/bin/libam_hal.a(am_hal_ble.o)
                0x00021f04                am_hal_ble_blocking_hci_read
 .text.am_hal_ble_blocking_transfer
                0x00021fc0       0x2c ../../../../../mcu/apollo3/hal/gcc/bin/libam_hal.a(am_hal_ble.o)
                0x00021fc0                am_hal_ble_blocking_transfer
 .text.am_hal_ble_patch_apply
                0x00021fec      0x360 ../../../../../mcu/apollo3/hal/gcc/bin/libam_hal.a(am_hal_ble.o)
                0x00021fec                am_hal_ble_patch_apply
 .text.am_hal_ble_int_enable
                0x0002234c       0x40 ../../../../../mcu/apollo3/hal/gcc/bin/libam_hal.a(am_hal_ble.o)
                0x0002234c                am_hal_ble_int_enable
 .text.am_hal_ble_int_status
                0x0002238c       0x1c ../../../../../mcu/apollo3/hal/gcc/bin/libam_hal.a(am_hal_ble.o)
                0x0002238c                am_hal_ble_int_status
 .text.am_hal_ble_int_clear