Component: ARM Compiler 5.06 update 6 (build 750) Tool: armlink [4d35ed]

==============================================================================

Section Cross References

    hello_fault.o(i.main) refers to am_hal_clkgen.o(i.am_hal_clkgen_control) for am_hal_clkgen_control
    hello_fault.o(i.main) refers to am_hal_cachectrl.o(i.am_hal_cachectrl_config) for am_hal_cachectrl_config
    hello_fault.o(i.main) refers to am_hal_cachectrl.o(i.am_hal_cachectrl_enable) for am_hal_cachectrl_enable
    hello_fault.o(i.main) refers to am_bsp.o(i.am_bsp_low_power_init) for am_bsp_low_power_init
    hello_fault.o(i.main) refers to am_bsp.o(i.am_bsp_itm_printf_enable) for am_bsp_itm_printf_enable
    hello_fault.o(i.main) refers to am_util_stdio.o(i.am_util_stdio_terminal_clear) for am_util_stdio_terminal_clear
    hello_fault.o(i.main) refers to am_util_stdio.o(i.am_util_stdio_printf) for am_util_stdio_printf
    hello_fault.o(i.main) refers to am_util_delay.o(i.am_util_delay_ms) for am_util_delay_ms
    hello_fault.o(i.main) refers to am_hal_mcuctrl.o(i.am_hal_mcuctrl_control) for am_hal_mcuctrl_control
    hello_fault.o(i.main) refers to hello_fault.o(i.force_fault) for force_fault
    hello_fault.o(i.main) refers to am_bsp.o(i.am_bsp_debug_printf_disable) for am_bsp_debug_printf_disable
    hello_fault.o(i.main) refers to am_hal_sysctrl.o(i.am_hal_sysctrl_sleep) for am_hal_sysctrl_sleep
    hello_fault.o(i.main) refers to am_hal_cachectrl.o(.constdata) for am_hal_cachectrl_defaults
    hello_fault.o(i.main) refers to hello_fault.o(.conststring) for .conststring
    am_util_delay.o(i.am_util_delay_cycles) refers to am_hal_flash.o(i.am_hal_flash_delay) for am_hal_flash_delay
    am_util_delay.o(i.am_util_delay_ms) refers to am_hal_clkgen.o(i.am_hal_clkgen_status_get) for am_hal_clkgen_status_get
    am_util_delay.o(i.am_util_delay_ms) refers to am_hal_flash.o(i.am_hal_flash_delay) for am_hal_flash_delay
    am_util_delay.o(i.am_util_delay_us) refers to am_hal_clkgen.o(i.am_hal_clkgen_status_get) for am_hal_clkgen_status_get
    am_util_delay.o(i.am_util_delay_us) refers to am_hal_flash.o(i.am_hal_flash_delay) for am_hal_flash_delay
    am_util_faultisr.o(.emb_text) refers to am_util_faultisr.o(i.am_util_faultisr_collect_data) for am_util_faultisr_collect_data
    am_util_faultisr.o(i.am_util_faultisr_collect_data) refers to rt_memclr_w.o(.text) for __aeabi_memclr4
    am_util_faultisr.o(i.am_util_faultisr_collect_data) refers to am_util_faultisr.o(.emb_text) for getStackedReg
    am_util_faultisr.o(i.am_util_faultisr_collect_data) refers to am_hal_mcuctrl.o(i.am_hal_mcuctrl_info_get) for am_hal_mcuctrl_info_get
    am_util_faultisr.o(i.am_util_faultisr_collect_data) refers to am_util_stdio.o(i.am_util_stdio_printf) for am_util_stdio_printf
    am_util_stdio.o(i.am_util_stdio_printf) refers to am_util_stdio.o(i.am_util_stdio_vsprintf) for am_util_stdio_vsprintf
    am_util_stdio.o(i.am_util_stdio_printf) refers to am_util_stdio.o(.data) for g_pfnCharPrint
    am_util_stdio.o(i.am_util_stdio_printf) refers to am_util_stdio.o(.bss) for g_prfbuf
    am_util_stdio.o(i.am_util_stdio_printf_init) refers to am_util_stdio.o(.data) for g_pfnCharPrint
    am_util_stdio.o(i.am_util_stdio_sprintf) refers to am_util_stdio.o(i.am_util_stdio_vsprintf) for am_util_stdio_vsprintf
    am_util_stdio.o(i.am_util_stdio_terminal_clear) refers to am_util_stdio.o(i.am_util_stdio_printf) for am_util_stdio_printf
    am_util_stdio.o(i.am_util_stdio_textmode_set) refers to am_util_stdio.o(.data) for g_bTxtXlate
    am_util_stdio.o(i.am_util_stdio_vsprintf) refers to am_util_stdio.o(i.decstr_to_int) for decstr_to_int
    am_util_stdio.o(i.am_util_stdio_vsprintf) refers to am_util_stdio.o(i.simple_strlen) for simple_strlen
    am_util_stdio.o(i.am_util_stdio_vsprintf) refers to am_util_stdio.o(i.padbuffer) for padbuffer
    am_util_stdio.o(i.am_util_stdio_vsprintf) refers to am_util_stdio.o(i.ndigits_in_hex) for ndigits_in_hex
    am_util_stdio.o(i.am_util_stdio_vsprintf) refers to am_util_stdio.o(i.uint64_to_hexstr) for uint64_to_hexstr
    am_util_stdio.o(i.am_util_stdio_vsprintf) refers to am_util_stdio.o(i.ndigits_in_u64) for ndigits_in_u64
    am_util_stdio.o(i.am_util_stdio_vsprintf) refers to am_util_stdio.o(i.uint64_to_str) for uint64_to_str
    am_util_stdio.o(i.am_util_stdio_vsprintf) refers to am_util_stdio.o(i.ndigits_in_i64) for ndigits_in_i64
    am_util_stdio.o(i.am_util_stdio_vsprintf) refers to d2f.o(x$fpl$d2f) for __aeabi_d2f
    am_util_stdio.o(i.am_util_stdio_vsprintf) refers to am_util_stdio.o(i.ftoa) for ftoa
    am_util_stdio.o(i.am_util_stdio_vsprintf) refers to am_util_stdio.o(.data) for g_bTxtXlate
    am_util_stdio.o(i.ftoa) refers to am_util_stdio.o(i.uint64_to_str) for uint64_to_str
    am_util_stdio.o(i.ndigits_in_i64) refers to am_util_stdio.o(i.ndigits_in_u64) for ndigits_in_u64
    am_util_stdio.o(i.ndigits_in_u64) refers to am_util_stdio.o(i.divu64_10) for divu64_10
[...]
    __rtentry2.o(.ARM.Collect$$rtentry$$0000000D) refers to exit.o(.text) for exit
    __rtentry2.o(.ARM.exidx) refers to __rtentry2.o(.ARM.Collect$$rtentry$$00000001) for .ARM.Collect$$rtentry$$00000001
    __rtentry2.o(.ARM.exidx) refers to __rtentry2.o(.ARM.Collect$$rtentry$$00000008) for .ARM.Collect$$rtentry$$00000008
    __rtentry2.o(.ARM.exidx) refers to __rtentry2.o(.ARM.Collect$$rtentry$$0000000A) for .ARM.Collect$$rtentry$$0000000A
    __rtentry2.o(.ARM.exidx) refers to __rtentry2.o(.ARM.Collect$$rtentry$$0000000B) for .ARM.Collect$$rtentry$$0000000B
    __rtentry2.o(.ARM.exidx) refers to __rtentry2.o(.ARM.Collect$$rtentry$$0000000D) for .ARM.Collect$$rtentry$$0000000D
    __rtentry4.o(.ARM.Collect$$rtentry$$00000004) refers to sys_stackheap_outer.o(.text) for __user_setup_stackheap
    __rtentry4.o(.ARM.exidx) refers to __rtentry4.o(.ARM.Collect$$rtentry$$00000004) for .ARM.Collect$$rtentry$$00000004
    sys_stackheap_outer.o(.text) refers to libspace.o(.text) for __user_perproc_libspace
    sys_stackheap_outer.o(.text) refers to startup_keil.o(.text) for __user_initial_stackheap
    exit.o(.text) refers to rtexit.o(.ARM.Collect$$rtexit$$00000000) for __rt_exit
    libinit.o(.ARM.Collect$$libinit$$00000000) refers (Special) to libinit2.o(.ARM.Collect$$libinit$$0000002E) for __rt_lib_init_alloca_1
    libinit.o(.ARM.Collect$$libinit$$00000000) refers (Special) to libinit2.o(.ARM.Collect$$libinit$$0000002C) for __rt_lib_init_argv_1
    libinit.o(.ARM.Collect$$libinit$$00000000) refers (Special) to libinit2.o(.ARM.Collect$$libinit$$0000001B) for __rt_lib_init_atexit_1
    libinit.o(.ARM.Collect$$libinit$$00000000) refers (Special) to libinit2.o(.ARM.Collect$$libinit$$00000021) for __rt_lib_init_clock_1
    libinit.o(.ARM.Collect$$libinit$$00000000) refers (Special) to libinit2.o(.ARM.Collect$$libinit$$00000032) for __rt_lib_init_cpp_1
    libinit.o(.ARM.Collect$$libinit$$00000000) refers (Special) to libinit2.o(.ARM.Collect$$libinit$$00000030) for __rt_lib_init_exceptions_1
    libinit.o(.ARM.Collect$$libinit$$00000000) refers (Special) to libinit2.o(.ARM.Collect$$libinit$$00000001) for __rt_lib_init_fp_1
    libinit.o(.ARM.Collect$$libinit$$00000000) refers (Special) to libinit2.o(.ARM.Collect$$libinit$$0000001F) for __rt_lib_init_fp_trap_1
    libinit.o(.ARM.Collect$$libinit$$00000000) refers (Special) to libinit2.o(.ARM.Collect$$libinit$$00000023) for __rt_lib_init_getenv_1
    libinit.o(.ARM.Collect$$libinit$$00000000) refers (Special) to libinit2.o(.ARM.Collect$$libinit$$0000000A) for __rt_lib_init_heap_1
    libinit.o(.ARM.Collect$$libinit$$00000000) refers (Special) to libinit2.o(.ARM.Collect$$libinit$$00000011) for __rt_lib_init_lc_collate_1
    libinit.o(.ARM.Collect$$libinit$$00000000) refers (Special) to libinit2.o(.ARM.Collect$$libinit$$00000013) for __rt_lib_init_lc_ctype_1
    libinit.o(.ARM.Collect$$libinit$$00000000) refers (Special) to libinit2.o(.ARM.Collect$$libinit$$00000015) for __rt_lib_init_lc_monetary_1
    libinit.o(.ARM.Collect$$libinit$$00000000) refers (Special) to libinit2.o(.ARM.Collect$$libinit$$00000017) for __rt_lib_init_lc_numeric_1
    libinit.o(.ARM.Collect$$libinit$$00000000) refers (Special) to libinit2.o(.ARM.Collect$$libinit$$00000019) for __rt_lib_init_lc_time_1
    libinit.o(.ARM.Collect$$libinit$$00000000) refers (Special) to libinit2.o(.ARM.Collect$$libinit$$00000004) for __rt_lib_init_preinit_1
    libinit.o(.ARM.Collect$$libinit$$00000000) refers (Special) to libinit2.o(.ARM.Collect$$libinit$$0000000E) for __rt_lib_init_rand_1
    libinit.o(.ARM.Collect$$libinit$$00000000) refers (Special) to libinit2.o(.ARM.Collect$$libinit$$00000033) for __rt_lib_init_return
    libinit.o(.ARM.Collect$$libinit$$00000000) refers (Special) to libinit2.o(.ARM.Collect$$libinit$$0000001D) for __rt_lib_init_signal_1
    libinit.o(.ARM.Collect$$libinit$$00000000) refers (Special) to libinit2.o(.ARM.Collect$$libinit$$00000025) for __rt_lib_init_stdio_1
    libinit.o(.ARM.Collect$$libinit$$00000000) refers (Special) to libinit2.o(.ARM.Collect$$libinit$$0000000C) for __rt_lib_init_user_alloc_1
    libspace.o(.text) refers to libspace.o(.bss) for __libspace_start
    rtexit.o(.ARM.Collect$$rtexit$$00000000) refers (Special) to rtexit2.o(.ARM.Collect$$rtexit$$00000004) for __rt_exit_exit
    rtexit.o(.ARM.Collect$$rtexit$$00000000) refers (Special) to rtexit2.o(.ARM.Collect$$rtexit$$00000003) for __rt_exit_ls
    rtexit.o(.ARM.Collect$$rtexit$$00000000) refers (Special) to rtexit2.o(.ARM.Collect$$rtexit$$00000002) for __rt_exit_prels_1
    rtexit.o(.ARM.exidx) refers (Special) to rtexit2.o(.ARM.Collect$$rtexit$$00000004) for __rt_exit_exit
    rtexit.o(.ARM.exidx) refers (Special) to rtexit2.o(.ARM.Collect$$rtexit$$00000003) for __rt_exit_ls
    rtexit.o(.ARM.exidx) refers (Special) to rtexit2.o(.ARM.Collect$$rtexit$$00000002) for __rt_exit_prels_1
    rtexit.o(.ARM.exidx) refers to rtexit.o(.ARM.Collect$$rtexit$$00000000) for .ARM.Collect$$rtexit$$00000000
    libinit2.o(.ARM.Collect$$libinit$$00000001) refers to fpinit.o(x$fpl$fpinit) for _fp_init
    libinit2.o(.ARM.Collect$$libinit$$00000010) refers to libinit2.o(.ARM.Collect$$libinit$$0000000F) for .ARM.Collect$$libinit$$0000000F
    libinit2.o(.ARM.Collect$$libinit$$00000012) refers to libinit2.o(.ARM.Collect$$libinit$$0000000F) for .ARM.Collect$$libinit$$0000000F
    libinit2.o(.ARM.Collect$$libinit$$00000014) refers to libinit2.o(.ARM.Collect$$libinit$$0000000F) for .ARM.Collect$$libinit$$0000000F
    libinit2.o(.ARM.Collect$$libinit$$00000016) refers to libinit2.o(.ARM.Collect$$libinit$$0000000F) for .ARM.Collect$$libinit$$0000000F
    libinit2.o(.ARM.Collect$$libinit$$00000018) refers to libinit2.o(.ARM.Collect$$libinit$$0000000F) for .ARM.Collect$$libinit$$0000000F
    libinit2.o(.ARM.Collect$$libinit$$00000026) refers to argv_veneer.o(.emb_text) for __ARM_argv_veneer
    libinit2.o(.ARM.Collect$$libinit$$00000027) refers to argv_veneer.o(.emb_text) for __ARM_argv_veneer
    rtexit2.o(.ARM.Collect$$rtexit$$00000003) refers to libshutdown.o(.ARM.Collect$$libshutdown$$00000000) for __rt_lib_shutdown
    rtexit2.o(.ARM.Collect$$rtexit$$00000004) refers to sys_exit.o(.text) for _sys_exit
    rtexit2.o(.ARM.exidx) refers to rtexit2.o(.ARM.Collect$$rtexit$$00000001) for .ARM.Collect$$rtexit$$00000001
    rtexit2.o(.ARM.exidx) refers to rtexit2.o(.ARM.Collect$$rtexit$$00000003) for .ARM.Collect$$rtexit$$00000003
    rtexit2.o(.ARM.exidx) refers to rtexit2.o(.ARM.Collect$$rtexit$$00000004) for .ARM.Collect$$rtexit$$00000004
    argv_veneer.o(.emb_text) refers to no_argv.o(.text) for __ARM_get_argv
    sys_exit.o(.text) refers (Special) to use_no_semi.o(.text) for __I$use$semihosting
    sys_exit.o(.text) refers (Special) to indicate_semi.o(.text) for __semihosting_library_function
    _get_argv_nomalloc.o(.text) refers (Special) to hrguard.o(.text) for __heap_region$guard
    _get_argv_nomalloc.o(.text) refers to defsig_rtmem_outer.o(.text) for __rt_SIGRTMEM
    _get_argv_nomalloc.o(.text) refers to sys_command.o(.text) for _sys_command_string
    libshutdown.o(.ARM.Collect$$libshutdown$$00000000) refers (Special) to libshutdown2.o(.ARM.Collect$$libshutdown$$00000002) for __rt_lib_shutdown_cpp_1
    libshutdown.o(.ARM.Collect$$libshutdown$$00000000) refers (Special) to libshutdown2.o(.ARM.Collect$$libshutdown$$00000007) for __rt_lib_shutdown_fp_trap_1
    libshutdown.o(.ARM.Collect$$libshutdown$$00000000) refers (Special) to libshutdown2.o(.ARM.Collect$$libshutdown$$0000000F) for __rt_lib_shutdown_heap_1
    libshutdown.o(.ARM.Collect$$libshutdown$$00000000) refers (Special) to libshutdown2.o(.ARM.Collect$$libshutdown$$00000010) for __rt_lib_shutdown_return
    libshutdown.o(.ARM.Collect$$libshutdown$$00000000) refers (Special) to libshutdown2.o(.ARM.Collect$$libshutdown$$0000000A) for __rt_lib_shutdown_signal_1
    libshutdown.o(.ARM.Collect$$libshutdown$$00000000) refers (Special) to libshutdown2.o(.ARM.Collect$$libshutdown$$00000004) for __rt_lib_shutdown_stdio_1
    libshutdown.o(.ARM.Collect$$libshutdown$$00000000) refers (Special) to libshutdown2.o(.ARM.Collect$$libshutdown$$0000000C) for __rt_lib_shutdown_user_alloc_1
    sys_command.o(.text) refers (Special) to use_no_semi.o(.text) for __I$use$semihosting
    sys_command.o(.text) refers (Special) to indicate_semi.o(.text) for __semihosting_library_function
    defsig_rtmem_outer.o(.text) refers to defsig_rtmem_inner.o(.text) for __rt_SIGRTMEM_inner
    defsig_rtmem_outer.o(.text) refers to defsig_exit.o(.text) for __sig_exit
    defsig_rtmem_formal.o(.text) refers to rt_raise.o(.text) for __rt_raise
    rt_raise.o(.text) refers to __raise.o(.text) for __raise
    rt_raise.o(.text) refers to sys_exit.o(.text) for _sys_exit
    defsig_exit.o(.text) refers to sys_exit.o(.text) for _sys_exit
    defsig_rtmem_inner.o(.text) refers to defsig_general.o(.text) for __default_signal_display
    __raise.o(.text) refers to defsig.o(CL$$defsig) for __default_signal_handler
    defsig_general.o(.text) refers to sys_wrch.o(.text) for _ttywrch
    sys_wrch.o(.text) refers (Special) to use_no_semi.o(.text) for __I$use$semihosting
    sys_wrch.o(.text) refers (Special) to indicate_semi.o(.text) for __semihosting_library_function
    defsig.o(CL$$defsig) refers to defsig_rtmem_inner.o(.text) for __rt_SIGRTMEM_inner
    defsig_abrt_inner.o(.text) refers to defsig_general.o(.text) for __default_signal_display
    defsig_fpe_inner.o(.text) refers to defsig_general.o(.text) for __default_signal_display
    defsig_rtred_inner.o(.text) refers to defsig_general.o(.text) for __default_signal_display
    defsig_stak_inner.o(.text) refers to defsig_general.o(.text) for __default_signal_display
    defsig_pvfn_inner.o(.text) refers to defsig_general.o(.text) for __default_signal_display
    defsig_cppl_inner.o(.text) refers to defsig_general.o(.text) for __default_signal_display
    defsig_segv_inner.o(.text) refers to defsig_general.o(.text) for __default_signal_display
    defsig_other.o(.text) refers to defsig_general.o(.text) for __default_signal_display


==============================================================================

Removing Unused input sections from the image.

    Removing hello_fault.o(.rev16_text), (4 bytes).
    Removing hello_fault.o(.revsh_text), (4 bytes).
    Removing hello_fault.o(.rrx_text), (6 bytes).
    Removing am_util_delay.o(.rev16_text), (4 bytes).
    Removing am_util_delay.o(.revsh_text), (4 bytes).
    Removing am_util_delay.o(.rrx_text), (6 bytes).
    Removing am_util_delay.o(i.am_util_delay_cycles), (12 bytes).
    Removing am_util_delay.o(i.am_util_delay_us), (36 bytes).
    Removing am_util_faultisr.o(.rev16_text), (4 bytes).
    Removing am_util_faultisr.o(.revsh_text), (4 bytes).
    Removing am_util_faultisr.o(.rrx_text), (6 bytes).
    Removing am_util_stdio.o(i.am_util_stdio_sprintf), (34 bytes).
    Removing am_util_stdio.o(i.am_util_stdio_strtoul), (146 bytes).
    Removing am_util_stdio.o(i.am_util_stdio_textmode_set), (16 bytes).
    Removing am_hal_global.o(.rev16_text), (4 bytes).
    Removing am_hal_global.o(.revsh_text), (4 bytes).
    Removing am_hal_global.o(.rrx_text), (6 bytes).
    Removing am_hal_global.o(.constdata), (14 bytes).
    Removing am_hal_global.o(.constdata), (4 bytes).
    Removing am_bsp.o(.rev16_text), (4 bytes).
    Removing am_bsp.o(.revsh_text), (4 bytes).
    Removing am_bsp.o(.rrx_text), (6 bytes).
    Removing am_bsp.o(i.am_bsp_buffered_uart_printf_enable), (92 bytes).
    Removing am_bsp.o(i.am_bsp_buffered_uart_service), (44 bytes).
    Removing am_bsp.o(i.am_bsp_com_uart_transfer), (16 bytes).
    Removing am_bsp.o(i.am_bsp_debug_printf_enable), (224 bytes).
    Removing am_bsp.o(i.am_bsp_iom_pins_disable), (76 bytes).
    Removing am_bsp.o(i.am_bsp_iom_pins_enable), (100 bytes).
    Removing am_bsp.o(i.am_bsp_itm_printf_disable), (32 bytes).
    Removing am_bsp.o(i.am_bsp_mspi_pins_disable), (108 bytes).
    Removing am_bsp.o(i.am_bsp_mspi_pins_enable), (136 bytes).
    Removing am_bsp.o(i.am_bsp_uart_printf_disable), (64 bytes).
    Removing am_bsp.o(i.am_bsp_uart_printf_enable), (84 bytes).
    Removing am_bsp.o(i.am_bsp_uart_string_print), (68 bytes).
    Removing am_bsp.o(.bss), (24 bytes).
    Removing am_bsp.o(.constdata), (60 bytes).
    Removing am_bsp.o(.data), (16 bytes).
    Removing am_hal_cachectrl.o(.rev16_text), (4 bytes).
    Removing am_hal_cachectrl.o(.revsh_text), (4 bytes).
    Removing am_hal_cachectrl.o(.rrx_text), (6 bytes).
    Removing am_hal_cachectrl.o(i.am_hal_cachectrl_control), (264 bytes).
    Removing am_hal_cachectrl.o(i.am_hal_cachectrl_disable), (40 bytes).
    Removing am_hal_cachectrl.o(i.am_hal_cachectrl_status_get), (40 bytes).
    Removing am_hal_clkgen.o(.rev16_text), (4 bytes).
    Removing am_hal_clkgen.o(.revsh_text), (4 bytes).
    Removing am_hal_clkgen.o(.rrx_text), (6 bytes).
    Removing am_hal_clkgen.o(i.am_hal_clkgen_clkout_enable), (60 bytes).
    Removing am_hal_clkgen.o(i.am_hal_clkgen_interrupt_clear), (22 bytes).
    Removing am_hal_clkgen.o(i.am_hal_clkgen_interrupt_disable), (30 bytes).
    Removing am_hal_clkgen.o(i.am_hal_clkgen_interrupt_enable), (28 bytes).
    Removing am_hal_clkgen.o(i.am_hal_clkgen_interrupt_set), (22 bytes).
    Removing am_hal_clkgen.o(i.am_hal_clkgen_interrupt_status_get), (32 bytes).
    Removing am_hal_flash.o(.rev16_text), (4 bytes).
    Removing am_hal_flash.o(.revsh_text), (4 bytes).
    Removing am_hal_flash.o(.rrx_text), (6 bytes).
    Removing am_hal_flash.o(i.am_hal_flash_clear_bits), (32 bytes).
    Removing am_hal_flash.o(i.am_hal_flash_copy_protect_check), (108 bytes).
    Removing am_hal_flash.o(i.am_hal_flash_copy_protect_set), (244 bytes).
    Removing am_hal_flash.o(i.am_hal_flash_customer_info_signature_check), (64 bytes).
    Removing am_hal_flash.o(i.am_hal_flash_debugger_disable), (60 bytes).
    Removing am_hal_flash.o(i.am_hal_flash_debugger_disable_check), (100 bytes).
    Removing am_hal_flash.o(i.am_hal_flash_delay_status_change), (80 bytes).
    Removing am_hal_flash.o(i.am_hal_flash_erase_info), (8 bytes).
    Removing am_hal_flash.o(i.am_hal_flash_erase_main_plus_info), (8 bytes).
    Removing am_hal_flash.o(i.am_hal_flash_erase_main_plus_info_both_instances), (8 bytes).
    Removing am_hal_flash.o(i.am_hal_flash_info_erase_disable), (60 bytes).
    Removing am_hal_flash.o(i.am_hal_flash_info_erase_disable_check), (100 bytes).
    Removing am_hal_flash.o(i.am_hal_flash_info_program_disable), (68 bytes).
    Removing am_hal_flash.o(i.am_hal_flash_info_program_disable_get), (100 bytes).
    Removing am_hal_flash.o(i.am_hal_flash_info_signature_set), (16 bytes).
    Removing am_hal_flash.o(i.am_hal_flash_load_ui32), (8 bytes).
    Removing am_hal_flash.o(i.am_hal_flash_mass_erase), (8 bytes).
    Removing am_hal_flash.o(i.am_hal_flash_page_erase), (8 bytes).
    Removing am_hal_flash.o(i.am_hal_flash_program_info), (96 bytes).
    Removing am_hal_flash.o(i.am_hal_flash_program_main), (84 bytes).
    Removing am_hal_flash.o(i.am_hal_flash_recovery), (8 bytes).
    Removing am_hal_flash.o(i.am_hal_flash_reprogram_info_ui32), (56 bytes).
    Removing am_hal_flash.o(i.am_hal_flash_reprogram_ui32), (44 bytes).
    Removing am_hal_flash.o(i.am_hal_flash_store_ui32), (40 bytes).
    Removing am_hal_flash.o(i.am_hal_flash_swo_disable), (60 bytes).
    Removing am_hal_flash.o(i.am_hal_flash_swo_disable_check), (100 bytes).
    Removing am_hal_flash.o(i.am_hal_flash_wipe_flash_enable), (60 bytes).
    Removing am_hal_flash.o(i.am_hal_flash_wipe_flash_enable_check), (100 bytes).
    Removing am_hal_flash.o(i.am_hal_flash_wipe_sram_enable), (60 bytes).
    Removing am_hal_flash.o(i.am_hal_flash_wipe_sram_enable_check), (100 bytes).
    Removing am_hal_flash.o(i.am_hal_flash_write_protect_check), (108 bytes).
    Removing am_hal_flash.o(i.am_hal_flash_write_protect_set), (244 bytes).
    Removing am_hal_flash.o(i.customer_info_signature_set), (152 bytes).
    Removing am_hal_flash.o(.constdata), (96 bytes).
    Removing am_hal_flash.o(.constdata), (4 bytes).
    Removing am_hal_flash.o(.constdata), (12 bytes).
    Removing am_hal_mcuctrl.o(.rev16_text), (4 bytes).
    Removing am_hal_mcuctrl.o(.revsh_text), (4 bytes).
    Removing am_hal_mcuctrl.o(.rrx_text), (6 bytes).
    Removing am_hal_mcuctrl.o(i.am_hal_mcuctrl_status_get), (76 bytes).
    Removing am_hal_sysctrl.o(.rev16_text), (4 bytes).
    Removing am_hal_sysctrl.o(.revsh_text), (4 bytes).
    Removing am_hal_sysctrl.o(.rrx_text), (6 bytes).
    Removing am_hal_sysctrl.o(i.am_hal_sysctrl_aircr_reset), (36 bytes).
    Removing am_hal_sysctrl.o(i.am_hal_sysctrl_fpu_disable), (12 bytes).
    Removing am_hal_sysctrl.o(i.am_hal_sysctrl_fpu_enable), (16 bytes).
    Removing am_hal_sysctrl.o(i.am_hal_sysctrl_fpu_stacking_disable), (32 bytes).
    Removing am_hal_sysctrl.o(i.am_hal_sysctrl_fpu_stacking_enable), (48 bytes).
    Removing am_bsp_pins.o(.rev16_text), (4 bytes).
    Removing am_bsp_pins.o(.revsh_text), (4 bytes).
    Removing am_bsp_pins.o(.rrx_text), (6 bytes).
    Removing am_bsp_pins.o(.constdata), (4 bytes).
    Removing am_bsp_pins.o(.constdata), (4 bytes).
    Removing am_bsp_pins.o(.constdata), (4 bytes).
    Removing am_bsp_pins.o(.constdata), (4 bytes).
    Removing am_bsp_pins.o(.constdata), (4 bytes).
    Removing am_bsp_pins.o(.constdata), (4 bytes).
    Removing am_bsp_pins.o(.constdata), (4 bytes).
    Removing am_bsp_pins.o(.constdata), (4 bytes).
    Removing am_bsp_pins.o(.constdata), (4 bytes).
    Removing am_bsp_pins.o(.constdata), (4 bytes).
    Removing am_bsp_pins.o(.constdata), (4 bytes).
    Removing am_bsp_pins.o(.constdata), (4 bytes).
    Removing am_bsp_pins.o(.constdata), (4 bytes).
    Removing am_bsp_pins.o(.constdata), (4 bytes).
    Removing am_bsp_pins.o(.constdata), (4 bytes).
    Removing am_bsp_pins.o(.constdata), (4 bytes).
    Removing am_bsp_pins.o(.constdata), (4 bytes).
    Removing am_bsp_pins.o(.constdata), (4 bytes).
    Removing am_bsp_pins.o(.constdata), (4 bytes).
    Removing am_bsp_pins.o(.constdata), (4 bytes).
    Removing am_bsp_pins.o(.constdata), (4 bytes).
    Removing am_bsp_pins.o(.constdata), (4 bytes).
    Removing am_bsp_pins.o(.constdata), (4 bytes).
    Removing am_bsp_pins.o(.constdata), (4 bytes).
    Removing am_bsp_pins.o(.constdata), (4 bytes).
    Removing am_bsp_pins.o(.constdata), (4 bytes).
    Removing am_hal_gpio.o(.rev16_text), (4 bytes).
    Removing am_hal_gpio.o(.revsh_text), (4 bytes).
    Removing am_hal_gpio.o(.rrx_text), (6 bytes).
    Removing am_hal_gpio.o(i.am_hal_gpio_fast_pinconfig), (206 bytes).
    Removing am_hal_gpio.o(i.am_hal_gpio_interrupt_clear), (52 bytes).
    Removing am_hal_gpio.o(i.am_hal_gpio_interrupt_disable), (64 bytes).
    Removing am_hal_gpio.o(i.am_hal_gpio_interrupt_enable), (64 bytes).
    Removing am_hal_gpio.o(i.am_hal_gpio_interrupt_register), (32 bytes).
    Removing am_hal_gpio.o(i.am_hal_gpio_interrupt_service), (120 bytes).
    Removing am_hal_gpio.o(i.am_hal_gpio_interrupt_status_get), (84 bytes).
    Removing am_hal_gpio.o(i.am_hal_gpio_state_read), (90 bytes).
    Removing am_hal_gpio.o(.bss), (200 bytes).
    Removing am_hal_gpio.o(.constdata), (4 bytes).
    Removing am_hal_gpio.o(.constdata), (4 bytes).
    Removing am_hal_gpio.o(.constdata), (4 bytes).
    Removing am_hal_gpio.o(.constdata), (4 bytes).
    Removing am_hal_gpio.o(.constdata), (4 bytes).
    Removing am_hal_gpio.o(.constdata), (4 bytes).
    Removing am_hal_gpio.o(.constdata), (4 bytes).
    Removing am_hal_gpio.o(.constdata), (4 bytes).
    Removing am_hal_gpio.o(.constdata), (4 bytes).
    Removing am_hal_gpio.o(.constdata), (4 bytes).
    Removing am_hal_gpio.o(.constdata), (4 bytes).
    Removing am_hal_interrupt.o(.rev16_text), (4 bytes).
    Removing am_hal_interrupt.o(.revsh_text), (4 bytes).
    Removing am_hal_interrupt.o(.rrx_text), (6 bytes).
    Removing am_hal_itm.o(.rev16_text), (4 bytes).
    Removing am_hal_itm.o(.revsh_text), (4 bytes).
    Removing am_hal_itm.o(.rrx_text), (6 bytes).
    Removing am_hal_itm.o(i.am_hal_itm_not_busy), (24 bytes).
    Removing am_hal_itm.o(i.am_hal_itm_print_not_busy), (14 bytes).
    Removing am_hal_itm.o(i.am_hal_itm_stimulus_not_busy), (18 bytes).
    Removing am_hal_itm.o(i.am_hal_itm_stimulus_reg_byte_write), (18 bytes).
    Removing am_hal_itm.o(i.am_hal_itm_stimulus_reg_short_write), (18 bytes).
    Removing am_hal_itm.o(i.am_hal_itm_stimulus_reg_word_write), (18 bytes).
    Removing am_hal_itm.o(i.am_hal_itm_sync_send), (20 bytes).
    Removing am_hal_itm.o(i.am_hal_itm_trace_port_disable), (24 bytes).
    Removing am_hal_itm.o(i.am_hal_itm_trace_port_enable), (24 bytes).
    Removing am_hal_pwrctrl.o(.rev16_text), (4 bytes).
    Removing am_hal_pwrctrl.o(.revsh_text), (4 bytes).
    Removing am_hal_pwrctrl.o(.rrx_text), (6 bytes).
    Removing am_hal_pwrctrl.o(i.am_hal_pwrctrl_memory_enable), (108 bytes).
    Removing am_hal_pwrctrl.o(i.am_hal_pwrctrl_periph_enabled), (88 bytes).
    Removing am_hal_reset.o(.rev16_text), (4 bytes).
    Removing am_hal_reset.o(.revsh_text), (4 bytes).
    Removing am_hal_reset.o(.rrx_text), (6 bytes).
    Removing am_hal_reset.o(i.am_hal_reset_configure), (82 bytes).
    Removing am_hal_reset.o(i.am_hal_reset_control), (56 bytes).
    Removing am_hal_reset.o(i.am_hal_reset_interrupt_clear), (12 bytes).
    Removing am_hal_reset.o(i.am_hal_reset_interrupt_disable), (34 bytes).
    Removing am_hal_reset.o(i.am_hal_reset_interrupt_enable), (34 bytes).
    Removing am_hal_reset.o(i.am_hal_reset_interrupt_status_get), (22 bytes).
    Removing am_hal_reset.o(i.am_hal_reset_status_get), (116 bytes).
    Removing am_hal_rtc.o(.rev16_text), (4 bytes).
    Removing am_hal_rtc.o(.revsh_text), (4 bytes).
    Removing am_hal_rtc.o(.rrx_text), (6 bytes).
    Removing am_hal_rtc.o(i.am_hal_rtc_alarm_get), (162 bytes).
    Removing am_hal_rtc.o(i.am_hal_rtc_alarm_interval_set), (62 bytes).
    Removing am_hal_rtc.o(i.am_hal_rtc_alarm_set), (320 bytes).
    Removing am_hal_rtc.o(i.am_hal_rtc_int_clear), (10 bytes).
    Removing am_hal_rtc.o(i.am_hal_rtc_int_disable), (18 bytes).
    Removing am_hal_rtc.o(i.am_hal_rtc_int_enable), (16 bytes).
    Removing am_hal_rtc.o(i.am_hal_rtc_int_enable_get), (10 bytes).
    Removing am_hal_rtc.o(i.am_hal_rtc_int_set), (10 bytes).
    Removing am_hal_rtc.o(i.am_hal_rtc_int_status_get), (24 bytes).
    Removing am_hal_rtc.o(i.am_hal_rtc_osc_enable), (18 bytes).
    Removing am_hal_rtc.o(i.am_hal_rtc_time_12hour), (18 bytes).
    Removing am_hal_rtc.o(i.am_hal_rtc_time_get), (202 bytes).
    Removing am_hal_rtc.o(i.am_hal_rtc_time_set), (380 bytes).
    Removing am_hal_tpiu.o(.rev16_text), (4 bytes).
    Removing am_hal_tpiu.o(.revsh_text), (4 bytes).
    Removing am_hal_tpiu.o(.rrx_text), (6 bytes).
    Removing am_hal_tpiu.o(i.am_hal_tpiu_clock_disable), (20 bytes).
    Removing am_hal_tpiu.o(i.am_hal_tpiu_clock_enable), (20 bytes).
    Removing am_hal_tpiu.o(i.am_hal_tpiu_configure), (48 bytes).
    Removing am_hal_tpiu.o(i.am_hal_tpiu_disable), (16 bytes).
    Removing am_hal_tpiu.o(i.am_hal_tpiu_port_width_get), (40 bytes).
    Removing am_hal_tpiu.o(i.am_hal_tpiu_port_width_set), (20 bytes).
    Removing am_hal_tpiu.o(i.am_hal_tpiu_supported_port_width_get), (56 bytes).
    Removing am_hal_uart.o(.rev16_text), (4 bytes).
    Removing am_hal_uart.o(.revsh_text), (4 bytes).
    Removing am_hal_uart.o(.rrx_text), (6 bytes).
    Removing am_hal_uart.o(i.am_hal_uart_configure), (600 bytes).
    Removing am_hal_uart.o(i.am_hal_uart_flags_get), (48 bytes).
    Removing am_hal_uart.o(i.am_hal_uart_initialize), (84 bytes).
    Removing am_hal_uart.o(i.am_hal_uart_interrupt_clear), (48 bytes).
    Removing am_hal_uart.o(i.am_hal_uart_interrupt_disable), (56 bytes).
    Removing am_hal_uart.o(i.am_hal_uart_interrupt_enable), (52 bytes).
    Removing am_hal_uart.o(i.am_hal_uart_interrupt_service), (364 bytes).
    Removing am_hal_uart.o(i.am_hal_uart_interrupt_status_get), (60 bytes).
    Removing am_hal_uart.o(i.am_hal_uart_transfer), (852 bytes).
    Removing am_hal_uart.o(i.read_nonblocking), (296 bytes).
    Removing am_hal_uart.o(i.write_nonblocking), (272 bytes).
    Removing am_hal_uart.o(.bss), (200 bytes).
    Removing am_hal_queue.o(.rev16_text), (4 bytes).
    Removing am_hal_queue.o(.revsh_text), (4 bytes).
    Removing am_hal_queue.o(.rrx_text), (6 bytes).
    Removing am_hal_queue.o(i.am_hal_queue_init), (22 bytes).
    Removing am_hal_queue.o(i.am_hal_queue_item_add), (164 bytes).
    Removing am_hal_queue.o(i.am_hal_queue_item_get), (152 bytes).

232 unused section(s) (total 11478 bytes) removed from the image.

==============================================================================

Image Symbol Table

    Local Symbols

    Symbol Name                              Value     Ov Type        Size  Object(Section)

    ../../../../../utils/am_util_delay.c     0x00000000   Number         0  am_util_delay.o ABSOLUTE
    ../../../../../utils/am_util_faultisr.c  0x00000000   Number         0  am_util_faultisr.o ABSOLUTE
    ../../../../../utils/am_util_stdio.c     0x00000000   Number         0  am_util_stdio.o ABSOLUTE
    ../am_bsp.c                              0x00000000   Number         0  am_bsp.o ABSOLUTE
    ../am_bsp_pins.c                         0x00000000   Number         0  am_bsp_pins.o ABSOLUTE
    ../am_hal_cachectrl.c                    0x00000000   Number         0  am_hal_cachectrl.o ABSOLUTE
    ../am_hal_clkgen.c                       0x00000000   Number         0  am_hal_clkgen.o ABSOLUTE
    ../am_hal_flash.c                        0x00000000   Number         0  am_hal_flash.o ABSOLUTE
    ../am_hal_global.c                       0x00000000   Number         0  am_hal_global.o ABSOLUTE
    ../am_hal_gpio.c                         0x00000000   Number         0  am_hal_gpio.o ABSOLUTE
    ../am_hal_interrupt.c                    0x00000000   Number         0  am_hal_interrupt.o ABSOLUTE
    ../am_hal_itm.c                          0x00000000   Number         0  am_hal_itm.o ABSOLUTE
    ../am_hal_mcuctrl.c                      0x00000000   Number         0  am_hal_mcuctrl.o ABSOLUTE
    ../am_hal_pwrctrl.c                      0x00000000   Number         0  am_hal_pwrctrl.o ABSOLUTE
    ../am_hal_queue.c                        0x00000000   Number         0  am_hal_queue.o ABSOLUTE
    ../am_hal_reset.c                        0x00000000   Number         0  am_hal_reset.o ABSOLUTE
    ../am_hal_rtc.c                          0x00000000   Number         0  am_hal_rtc.o ABSOLUTE
    ../am_hal_sysctrl.c                      0x00000000   Number         0  am_hal_sysctrl.o ABSOLUTE
    ../am_hal_tpiu.c                         0x00000000   Number         0  am_hal_tpiu.o ABSOLUTE
    ../am_hal_uart.c                         0x00000000   Number         0  am_hal_uart.o ABSOLUTE
    ../clib/angel/boardlib.s                 0x00000000   Number         0  boardinit2.o ABSOLUTE
    ../clib/angel/boardlib.s                 0x00000000   Number         0  boardinit1.o ABSOLUTE
    ../clib/angel/boardlib.s                 0x00000000   Number         0  boardinit3.o ABSOLUTE
    ../clib/angel/boardlib.s                 0x00000000   Number         0  boardshut.o ABSOLUTE
    ../clib/angel/handlers.s                 0x00000000   Number         0  __scatter_copy.o ABSOLUTE
    ../clib/angel/handlers.s                 0x00000000   Number         0  __scatter_zi.o ABSOLUTE
    ../clib/angel/kernel.s                   0x00000000   Number         0  __rtentry4.o ABSOLUTE
    ../clib/angel/kernel.s                   0x00000000   Number         0  rtexit.o ABSOLUTE
    ../clib/angel/kernel.s                   0x00000000   Number         0  __rtentry.o ABSOLUTE
    ../clib/angel/kernel.s                   0x00000000   Number         0  __rtentry2.o ABSOLUTE
    ../clib/angel/kernel.s                   0x00000000   Number         0  rtexit2.o ABSOLUTE
    ../clib/angel/rt.s                       0x00000000   Number         0  rt_raise.o ABSOLUTE
    ../clib/angel/scatter.s                  0x00000000   Number         0  __scatter.o ABSOLUTE
    ../clib/angel/startup.s                  0x00000000   Number         0  __main.o ABSOLUTE
    ../clib/angel/sys.s                      0x00000000   Number         0  libspace.o ABSOLUTE
    ../clib/angel/sys.s                      0x00000000   Number         0  sys_stackheap_outer.o ABSOLUTE
    ../clib/angel/sys.s                      0x00000000   Number         0  indicate_semi.o ABSOLUTE
    ../clib/angel/sys.s                      0x00000000   Number         0  use_no_semi.o ABSOLUTE
    ../clib/angel/sysapp.c                   0x00000000   Number         0  sys_exit.o ABSOLUTE
    ../clib/angel/sysapp.c                   0x00000000   Number         0  sys_wrch.o ABSOLUTE
    ../clib/angel/sysapp.c                   0x00000000   Number         0  sys_command.o ABSOLUTE
    ../clib/armsys.c                         0x00000000   Number         0  argv_veneer.o ABSOLUTE
    ../clib/armsys.c                         0x00000000   Number         0  argv_veneer.o ABSOLUTE
    ../clib/armsys.c                         0x00000000   Number         0  no_argv.o ABSOLUTE
    ../clib/armsys.c                         0x00000000   Number         0  _get_argv_nomalloc.o ABSOLUTE
    ../clib/heapalloc.c                      0x00000000   Number         0  hrguard.o ABSOLUTE
    ../clib/heapaux.c                        0x00000000   Number         0  heapauxi.o ABSOLUTE
    ../clib/libinit.s                        0x00000000   Number         0  libshutdown.o ABSOLUTE
    ../clib/libinit.s                        0x00000000   Number         0  libinit.o ABSOLUTE
    ../clib/libinit.s                        0x00000000   Number         0  libshutdown2.o ABSOLUTE
    ../clib/libinit.s                        0x00000000   Number         0  libinit2.o ABSOLUTE
    ../clib/longlong.s                       0x00000000   Number         0  llshl.o ABSOLUTE
    ../clib/longlong.s                       0x00000000   Number         0  llushr.o ABSOLUTE
    ../clib/memcpset.s                       0x00000000   Number         0  rt_memclr_w.o ABSOLUTE
    ../clib/signal.c                         0x00000000   Number         0  defsig_abrt_inner.o ABSOLUTE
    ../clib/signal.c                         0x00000000   Number         0  defsig_rtmem_outer.o ABSOLUTE
    ../clib/signal.c                         0x00000000   Number         0  defsig_pvfn_inner.o ABSOLUTE
    ../clib/signal.c                         0x00000000   Number         0  defsig_rtmem_formal.o ABSOLUTE
    ../clib/signal.c                         0x00000000   Number         0  defsig_exit.o ABSOLUTE
    ../clib/signal.c                         0x00000000   Number         0  defsig_rtmem_inner.o ABSOLUTE
    ../clib/signal.c                         0x00000000   Number         0  __raise.o ABSOLUTE
    ../clib/signal.c                         0x00000000   Number         0  defsig_general.o ABSOLUTE
    ../clib/signal.c                         0x00000000   Number         0  defsig_fpe_inner.o ABSOLUTE
    ../clib/signal.c                         0x00000000   Number         0  defsig_rtred_inner.o ABSOLUTE
    ../clib/signal.c                         0x00000000   Number         0  defsig_stak_inner.o ABSOLUTE
    ../clib/signal.c                         0x00000000   Number         0  defsig_cppl_inner.o ABSOLUTE
    ../clib/signal.c                         0x00000000   Number         0  defsig_segv_inner.o ABSOLUTE
    ../clib/signal.c                         0x00000000   Number         0  defsig_other.o ABSOLUTE
    ../clib/signal.s                         0x00000000   Number         0  defsig.o ABSOLUTE
    ../clib/stdlib.c                         0x00000000   Number         0  exit.o ABSOLUTE
    ../fplib/d2f.s                           0x00000000   Number         0  d2f.o ABSOLUTE
    ../fplib/dnaninf.s                       0x00000000   Number         0  dnaninf.o ABSOLUTE
    ../fplib/fpinit.s                        0x00000000   Number         0  fpinit.o ABSOLUTE
    ../fplib/fretinf.s                       0x00000000   Number         0  fretinf.o ABSOLUTE
    ../fplib/usenofp.s                       0x00000000   Number         0  usenofp.o ABSOLUTE
    ../keil/startup_keil.s                   0x00000000   Number         0  startup_keil.o ABSOLUTE
    ../src/hello_fault.c                     0x00000000   Number         0  hello_fault.o ABSOLUTE
    ..\..\..\..\..\utils\am_util_delay.c     0x00000000   Number         0  am_util_delay.o ABSOLUTE
    ..\..\..\..\..\utils\am_util_faultisr.c  0x00000000   Number         0  am_util_faultisr.o ABSOLUTE
    ..\am_bsp.c                              0x00000000   Number         0  am_bsp.o ABSOLUTE
    ..\am_bsp_pins.c                         0x00000000   Number         0  am_bsp_pins.o ABSOLUTE
    ..\am_hal_cachectrl.c                    0x00000000   Number         0  am_hal_cachectrl.o ABSOLUTE
    ..\am_hal_clkgen.c                       0x00000000   Number         0  am_hal_clkgen.o ABSOLUTE
    ..\am_hal_flash.c                        0x00000000   Number         0  am_hal_flash.o ABSOLUTE
    ..\am_hal_global.c                       0x00000000   Number         0  am_hal_global.o ABSOLUTE
    ..\am_hal_gpio.c                         0x00000000   Number         0  am_hal_gpio.o ABSOLUTE
    ..\am_hal_interrupt.c                    0x00000000   Number         0  am_hal_interrupt.o ABSOLUTE
    ..\am_hal_itm.c                          0x00000000   Number         0  am_hal_itm.o ABSOLUTE
    ..\am_hal_mcuctrl.c                      0x00000000   Number         0  am_hal_mcuctrl.o ABSOLUTE
    ..\am_hal_pwrctrl.c                      0x00000000   Number         0  am_hal_pwrctrl.o ABSOLUTE
    ..\am_hal_queue.c                        0x00000000   Number         0  am_hal_queue.o ABSOLUTE
    ..\am_hal_reset.c                        0x00000000   Number         0  am_hal_reset.o ABSOLUTE
    ..\am_hal_rtc.c                          0x00000000   Number         0  am_hal_rtc.o ABSOLUTE
    ..\am_hal_sysctrl.c                      0x00000000   Number         0  am_hal_sysctrl.o ABSOLUTE
    ..\am_hal_tpiu.c                         0x00000000   Number         0  am_hal_tpiu.o ABSOLUTE
    ..\am_hal_uart.c                         0x00000000   Number         0  am_hal_uart.o ABSOLUTE
    ..\src\hello_fault.c                     0x00000000   Number         0  hello_fault.o ABSOLUTE
    dc.s                                     0x00000000   Number         0  dc.o ABSOLUTE
    RESET                                    0x0000c000   Section      312  startup_keil.o(RESET)
    $v0                                      0x0000c100   Number         0  startup_keil.o(RESET)
    !!!main                                  0x0000c138   Section        8  __main.o(!!!main)
    !!!scatter                               0x0000c140   Section       52  __scatter.o(!!!scatter)
    !!handler_copy                           0x0000c174   Section       26  __scatter_copy.o(!!handler_copy)
    !!handler_zi                             0x0000c190   Section       28  __scatter_zi.o(!!handler_zi)
    .ARM.Collect$$libinit$$00000000          0x0000c1ac   Section        2  libinit.o(.ARM.Collect$$libinit$$00000000)
    .ARM.Collect$$libinit$$00000001          0x0000c1ae   Section        4  libinit2.o(.ARM.Collect$$libinit$$00000001)
    .ARM.Collect$$libinit$$00000004          0x0000c1b2   Section        0  libinit2.o(.ARM.Collect$$libinit$$00000004)
    .ARM.Collect$$libinit$$0000000A          0x0000c1b2   Section        0  libinit2.o(.ARM.Collect$$libinit$$0000000A)
    .ARM.Collect$$libinit$$0000000C          0x0000c1b2   Section        0  libinit2.o(.ARM.Collect$$libinit$$0000000C)
    .ARM.Collect$$libinit$$0000000E          0x0000c1b2   Section        0  libinit2.o(.ARM.Collect$$libinit$$0000000E)
    .ARM.Collect$$libinit$$00000011          0x0000c1b2   Section        0  libinit2.o(.ARM.Collect$$libinit$$00000011)
    .ARM.Collect$$libinit$$00000013          0x0000c1b2   Section        0  libinit2.o(.ARM.Collect$$libinit$$00000013)
    .ARM.Collect$$libinit$$00000015          0x0000c1b2   Section        0  libinit2.o(.ARM.Collect$$libinit$$00000015)
    .ARM.Collect$$libinit$$00000017          0x0000c1b2   Section        0  libinit2.o(.ARM.Collect$$libinit$$00000017)
    .ARM.Collect$$libinit$$00000019          0x0000c1b2   Section        0  libinit2.o(.ARM.Collect$$libinit$$00000019)
    .ARM.Collect$$libinit$$0000001B          0x0000c1b2   Section        0  libinit2.o(.ARM.Collect$$libinit$$0000001B)
    .ARM.Collect$$libinit$$0000001D          0x0000c1b2   Section        0  libinit2.o(.ARM.Collect$$libinit$$0000001D)
    .ARM.Collect$$libinit$$0000001F          0x0000c1b2   Section        0  libinit2.o(.ARM.Collect$$libinit$$0000001F)
    .ARM.Collect$$libinit$$00000021          0x0000c1b2   Section        0  libinit2.o(.ARM.Collect$$libinit$$00000021)
    .ARM.Collect$$libinit$$00000023          0x0000c1b2   Section        0  libinit2.o(.ARM.Collect$$libinit$$00000023)
    .ARM.Collect$$libinit$$00000025          0x0000c1b2   Section        0  libinit2.o(.ARM.Collect$$libinit$$00000025)
    .ARM.Collect$$libinit$$0000002C          0x0000c1b2   Section        0  libinit2.o(.ARM.Collect$$libinit$$0000002C)
    .ARM.Collect$$libinit$$0000002E          0x0000c1b2   Section        0  libinit2.o(.ARM.Collect$$libinit$$0000002E)
    .ARM.Collect$$libinit$$00000030          0x0000c1b2   Section        0  libinit2.o(.ARM.Collect$$libinit$$00000030)
    .ARM.Collect$$libinit$$00000032          0x0000c1b2   Section        0  libinit2.o(.ARM.Collect$$libinit$$00000032)
    .ARM.Collect$$libinit$$00000033          0x0000c1b2   Section        2  libinit2.o(.ARM.Collect$$libinit$$00000033)
    .ARM.Collect$$libshutdown$$00000000      0x0000c1b4   Section        2  libshutdown.o(.ARM.Collect$$libshutdown$$00000000)
    .ARM.Collect$$libshutdown$$00000002      0x0000c1b6   Section        0  libshutdown2.o(.ARM.Collect$$libshutdown$$00000002)
    .ARM.Collect$$libshutdown$$00000004      0x0000c1b6   Section        0  libshutdown2.o(.ARM.Collect$$libshutdown$$00000004)
    .ARM.Collect$$libshutdown$$00000007      0x0000c1b6   Section        0  libshutdown2.o(.ARM.Collect$$libshutdown$$00000007)
    .ARM.Collect$$libshutdown$$0000000A      0x0000c1b6   Section        0  libshutdown2.o(.ARM.Collect$$libshutdown$$0000000A)
    .ARM.Collect$$libshutdown$$0000000C      0x0000c1b6   Section        0  libshutdown2.o(.ARM.Collect$$libshutdown$$0000000C)
    .ARM.Collect$$libshutdown$$0000000F      0x0000c1b6   Section        0  libshutdown2.o(.ARM.Collect$$libshutdown$$0000000F)
    .ARM.Collect$$libshutdown$$00000010      0x0000c1b6   Section        2  libshutdown2.o(.ARM.Collect$$libshutdown$$00000010)
    .ARM.Collect$$rtentry$$00000000          0x0000c1b8   Section        0  __rtentry.o(.ARM.Collect$$rtentry$$00000000)
    .ARM.Collect$$rtentry$$00000002          0x0000c1b8   Section        0  __rtentry2.o(.ARM.Collect$$rtentry$$00000002)
    .ARM.Collect$$rtentry$$00000004          0x0000c1b8   Section        6  __rtentry4.o(.ARM.Collect$$rtentry$$00000004)
    .ARM.Collect$$rtentry$$00000009          0x0000c1be   Section        0  __rtentry2.o(.ARM.Collect$$rtentry$$00000009)
    .ARM.Collect$$rtentry$$0000000A          0x0000c1be   Section        4  __rtentry2.o(.ARM.Collect$$rtentry$$0000000A)
    .ARM.Collect$$rtentry$$0000000C          0x0000c1c2   Section        0  __rtentry2.o(.ARM.Collect$$rtentry$$0000000C)
    .ARM.Collect$$rtentry$$0000000D          0x0000c1c2   Section        8  __rtentry2.o(.ARM.Collect$$rtentry$$0000000D)
    .ARM.Collect$$rtexit$$00000000           0x0000c1ca   Section        2  rtexit.o(.ARM.Collect$$rtexit$$00000000)
    .ARM.Collect$$rtexit$$00000002           0x0000c1cc   Section        0  rtexit2.o(.ARM.Collect$$rtexit$$00000002)
    .ARM.Collect$$rtexit$$00000003           0x0000c1cc   Section        4  rtexit2.o(.ARM.Collect$$rtexit$$00000003)
    .ARM.Collect$$rtexit$$00000004           0x0000c1d0   Section        6  rtexit2.o(.ARM.Collect$$rtexit$$00000004)
    .emb_text                                0x0000c1d8   Section       34  am_util_faultisr.o(.emb_text)
    $v0                                      0x0000c1d8   Number         0  am_util_faultisr.o(.emb_text)
    .emb_text                                0x0000c1fc   Section       22  am_hal_interrupt.o(.emb_text)
    $v0                                      0x0000c1fc   Number         0  am_hal_interrupt.o(.emb_text)
    .text                                    0x0000c214   Section       24  startup_keil.o(.text)
    $v0                                      0x0000c214   Number         0  startup_keil.o(.text)
    .text                                    0x0000c22c   Section       78  rt_memclr_w.o(.text)
    .text                                    0x0000c27a   Section        0  heapauxi.o(.text)
    .text                                    0x0000c280   Section       74  sys_stackheap_outer.o(.text)
    .text                                    0x0000c2ca   Section        0  exit.o(.text)
    .text                                    0x0000c2dc   Section        8  libspace.o(.text)
    .text                                    0x0000c2e4   Section        0  sys_exit.o(.text)
    .text                                    0x0000c2f0   Section        2  use_no_semi.o(.text)
    .text                                    0x0000c2f2   Section        0  indicate_semi.o(.text)
    i.am_bsp_debug_printf_disable            0x0000c2f4   Section        0  am_bsp.o(i.am_bsp_debug_printf_disable)
    i.am_bsp_itm_printf_enable               0x0000c354   Section        0  am_bsp.o(i.am_bsp_itm_printf_enable)
    i.am_bsp_low_power_init                  0x0000c390   Section        0  am_bsp.o(i.am_bsp_low_power_init)
    i.am_hal_cachectrl_config                0x0000c3f8   Section        0  am_hal_cachectrl.o(i.am_hal_cachectrl_config)
    i.am_hal_cachectrl_enable                0x0000c444   Section        0  am_hal_cachectrl.o(i.am_hal_cachectrl_enable)
    i.am_hal_clkgen_control                  0x0000c458   Section        0  am_hal_clkgen.o(i.am_hal_clkgen_control)
    i.am_hal_clkgen_status_get               0x0000c510   Section        0  am_hal_clkgen.o(i.am_hal_clkgen_status_get)
    i.am_hal_flash_delay                     0x0000c544   Section        0  am_hal_flash.o(i.am_hal_flash_delay)
    i.am_hal_flash_delay_status_check        0x0000c568   Section        0  am_hal_flash.o(i.am_hal_flash_delay_status_check)
    i.am_hal_gpio_pinconfig                  0x0000c5c4   Section        0  am_hal_gpio.o(i.am_hal_gpio_pinconfig)
    i.am_hal_gpio_state_write                0x0000c844   Section        0  am_hal_gpio.o(i.am_hal_gpio_state_write)
    i.am_hal_itm_disable                     0x0000c8c4   Section        0  am_hal_itm.o(i.am_hal_itm_disable)
    i.am_hal_itm_enable                      0x0000c970   Section        0  am_hal_itm.o(i.am_hal_itm_enable)
    i.am_hal_itm_print                       0x0000c9b8   Section        0  am_hal_itm.o(i.am_hal_itm_print)
    i.am_hal_mcuctrl_control                 0x0000c9e8   Section        0  am_hal_mcuctrl.o(i.am_hal_mcuctrl_control)
    i.am_hal_mcuctrl_info_get                0x0000cab8   Section        0  am_hal_mcuctrl.o(i.am_hal_mcuctrl_info_get)
    i.am_hal_pwrctrl_low_power_init          0x0000cbf0   Section        0  am_hal_pwrctrl.o(i.am_hal_pwrctrl_low_power_init)
    i.am_hal_pwrctrl_periph_disable          0x0000cc88   Section        0  am_hal_pwrctrl.o(i.am_hal_pwrctrl_periph_disable)
    i.am_hal_pwrctrl_periph_enable           0x0000ccd8   Section        0  am_hal_pwrctrl.o(i.am_hal_pwrctrl_periph_enable)
    i.am_hal_rtc_osc_disable                 0x0000cd28   Section        0  am_hal_rtc.o(i.am_hal_rtc_osc_disable)
    i.am_hal_rtc_osc_select                  0x0000cd3a   Section        0  am_hal_rtc.o(i.am_hal_rtc_osc_select)
    i.am_hal_sysctrl_sleep                   0x0000cd50   Section        0  am_hal_sysctrl.o(i.am_hal_sysctrl_sleep)
    i.am_hal_tpiu_enable                     0x0000cdbc   Section        0  am_hal_tpiu.o(i.am_hal_tpiu_enable)
    i.am_hal_uart_deinitialize               0x0000ce4c   Section        0  am_hal_uart.o(i.am_hal_uart_deinitialize)
    i.am_hal_uart_power_control              0x0000ce7c   Section        0  am_hal_uart.o(i.am_hal_uart_power_control)
    i.am_hal_uart_tx_flush                   0x0000cf68   Section        0  am_hal_uart.o(i.am_hal_uart_tx_flush)
    i.am_util_delay_ms                       0x0000cfc4   Section        0  am_util_delay.o(i.am_util_delay_ms)
    i.am_util_faultisr_collect_data          0x0000cfe4   Section        0  am_util_faultisr.o(i.am_util_faultisr_collect_data)
    i.am_util_stdio_printf                   0x0000d4c8   Section        0  am_util_stdio.o(i.am_util_stdio_printf)
    i.am_util_stdio_printf_init              0x0000d504   Section        0  am_util_stdio.o(i.am_util_stdio_printf_init)
    i.am_util_stdio_terminal_clear           0x0000d510   Section        0  am_util_stdio.o(i.am_util_stdio_terminal_clear)
    i.am_util_stdio_vsprintf                 0x0000d530   Section        0  am_util_stdio.o(i.am_util_stdio_vsprintf)
    i.decstr_to_int                          0x0000d8e4   Section        0  am_util_stdio.o(i.decstr_to_int)
    decstr_to_int                            0x0000d8e5   Thumb Code    66  am_util_stdio.o(i.decstr_to_int)
    i.divu64_10                              0x0000d926   Section        0  am_util_stdio.o(i.divu64_10)
    divu64_10                                0x0000d927   Thumb Code   204  am_util_stdio.o(i.divu64_10)
    i.force_fault                            0x0000d9f4   Section        0  hello_fault.o(i.force_fault)
    i.ftoa                                   0x0000da04   Section        0  am_util_stdio.o(i.ftoa)
    ftoa                                     0x0000da05   Thumb Code   370  am_util_stdio.o(i.ftoa)
    i.main                                   0x0000db7c   Section        0  hello_fault.o(i.main)
    i.ndigits_in_hex                         0x0000dc0c   Section        0  am_util_stdio.o(i.ndigits_in_hex)
    ndigits_in_hex                           0x0000dc0d   Thumb Code    52  am_util_stdio.o(i.ndigits_in_hex)
    i.ndigits_in_i64                         0x0000dc40   Section        0  am_util_stdio.o(i.ndigits_in_i64)
    ndigits_in_i64                           0x0000dc41   Thumb Code    36  am_util_stdio.o(i.ndigits_in_i64)
    i.ndigits_in_u64                         0x0000dc64   Section        0  am_util_stdio.o(i.ndigits_in_u64)
    ndigits_in_u64                           0x0000dc65   Thumb Code    58  am_util_stdio.o(i.ndigits_in_u64)
    i.padbuffer                              0x0000dc9e   Section        0  am_util_stdio.o(i.padbuffer)
    padbuffer                                0x0000dc9f   Thumb Code    34  am_util_stdio.o(i.padbuffer)
    i.simple_strlen                          0x0000dcc0   Section        0  am_util_stdio.o(i.simple_strlen)
    simple_strlen                            0x0000dcc1   Thumb Code    24  am_util_stdio.o(i.simple_strlen)
    i.uint64_to_hexstr                       0x0000dcd8   Section        0  am_util_stdio.o(i.uint64_to_hexstr)
    uint64_to_hexstr                         0x0000dcd9   Thumb Code   138  am_util_stdio.o(i.uint64_to_hexstr)
    i.uint64_to_str                          0x0000dd62   Section        0  am_util_stdio.o(i.uint64_to_str)
    uint64_to_str                            0x0000dd63   Thumb Code   112  am_util_stdio.o(i.uint64_to_str)
    x$fpl$d2f                                0x0000ddd4   Section       98  d2f.o(x$fpl$d2f)
    $v0                                      0x0000ddd4   Number         0  d2f.o(x$fpl$d2f)
    x$fpl$dnaninf                            0x0000de36   Section      156  dnaninf.o(x$fpl$dnaninf)
    $v0                                      0x0000de36   Number         0  dnaninf.o(x$fpl$dnaninf)
    x$fpl$fpinit                             0x0000ded2   Section       10  fpinit.o(x$fpl$fpinit)
    $v0                                      0x0000ded2   Number         0  fpinit.o(x$fpl$fpinit)
    x$fpl$fretinf                            0x0000dedc   Section       10  fretinf.o(x$fpl$fretinf)
    $v0                                      0x0000dedc   Number         0  fretinf.o(x$fpl$fretinf)
    .constdata                               0x0000dee6   Section        3  am_hal_cachectrl.o(.constdata)
    x$fpl$usenofp                            0x0000dee6   Section        0  usenofp.o(x$fpl$usenofp)
    .constdata                               0x0000deec   Section      128  am_hal_mcuctrl.o(.constdata)
    .constdata                               0x0000df6c   Section        4  am_bsp_pins.o(.constdata)
    .constdata                               0x0000df70   Section      354  am_hal_gpio.o(.constdata)
    g_ui8Inpen                               0x0000df74   Data          50  am_hal_gpio.o(.constdata)
    g_ui8Bit76Capabilities                   0x0000dfa6   Data          50  am_hal_gpio.o(.constdata)
    g_ui8nCEpins                             0x0000dfd8   Data          50  am_hal_gpio.o(.constdata)
    g_ui8NCEtable                            0x0000e00a   Data         200  am_hal_gpio.o(.constdata)
    .constdata                               0x0000e0d4   Section        4  am_hal_gpio.o(.constdata)
    .constdata                               0x0000e0d8   Section      540  am_hal_pwrctrl.o(.constdata)
    .conststring                             0x0000e2f4   Section      346  hello_fault.o(.conststring)
    .data                                    0x10000000   Section        5  am_util_stdio.o(.data)
    g_bTxtXlate                              0x10000004   Data           1  am_util_stdio.o(.data)
    .data                                    0x10000008   Section        4  am_hal_global.o(.data)
    .data                                    0x1000000c   Section       72  am_bsp.o(.data)
    g_ui32PrintInterface                     0x1000000c   Data           4  am_bsp.o(.data)
    g_sCOMUART                               0x10000010   Data           4  am_bsp.o(.data)
    g_sBspUartBufferedConfig                 0x1000002c   Data          40  am_bsp.o(.data)
    .data                                    0x10000054   Section        4  am_hal_sysctrl.o(.data)
    g_ui32BusWriteFlush                      0x10000054   Data           4  am_hal_sysctrl.o(.data)
    .data                                    0x10000058   Section        4  am_hal_reset.o(.data)
    .bss                                     0x1000005c   Section      256  am_util_stdio.o(.bss)
    g_prfbuf                                 0x1000005c   Data         256  am_util_stdio.o(.bss)
    .bss                                     0x1000015c   Section     1024  am_bsp.o(.bss)
    pui8UartTxBuffer                         0x1000015c   Data        1024  am_bsp.o(.bss)
    .bss                                     0x1000055c   Section     1024  am_bsp.o(.bss)
    pui8UartRxBuffer                         0x1000055c   Data        1024  am_bsp.o(.bss)
    .bss                                     0x1000095c   Section       96  libspace.o(.bss)
    HEAP                                     0x100009c0   Section        0  startup_keil.o(HEAP)
    STACK                                    0x100009c0   Section     4096  startup_keil.o(STACK)
    HeapMem                                  0x100009c0   Data           0  startup_keil.o(HEAP)
    StackMem                                 0x100009c0   Data           0  startup_keil.o(STACK)

    Global Symbols

    Symbol Name                              Value     Ov Type        Size  Object(Section)

    BuildAttributes$$THM_ISAv4$E$P$D$K$B$S$7EM$VFPi3$EXTD16$VFPS$VFMA$PE$A:L22UL41UL21$X:L11$S22US41US21$IEEE1$IW$USESV6$~STKCKD$USESV7$~SHL$OTIME$ROPI$EBA8$UX$STANDARDLIB$REQ8$PRES8$EABIv2 0x00000000   Number         0  anon$$obj.o ABSOLUTE
    __ARM_use_no_argv                        0x00000000   Number         0  hello_fault.o ABSOLUTE
    __ARM_exceptions_init                     - Undefined Weak Reference
    __alloca_initialize                       - Undefined Weak Reference
    __arm_preinit_                            - Undefined Weak Reference
    __cpp_initialize__aeabi_                  - Undefined Weak Reference
    __cxa_finalize                            - Undefined Weak Reference
    __rt_locale                               - Undefined Weak Reference
    __sigvec_lookup                           - Undefined Weak Reference
    _atexit_init                              - Undefined Weak Reference
    _call_atexit_fns                          - Undefined Weak Reference
    _clock_init                               - Undefined Weak Reference
    _fp_trap_init                             - Undefined Weak Reference
    _fp_trap_shutdown                         - Undefined Weak Reference
    _get_lc_collate                           - Undefined Weak Reference
    _get_lc_ctype                             - Undefined Weak Reference
    _get_lc_monetary                          - Undefined Weak Reference
    _get_lc_numeric                           - Undefined Weak Reference
    _get_lc_time                              - Undefined Weak Reference
    _getenv_init                              - Undefined Weak Reference
    _handle_redirection                       - Undefined Weak Reference
    _init_alloc                               - Undefined Weak Reference
    _init_user_alloc                          - Undefined Weak Reference
    _initio                                   - Undefined Weak Reference
    _rand_init                                - Undefined Weak Reference
    _signal_finish                            - Undefined Weak Reference
    _signal_init                              - Undefined Weak Reference
    _terminate_alloc                          - Undefined Weak Reference
    _terminate_user_alloc                     - Undefined Weak Reference
    _terminateio                              - Undefined Weak Reference
    __Vectors                                0x0000c000   Data           0  startup_keil.o(RESET)
    __Patchable                              0x0000c0c0   Data           0  startup_keil.o(RESET)
    Reset_Handler                            0x0000c101   Thumb Code    28  startup_keil.o(RESET)
    NMI_Handler                              0x0000c11f   Thumb Code     2  startup_keil.o(RESET)
    MemManage_Handler                        0x0000c121   Thumb Code     2  startup_keil.o(RESET)
    BusFault_Handler                         0x0000c123   Thumb Code     2  startup_keil.o(RESET)
    UsageFault_Handler                       0x0000c125   Thumb Code     2  startup_keil.o(RESET)
    SecureFault_Handler                      0x0000c127   Thumb Code     2  startup_keil.o(RESET)
    SVC_Handler                              0x0000c129   Thumb Code     2  startup_keil.o(RESET)
    DebugMon_Handler                         0x0000c12b   Thumb Code     2  startup_keil.o(RESET)
    PendSV_Handler                           0x0000c12d   Thumb Code     2  startup_keil.o(RESET)
    SysTick_Handler                          0x0000c12f   Thumb Code     2  startup_keil.o(RESET)
    am_adc_isr                               0x0000c131   Thumb Code     0  startup_keil.o(RESET)
    am_ble_isr                               0x0000c131   Thumb Code     0  startup_keil.o(RESET)
    am_brownout_isr                          0x0000c131   Thumb Code     0  startup_keil.o(RESET)
    am_clkgen_isr                            0x0000c131   Thumb Code     0  startup_keil.o(RESET)
    am_ctimer_isr                            0x0000c131   Thumb Code     0  startup_keil.o(RESET)
    am_gpio_isr                              0x0000c131   Thumb Code     0  startup_keil.o(RESET)
    am_iomaster0_isr                         0x0000c131   Thumb Code     0  startup_keil.o(RESET)
    am_iomaster1_isr                         0x0000c131   Thumb Code     0  startup_keil.o(RESET)
    am_iomaster2_isr                         0x0000c131   Thumb Code     0  startup_keil.o(RESET)
    am_iomaster3_isr                         0x0000c131   Thumb Code     0  startup_keil.o(RESET)
    am_iomaster4_isr                         0x0000c131   Thumb Code     0  startup_keil.o(RESET)
    am_iomaster5_isr                         0x0000c131   Thumb Code     0  startup_keil.o(RESET)
    am_ioslave_acc_isr                       0x0000c131   Thumb Code     0  startup_keil.o(RESET)
    am_ioslave_ios_isr                       0x0000c131   Thumb Code     0  startup_keil.o(RESET)
    am_mspi0_isr                             0x0000c131   Thumb Code     0  startup_keil.o(RESET)
    am_pdm0_isr                              0x0000c131   Thumb Code     0  startup_keil.o(RESET)
    am_rtc_isr                               0x0000c131   Thumb Code     0  startup_keil.o(RESET)
    am_scard_isr                             0x0000c131   Thumb Code     0  startup_keil.o(RESET)
    am_software0_isr                         0x0000c131   Thumb Code     0  startup_keil.o(RESET)
    am_stimer_cmpr0_isr                      0x0000c131   Thumb Code     0  startup_keil.o(RESET)
    am_stimer_cmpr1_isr                      0x0000c131   Thumb Code     0  startup_keil.o(RESET)
    am_stimer_cmpr2_isr                      0x0000c131   Thumb Code     0  startup_keil.o(RESET)
    am_stimer_cmpr3_isr                      0x0000c131   Thumb Code     0  startup_keil.o(RESET)
    am_stimer_cmpr4_isr                      0x0000c131   Thumb Code     0  startup_keil.o(RESET)
    am_stimer_cmpr5_isr                      0x0000c131   Thumb Code     0  startup_keil.o(RESET)
    am_stimer_cmpr6_isr                      0x0000c131   Thumb Code     0  startup_keil.o(RESET)
    am_stimer_cmpr7_isr                      0x0000c131   Thumb Code     0  startup_keil.o(RESET)
    am_stimer_isr                            0x0000c131   Thumb Code     0  startup_keil.o(RESET)
    am_uart0_isr                             0x0000c131   Thumb Code     0  startup_keil.o(RESET)
    am_uart1_isr                             0x0000c131   Thumb Code     0  startup_keil.o(RESET)
    am_uart_isr                              0x0000c131   Thumb Code     0  startup_keil.o(RESET)
    am_vcomp_isr                             0x0000c131   Thumb Code     0  startup_keil.o(RESET)
    am_watchdog_isr                          0x0000c131   Thumb Code     0  startup_keil.o(RESET)
    __main                                   0x0000c139   Thumb Code     8  __main.o(!!!main)
    __scatterload                            0x0000c141   Thumb Code     0  __scatter.o(!!!scatter)
    __scatterload_rt2                        0x0000c141   Thumb Code    44  __scatter.o(!!!scatter)
    __scatterload_rt2_thumb_only             0x0000c141   Thumb Code     0  __scatter.o(!!!scatter)
    __scatterload_null                       0x0000c14f   Thumb Code     0  __scatter.o(!!!scatter)
    __scatterload_copy                       0x0000c175   Thumb Code    26  __scatter_copy.o(!!handler_copy)
    __scatterload_zeroinit                   0x0000c191   Thumb Code    28  __scatter_zi.o(!!handler_zi)
    __rt_lib_init                            0x0000c1ad   Thumb Code     0  libinit.o(.ARM.Collect$$libinit$$00000000)
    __rt_lib_init_fp_1                       0x0000c1af   Thumb Code     0  libinit2.o(.ARM.Collect$$libinit$$00000001)
    __rt_lib_init_alloca_1                   0x0000c1b3   Thumb Code     0  libinit2.o(.ARM.Collect$$libinit$$0000002E)
    __rt_lib_init_argv_1                     0x0000c1b3   Thumb Code     0  libinit2.o(.ARM.Collect$$libinit$$0000002C)
    __rt_lib_init_atexit_1                   0x0000c1b3   Thumb Code     0  libinit2.o(.ARM.Collect$$libinit$$0000001B)
    __rt_lib_init_clock_1                    0x0000c1b3   Thumb Code     0  libinit2.o(.ARM.Collect$$libinit$$00000021)
    __rt_lib_init_cpp_1                      0x0000c1b3   Thumb Code     0  libinit2.o(.ARM.Collect$$libinit$$00000032)
    __rt_lib_init_exceptions_1               0x0000c1b3   Thumb Code     0  libinit2.o(.ARM.Collect$$libinit$$00000030)
    __rt_lib_init_fp_trap_1                  0x0000c1b3   Thumb Code     0  libinit2.o(.ARM.Collect$$libinit$$0000001F)
    __rt_lib_init_getenv_1                   0x0000c1b3   Thumb Code     0  libinit2.o(.ARM.Collect$$libinit$$00000023)
    __rt_lib_init_heap_1                     0x0000c1b3   Thumb Code     0  libinit2.o(.ARM.Collect$$libinit$$0000000A)
    __rt_lib_init_lc_collate_1               0x0000c1b3   Thumb Code     0  libinit2.o(.ARM.Collect$$libinit$$00000011)
    __rt_lib_init_lc_ctype_1                 0x0000c1b3   Thumb Code     0  libinit2.o(.ARM.Collect$$libinit$$00000013)
    __rt_lib_init_lc_monetary_1              0x0000c1b3   Thumb Code     0  libinit2.o(.ARM.Collect$$libinit$$00000015)
    __rt_lib_init_lc_numeric_1               0x0000c1b3   Thumb Code     0  libinit2.o(.ARM.Collect$$libinit$$00000017)
    __rt_lib_init_lc_time_1                  0x0000c1b3   Thumb Code     0  libinit2.o(.ARM.Collect$$libinit$$00000019)
    __rt_lib_init_preinit_1                  0x0000c1b3   Thumb Code     0  libinit2.o(.ARM.Collect$$libinit$$00000004)
    __rt_lib_init_rand_1                     0x0000c1b3   Thumb Code     0  libinit2.o(.ARM.Collect$$libinit$$0000000E)
    __rt_lib_init_return                     0x0000c1b3   Thumb Code     0  libinit2.o(.ARM.Collect$$libinit$$00000033)
    __rt_lib_init_signal_1                   0x0000c1b3   Thumb Code     0  libinit2.o(.ARM.Collect$$libinit$$0000001D)
    __rt_lib_init_stdio_1                    0x0000c1b3   Thumb Code     0  libinit2.o(.ARM.Collect$$libinit$$00000025)
    __rt_lib_init_user_alloc_1               0x0000c1b3   Thumb Code     0  libinit2.o(.ARM.Collect$$libinit$$0000000C)
    __rt_lib_shutdown                        0x0000c1b5   Thumb Code     0  libshutdown.o(.ARM.Collect$$libshutdown$$00000000)
    __rt_lib_shutdown_cpp_1                  0x0000c1b7   Thumb Code     0  libshutdown2.o(.ARM.Collect$$libshutdown$$00000002)
    __rt_lib_shutdown_fp_trap_1              0x0000c1b7   Thumb Code     0  libshutdown2.o(.ARM.Collect$$libshutdown$$00000007)
    __rt_lib_shutdown_heap_1                 0x0000c1b7   Thumb Code     0  libshutdown2.o(.ARM.Collect$$libshutdown$$0000000F)
    __rt_lib_shutdown_return                 0x0000c1b7   Thumb Code     0  libshutdown2.o(.ARM.Collect$$libshutdown$$00000010)
    __rt_lib_shutdown_signal_1               0x0000c1b7   Thumb Code     0  libshutdown2.o(.ARM.Collect$$libshutdown$$0000000A)
    __rt_lib_shutdown_stdio_1                0x0000c1b7   Thumb Code     0  libshutdown2.o(.ARM.Collect$$libshutdown$$00000004)
    __rt_lib_shutdown_user_alloc_1           0x0000c1b7   Thumb Code     0  libshutdown2.o(.ARM.Collect$$libshutdown$$0000000C)
    __rt_entry                               0x0000c1b9   Thumb Code     0  __rtentry.o(.ARM.Collect$$rtentry$$00000000)
    __rt_entry_presh_1                       0x0000c1b9   Thumb Code     0  __rtentry2.o(.ARM.Collect$$rtentry$$00000002)
    __rt_entry_sh                            0x0000c1b9   Thumb Code     0  __rtentry4.o(.ARM.Collect$$rtentry$$00000004)
    __rt_entry_li                            0x0000c1bf   Thumb Code     0  __rtentry2.o(.ARM.Collect$$rtentry$$0000000A)
    __rt_entry_postsh_1                      0x0000c1bf   Thumb Code     0  __rtentry2.o(.ARM.Collect$$rtentry$$00000009)
    __rt_entry_main                          0x0000c1c3   Thumb Code     0  __rtentry2.o(.ARM.Collect$$rtentry$$0000000D)
    __rt_entry_postli_1                      0x0000c1c3   Thumb Code     0  __rtentry2.o(.ARM.Collect$$rtentry$$0000000C)
    __rt_exit                                0x0000c1cb   Thumb Code     0  rtexit.o(.ARM.Collect$$rtexit$$00000000)
    __rt_exit_ls                             0x0000c1cd   Thumb Code     0  rtexit2.o(.ARM.Collect$$rtexit$$00000003)
    __rt_exit_prels_1                        0x0000c1cd   Thumb Code     0  rtexit2.o(.ARM.Collect$$rtexit$$00000002)
    __rt_exit_exit                           0x0000c1d1   Thumb Code     0  rtexit2.o(.ARM.Collect$$rtexit$$00000004)
    HardFault_Handler                        0x0000c1d9   Thumb Code    26  am_util_faultisr.o(.emb_text)
    getStackedReg                            0x0000c1f3   Thumb Code     8  am_util_faultisr.o(.emb_text)
    am_hal_interrupt_master_enable           0x0000c1fd   Thumb Code     8  am_hal_interrupt.o(.emb_text)
    am_hal_interrupt_master_disable          0x0000c205   Thumb Code     8  am_hal_interrupt.o(.emb_text)
    am_hal_interrupt_master_set              0x0000c20d   Thumb Code     6  am_hal_interrupt.o(.emb_text)
    __user_initial_stackheap                 0x0000c215   Thumb Code    10  startup_keil.o(.text)
    __aeabi_memclr4                          0x0000c22d   Thumb Code     0  rt_memclr_w.o(.text)
    __aeabi_memclr8                          0x0000c22d   Thumb Code     0  rt_memclr_w.o(.text)
    __rt_memclr_w                            0x0000c22d   Thumb Code    78  rt_memclr_w.o(.text)
    _memset_w                                0x0000c231   Thumb Code     0  rt_memclr_w.o(.text)
    __use_two_region_memory                  0x0000c27b   Thumb Code     2  heapauxi.o(.text)
    __rt_heap_escrow$2region                 0x0000c27d   Thumb Code     2  heapauxi.o(.text)
    __rt_heap_expand$2region                 0x0000c27f   Thumb Code     2  heapauxi.o(.text)
    __user_setup_stackheap                   0x0000c281   Thumb Code    74  sys_stackheap_outer.o(.text)
    exit                                     0x0000c2cb   Thumb Code    18  exit.o(.text)
    __user_libspace                          0x0000c2dd   Thumb Code     8  libspace.o(.text)
    __user_perproc_libspace                  0x0000c2dd   Thumb Code     0  libspace.o(.text)
    __user_perthread_libspace                0x0000c2dd   Thumb Code     0  libspace.o(.text)
    _sys_exit                                0x0000c2e5   Thumb Code     8  sys_exit.o(.text)
    __I$use$semihosting                      0x0000c2f1   Thumb Code     0  use_no_semi.o(.text)
    __use_no_semihosting_swi                 0x0000c2f1   Thumb Code     2  use_no_semi.o(.text)
    __semihosting_library_function           0x0000c2f3   Thumb Code     0  indicate_semi.o(.text)
    am_bsp_debug_printf_disable              0x0000c2f5   Thumb Code    88  am_bsp.o(i.am_bsp_debug_printf_disable)
    am_bsp_itm_printf_enable                 0x0000c355   Thumb Code    44  am_bsp.o(i.am_bsp_itm_printf_enable)
    am_bsp_low_power_init                    0x0000c391   Thumb Code    90  am_bsp.o(i.am_bsp_low_power_init)
    am_hal_cachectrl_config                  0x0000c3f9   Thumb Code    70  am_hal_cachectrl.o(i.am_hal_cachectrl_config)
    am_hal_cachectrl_enable                  0x0000c445   Thumb Code    14  am_hal_cachectrl.o(i.am_hal_cachectrl_enable)
    am_hal_clkgen_control                    0x0000c459   Thumb Code   172  am_hal_clkgen.o(i.am_hal_clkgen_control)
    am_hal_clkgen_status_get                 0x0000c511   Thumb Code    44  am_hal_clkgen.o(i.am_hal_clkgen_status_get)
    am_hal_flash_delay                       0x0000c545   Thumb Code    30  am_hal_flash.o(i.am_hal_flash_delay)
    am_hal_flash_delay_status_check          0x0000c569   Thumb Code    86  am_hal_flash.o(i.am_hal_flash_delay_status_check)
    am_hal_gpio_pinconfig                    0x0000c5c5   Thumb Code   588  am_hal_gpio.o(i.am_hal_gpio_pinconfig)
    am_hal_gpio_state_write                  0x0000c845   Thumb Code   128  am_hal_gpio.o(i.am_hal_gpio_state_write)
    am_hal_itm_disable                       0x0000c8c5   Thumb Code   136  am_hal_itm.o(i.am_hal_itm_disable)
    am_hal_itm_enable                        0x0000c971   Thumb Code    44  am_hal_itm.o(i.am_hal_itm_enable)
    am_hal_itm_print                         0x0000c9b9   Thumb Code    48  am_hal_itm.o(i.am_hal_itm_print)
    am_hal_mcuctrl_control                   0x0000c9e9   Thumb Code   204  am_hal_mcuctrl.o(i.am_hal_mcuctrl_control)
    am_hal_mcuctrl_info_get                  0x0000cab9   Thumb Code   278  am_hal_mcuctrl.o(i.am_hal_mcuctrl_info_get)
    am_hal_pwrctrl_low_power_init            0x0000cbf1   Thumb Code   130  am_hal_pwrctrl.o(i.am_hal_pwrctrl_low_power_init)
    am_hal_pwrctrl_periph_disable            0x0000cc89   Thumb Code    70  am_hal_pwrctrl.o(i.am_hal_pwrctrl_periph_disable)
    am_hal_pwrctrl_periph_enable             0x0000ccd9   Thumb Code    72  am_hal_pwrctrl.o(i.am_hal_pwrctrl_periph_enable)
    am_hal_rtc_osc_disable                   0x0000cd29   Thumb Code    18  am_hal_rtc.o(i.am_hal_rtc_osc_disable)
    am_hal_rtc_osc_select                    0x0000cd3b   Thumb Code    22  am_hal_rtc.o(i.am_hal_rtc_osc_select)
    am_hal_sysctrl_sleep                     0x0000cd51   Thumb Code    82  am_hal_sysctrl.o(i.am_hal_sysctrl_sleep)
    am_hal_tpiu_enable                       0x0000cdbd   Thumb Code   122  am_hal_tpiu.o(i.am_hal_tpiu_enable)
    am_hal_uart_deinitialize                 0x0000ce4d   Thumb Code    42  am_hal_uart.o(i.am_hal_uart_deinitialize)
    am_hal_uart_power_control                0x0000ce7d   Thumb Code   232  am_hal_uart.o(i.am_hal_uart_power_control)
    am_hal_uart_tx_flush                     0x0000cf69   Thumb Code    88  am_hal_uart.o(i.am_hal_uart_tx_flush)
    am_util_delay_ms                         0x0000cfc5   Thumb Code    32  am_util_delay.o(i.am_util_delay_ms)
    am_util_faultisr_collect_data            0x0000cfe5   Thumb Code   470  am_util_faultisr.o(i.am_util_faultisr_collect_data)
    am_util_stdio_printf                     0x0000d4c9   Thumb Code    50  am_util_stdio.o(i.am_util_stdio_printf)
    am_util_stdio_printf_init                0x0000d505   Thumb Code     6  am_util_stdio.o(i.am_util_stdio_printf_init)
    am_util_stdio_terminal_clear             0x0000d511   Thumb Code    10  am_util_stdio.o(i.am_util_stdio_terminal_clear)
    am_util_stdio_vsprintf                   0x0000d531   Thumb Code   932  am_util_stdio.o(i.am_util_stdio_vsprintf)
    force_fault                              0x0000d9f5   Thumb Code    12  hello_fault.o(i.force_fault)
    main                                     0x0000db7d   Thumb Code    86  hello_fault.o(i.main)
    __aeabi_d2f                              0x0000ddd5   Thumb Code     0  d2f.o(x$fpl$d2f)
    _d2f                                     0x0000ddd5   Thumb Code    98  d2f.o(x$fpl$d2f)
    __fpl_dnaninf                            0x0000de37   Thumb Code   156  dnaninf.o(x$fpl$dnaninf)
    _fp_init                                 0x0000ded3   Thumb Code    10  fpinit.o(x$fpl$fpinit)
    __fplib_config_fpu_vfp                   0x0000dedb   Thumb Code     0  fpinit.o(x$fpl$fpinit)
    __fplib_config_pureend_doubles           0x0000dedb   Thumb Code     0  fpinit.o(x$fpl$fpinit)
    __fpl_fretinf                            0x0000dedd   Thumb Code    10  fretinf.o(x$fpl$fretinf)
    __I$use$fp                               0x0000dee6   Number         0  usenofp.o(x$fpl$usenofp)
    am_hal_cachectrl_defaults                0x0000dee6   Data           3  am_hal_cachectrl.o(.constdata)
    g_am_hal_mcuctrl_flash_size              0x0000deec   Data          64  am_hal_mcuctrl.o(.constdata)
    g_am_hal_mcuctrl_sram_size               0x0000df2c   Data          64  am_hal_mcuctrl.o(.constdata)
    g_AM_BSP_GPIO_ITM_SWO                    0x0000df6c   Data           4  am_bsp_pins.o(.constdata)
    g_AM_HAL_GPIO_DISABLE                    0x0000df70   Data           4  am_hal_gpio.o(.constdata)
    g_AM_HAL_GPIO_OUTPUT                     0x0000e0d4   Data           4  am_hal_gpio.o(.constdata)
    am_hal_pwrctrl_peripheral_control        0x0000e0d8   Data         180  am_hal_pwrctrl.o(.constdata)
    am_hal_pwrctrl_memory_control            0x0000e18c   Data         360  am_hal_pwrctrl.o(.constdata)
    Region$$Table$$Base                      0x0000e450   Number         0  anon$$obj.o(Region$$Table)
    Region$$Table$$Limit                     0x0000e470   Number         0  anon$$obj.o(Region$$Table)
    g_pfnCharPrint                           0x10000000   Data           4  am_util_stdio.o(.data)
    g_ui32HALflags                           0x10000008   Data           4  am_hal_global.o(.data)
    am_bsp_psLEDs                            0x10000014   Data          24  am_bsp.o(.data)
    gAmHalResetStatus                        0x10000058   Data           4  am_hal_reset.o(.data)
    __libspace_start                         0x1000095c   Data          96  libspace.o(.bss)
    __temporary_stack_top$libspace           0x100009bc   Data           0  libspace.o(.bss)



==============================================================================

Memory Map of the image

  Image Entry point : 0x0000c139

  Load Region LR_1 (Base: 0x0000c000, Size: 0x000024cc, Max: 0xffffffff, ABSOLUTE)

    Execution Region FLASH (Exec base: 0x0000c000, Load base: 0x0000c000, Size: 0x00002470, Max: 0x000f0000, ABSOLUTE)

    Exec Addr    Load Addr    Size         Type   Attr      Idx    E Section Name        Object

    0x0000c000   0x0000c000   0x00000138   Code   RO          478    RESET               startup_keil.o
    0x0000c138   0x0000c138   0x00000008   Code   RO          951  * !!!main             c_w.l(__main.o)
    0x0000c140   0x0000c140   0x00000034   Code   RO         1115    !!!scatter          c_w.l(__scatter.o)
    0x0000c174   0x0000c174   0x0000001a   Code   RO         1117    !!handler_copy      c_w.l(__scatter_copy.o)
    0x0000c18e   0x0000c18e   0x00000002   PAD
    0x0000c190   0x0000c190   0x0000001c   Code   RO         1119    !!handler_zi        c_w.l(__scatter_zi.o)
    0x0000c1ac   0x0000c1ac   0x00000002   Code   RO          985    .ARM.Collect$$libinit$$00000000  c_w.l(libinit.o)
    0x0000c1ae   0x0000c1ae   0x00000004   Code   RO          991    .ARM.Collect$$libinit$$00000001  c_w.l(libinit2.o)
    0x0000c1b2   0x0000c1b2   0x00000000   Code   RO          994    .ARM.Collect$$libinit$$00000004  c_w.l(libinit2.o)
    0x0000c1b2   0x0000c1b2   0x00000000   Code   RO          997    .ARM.Collect$$libinit$$0000000A  c_w.l(libinit2.o)
    0x0000c1b2   0x0000c1b2   0x00000000   Code   RO          999    .ARM.Collect$$libinit$$0000000C  c_w.l(libinit2.o)
    0x0000c1b2   0x0000c1b2   0x00000000   Code   RO         1001    .ARM.Collect$$libinit$$0000000E  c_w.l(libinit2.o)
    0x0000c1b2   0x0000c1b2   0x00000000   Code   RO         1004    .ARM.Collect$$libinit$$00000011  c_w.l(libinit2.o)
    0x0000c1b2   0x0000c1b2   0x00000000   Code   RO         1006    .ARM.Collect$$libinit$$00000013  c_w.l(libinit2.o)
    0x0000c1b2   0x0000c1b2   0x00000000   Code   RO         1008    .ARM.Collect$$libinit$$00000015  c_w.l(libinit2.o)
    0x0000c1b2   0x0000c1b2   0x00000000   Code   RO         1010    .ARM.Collect$$libinit$$00000017  c_w.l(libinit2.o)
    0x0000c1b2   0x0000c1b2   0x00000000   Code   RO         1012    .ARM.Collect$$libinit$$00000019  c_w.l(libinit2.o)
    0x0000c1b2   0x0000c1b2   0x00000000   Code   RO         1014    .ARM.Collect$$libinit$$0000001B  c_w.l(libinit2.o)
    0x0000c1b2   0x0000c1b2   0x00000000   Code   RO         1016    .ARM.Collect$$libinit$$0000001D  c_w.l(libinit2.o)
    0x0000c1b2   0x0000c1b2   0x00000000   Code   RO         1018    .ARM.Collect$$libinit$$0000001F  c_w.l(libinit2.o)
    0x0000c1b2   0x0000c1b2   0x00000000   Code   RO         1020    .ARM.Collect$$libinit$$00000021  c_w.l(libinit2.o)
    0x0000c1b2   0x0000c1b2   0x00000000   Code   RO         1022    .ARM.Collect$$libinit$$00000023  c_w.l(libinit2.o)
    0x0000c1b2   0x0000c1b2   0x00000000   Code   RO         1024    .ARM.Collect$$libinit$$00000025  c_w.l(libinit2.o)
    0x0000c1b2   0x0000c1b2   0x00000000   Code   RO         1028    .ARM.Collect$$libinit$$0000002C  c_w.l(libinit2.o)
    0x0000c1b2   0x0000c1b2   0x00000000   Code   RO         1030    .ARM.Collect$$libinit$$0000002E  c_w.l(libinit2.o)
    0x0000c1b2   0x0000c1b2   0x00000000   Code   RO         1032    .ARM.Collect$$libinit$$00000030  c_w.l(libinit2.o)
    0x0000c1b2   0x0000c1b2   0x00000000   Code   RO         1034    .ARM.Collect$$libinit$$00000032  c_w.l(libinit2.o)
    0x0000c1b2   0x0000c1b2   0x00000002   Code   RO         1035    .ARM.Collect$$libinit$$00000033  c_w.l(libinit2.o)
    0x0000c1b4   0x0000c1b4   0x00000002   Code   RO         1055    .ARM.Collect$$libshutdown$$00000000  c_w.l(libshutdown.o)
    0x0000c1b6   0x0000c1b6   0x00000000   Code   RO         1068    .ARM.Collect$$libshutdown$$00000002  c_w.l(libshutdown2.o)
    0x0000c1b6   0x0000c1b6   0x00000000   Code   RO         1070    .ARM.Collect$$libshutdown$$00000004  c_w.l(libshutdown2.o)
    0x0000c1b6   0x0000c1b6   0x00000000   Code   RO         1073    .ARM.Collect$$libshutdown$$00000007  c_w.l(libshutdown2.o)
    0x0000c1b6   0x0000c1b6   0x00000000   Code   RO         1076    .ARM.Collect$$libshutdown$$0000000A  c_w.l(libshutdown2.o)
    0x0000c1b6   0x0000c1b6   0x00000000   Code   RO         1078    .ARM.Collect$$libshutdown$$0000000C  c_w.l(libshutdown2.o)
    0x0000c1b6   0x0000c1b6   0x00000000   Code   RO         1081    .ARM.Collect$$libshutdown$$0000000F  c_w.l(libshutdown2.o)
    0x0000c1b6   0x0000c1b6   0x00000002   Code   RO         1082    .ARM.Collect$$libshutdown$$00000010  c_w.l(libshutdown2.o)
    0x0000c1b8   0x0000c1b8   0x00000000   Code   RO          955    .ARM.Collect$$rtentry$$00000000  c_w.l(__rtentry.o)
    0x0000c1b8   0x0000c1b8   0x00000000   Code   RO          962    .ARM.Collect$$rtentry$$00000002  c_w.l(__rtentry2.o)
    0x0000c1b8   0x0000c1b8   0x00000006   Code   RO          974    .ARM.Collect$$rtentry$$00000004  c_w.l(__rtentry4.o)
    0x0000c1be   0x0000c1be   0x00000000   Code   RO          964    .ARM.Collect$$rtentry$$00000009  c_w.l(__rtentry2.o)
    0x0000c1be   0x0000c1be   0x00000004   Code   RO          965    .ARM.Collect$$rtentry$$0000000A  c_w.l(__rtentry2.o)
    0x0000c1c2   0x0000c1c2   0x00000000   Code   RO          967    .ARM.Collect$$rtentry$$0000000C  c_w.l(__rtentry2.o)
    0x0000c1c2   0x0000c1c2   0x00000008   Code   RO          968    .ARM.Collect$$rtentry$$0000000D  c_w.l(__rtentry2.o)
    0x0000c1ca   0x0000c1ca   0x00000002   Code   RO          989    .ARM.Collect$$rtexit$$00000000  c_w.l(rtexit.o)
    0x0000c1cc   0x0000c1cc   0x00000000   Code   RO         1037    .ARM.Collect$$rtexit$$00000002  c_w.l(rtexit2.o)
    0x0000c1cc   0x0000c1cc   0x00000004   Code   RO         1038    .ARM.Collect$$rtexit$$00000003  c_w.l(rtexit2.o)
    0x0000c1d0   0x0000c1d0   0x00000006   Code   RO         1039    .ARM.Collect$$rtexit$$00000004  c_w.l(rtexit2.o)
    0x0000c1d6   0x0000c1d6   0x00000002   PAD
    0x0000c1d8   0x0000c1d8   0x00000022   Code   RO          349    .emb_text           am_util_faultisr.o
    0x0000c1fa   0x0000c1fa   0x00000002   PAD
    0x0000c1fc   0x0000c1fc   0x00000016   Code   RO          763    .emb_text           libam_hal.lib(am_hal_interrupt.o)
    0x0000c212   0x0000c212   0x00000002   PAD
    0x0000c214   0x0000c214   0x00000018   Code   RO          479    .text               startup_keil.o
    0x0000c22c   0x0000c22c   0x0000004e   Code   RO          947    .text               c_w.l(rt_memclr_w.o)
    0x0000c27a   0x0000c27a   0x00000006   Code   RO          949    .text               c_w.l(heapauxi.o)
    0x0000c280   0x0000c280   0x0000004a   Code   RO          976    .text               c_w.l(sys_stackheap_outer.o)
    0x0000c2ca   0x0000c2ca   0x00000012   Code   RO          978    .text               c_w.l(exit.o)
    0x0000c2dc   0x0000c2dc   0x00000008   Code   RO          986    .text               c_w.l(libspace.o)
    0x0000c2e4   0x0000c2e4   0x0000000c   Code   RO         1047    .text               c_w.l(sys_exit.o)
    0x0000c2f0   0x0000c2f0   0x00000002   Code   RO         1058    .text               c_w.l(use_no_semi.o)
    0x0000c2f2   0x0000c2f2   0x00000000   Code   RO         1060    .text               c_w.l(indicate_semi.o)
    0x0000c2f2   0x0000c2f2   0x00000002   PAD
    0x0000c2f4   0x0000c2f4   0x00000060   Code   RO          501    i.am_bsp_debug_printf_disable  libam_bsp.lib(am_bsp.o)
    0x0000c354   0x0000c354   0x0000003c   Code   RO          506    i.am_bsp_itm_printf_enable  libam_bsp.lib(am_bsp.o)
    0x0000c390   0x0000c390   0x00000068   Code   RO          507    i.am_bsp_low_power_init  libam_bsp.lib(am_bsp.o)
    0x0000c3f8   0x0000c3f8   0x0000004c   Code   RO          540    i.am_hal_cachectrl_config  libam_hal.lib(am_hal_cachectrl.o)
    0x0000c444   0x0000c444   0x00000014   Code   RO          543    i.am_hal_cachectrl_enable  libam_hal.lib(am_hal_cachectrl.o)
    0x0000c458   0x0000c458   0x000000b8   Code   RO          558    i.am_hal_clkgen_control  libam_hal.lib(am_hal_clkgen.o)
    0x0000c510   0x0000c510   0x00000034   Code   RO          564    i.am_hal_clkgen_status_get  libam_hal.lib(am_hal_clkgen.o)
    0x0000c544   0x0000c544   0x00000024   Code   RO          585    i.am_hal_flash_delay  libam_hal.lib(am_hal_flash.o)
    0x0000c568   0x0000c568   0x0000005c   Code   RO          587    i.am_hal_flash_delay_status_check  libam_hal.lib(am_hal_flash.o)
    0x0000c5c4   0x0000c5c4   0x00000280   Code   RO          730    i.am_hal_gpio_pinconfig  libam_hal.lib(am_hal_gpio.o)
    0x0000c844   0x0000c844   0x00000080   Code   RO          732    i.am_hal_gpio_state_write  libam_hal.lib(am_hal_gpio.o)
    0x0000c8c4   0x0000c8c4   0x000000ac   Code   RO          771    i.am_hal_itm_disable  libam_hal.lib(am_hal_itm.o)
    0x0000c970   0x0000c970   0x00000048   Code   RO          772    i.am_hal_itm_enable  libam_hal.lib(am_hal_itm.o)
    0x0000c9b8   0x0000c9b8   0x00000030   Code   RO          774    i.am_hal_itm_print  libam_hal.lib(am_hal_itm.o)
    0x0000c9e8   0x0000c9e8   0x000000d0   Code   RO          658    i.am_hal_mcuctrl_control  libam_hal.lib(am_hal_mcuctrl.o)
    0x0000cab8   0x0000cab8   0x00000138   Code   RO          659    i.am_hal_mcuctrl_info_get  libam_hal.lib(am_hal_mcuctrl.o)
    0x0000cbf0   0x0000cbf0   0x00000098   Code   RO          801    i.am_hal_pwrctrl_low_power_init  libam_hal.lib(am_hal_pwrctrl.o)
    0x0000cc88   0x0000cc88   0x00000050   Code   RO          803    i.am_hal_pwrctrl_periph_disable  libam_hal.lib(am_hal_pwrctrl.o)
    0x0000ccd8   0x0000ccd8   0x00000050   Code   RO          804    i.am_hal_pwrctrl_periph_enable  libam_hal.lib(am_hal_pwrctrl.o)
    0x0000cd28   0x0000cd28   0x00000012   Code   RO          848    i.am_hal_rtc_osc_disable  libam_hal.lib(am_hal_rtc.o)
    0x0000cd3a   0x0000cd3a   0x00000016   Code   RO          850    i.am_hal_rtc_osc_select  libam_hal.lib(am_hal_rtc.o)
    0x0000cd50   0x0000cd50   0x0000006c   Code   RO          676    i.am_hal_sysctrl_sleep  libam_hal.lib(am_hal_sysctrl.o)
    0x0000cdbc   0x0000cdbc   0x00000090   Code   RO          879    i.am_hal_tpiu_enable  libam_hal.lib(am_hal_tpiu.o)
    0x0000ce4c   0x0000ce4c   0x00000030   Code   RO          898    i.am_hal_uart_deinitialize  libam_hal.lib(am_hal_uart.o)
    0x0000ce7c   0x0000ce7c   0x000000ec   Code   RO          906    i.am_hal_uart_power_control  libam_hal.lib(am_hal_uart.o)
    0x0000cf68   0x0000cf68   0x0000005c   Code   RO          908    i.am_hal_uart_tx_flush  libam_hal.lib(am_hal_uart.o)
    0x0000cfc4   0x0000cfc4   0x00000020   Code   RO          311    i.am_util_delay_ms  am_util_delay.o
    0x0000cfe4   0x0000cfe4   0x000004e4   Code   RO          350    i.am_util_faultisr_collect_data  am_util_faultisr.o
    0x0000d4c8   0x0000d4c8   0x0000003c   Code   RO          374    i.am_util_stdio_printf  am_util_stdio.o
    0x0000d504   0x0000d504   0x0000000c   Code   RO          375    i.am_util_stdio_printf_init  am_util_stdio.o
    0x0000d510   0x0000d510   0x00000020   Code   RO          378    i.am_util_stdio_terminal_clear  am_util_stdio.o
    0x0000d530   0x0000d530   0x000003b4   Code   RO          380    i.am_util_stdio_vsprintf  am_util_stdio.o
    0x0000d8e4   0x0000d8e4   0x00000042   Code   RO          381    i.decstr_to_int     am_util_stdio.o
    0x0000d926   0x0000d926   0x000000cc   Code   RO          382    i.divu64_10         am_util_stdio.o
    0x0000d9f2   0x0000d9f2   0x00000002   PAD
    0x0000d9f4   0x0000d9f4   0x00000010   Code   RO            4    i.force_fault       hello_fault.o
    0x0000da04   0x0000da04   0x00000178   Code   RO          383    i.ftoa              am_util_stdio.o
    0x0000db7c   0x0000db7c   0x00000090   Code   RO            5    i.main              hello_fault.o
    0x0000dc0c   0x0000dc0c   0x00000034   Code   RO          384    i.ndigits_in_hex    am_util_stdio.o
    0x0000dc40   0x0000dc40   0x00000024   Code   RO          385    i.ndigits_in_i64    am_util_stdio.o
    0x0000dc64   0x0000dc64   0x0000003a   Code   RO          386    i.ndigits_in_u64    am_util_stdio.o
    0x0000dc9e   0x0000dc9e   0x00000022   Code   RO          387    i.padbuffer         am_util_stdio.o
    0x0000dcc0   0x0000dcc0   0x00000018   Code   RO          388    i.simple_strlen     am_util_stdio.o
    0x0000dcd8   0x0000dcd8   0x0000008a   Code   RO          389    i.uint64_to_hexstr  am_util_stdio.o
    0x0000dd62   0x0000dd62   0x00000070   Code   RO          390    i.uint64_to_str     am_util_stdio.o
    0x0000ddd2   0x0000ddd2   0x00000002   PAD
    0x0000ddd4   0x0000ddd4   0x00000062   Code   RO          953    x$fpl$d2f           fz_wm.l(d2f.o)
    0x0000de36   0x0000de36   0x0000009c   Code   RO          956    x$fpl$dnaninf       fz_wm.l(dnaninf.o)
    0x0000ded2   0x0000ded2   0x0000000a   Code   RO         1045    x$fpl$fpinit        fz_wm.l(fpinit.o)
    0x0000dedc   0x0000dedc   0x0000000a   Code   RO          958    x$fpl$fretinf       fz_wm.l(fretinf.o)
    0x0000dee6   0x0000dee6   0x00000000   Code   RO          960    x$fpl$usenofp       fz_wm.l(usenofp.o)
    0x0000dee6   0x0000dee6   0x00000003   Data   RO          545    .constdata          libam_hal.lib(am_hal_cachectrl.o)
    0x0000dee9   0x0000dee9   0x00000003   PAD
    0x0000deec   0x0000deec   0x00000080   Data   RO          661    .constdata          libam_hal.lib(am_hal_mcuctrl.o)
    0x0000df6c   0x0000df6c   0x00000004   Data   RO          714    .constdata          libam_bsp.lib(am_bsp_pins.o)
    0x0000df70   0x0000df70   0x00000162   Data   RO          734    .constdata          libam_hal.lib(am_hal_gpio.o)
    0x0000e0d2   0x0000e0d2   0x00000002   PAD
    0x0000e0d4   0x0000e0d4   0x00000004   Data   RO          742    .constdata          libam_hal.lib(am_hal_gpio.o)
    0x0000e0d8   0x0000e0d8   0x0000021c   Data   RO          806    .constdata          libam_hal.lib(am_hal_pwrctrl.o)
    0x0000e2f4   0x0000e2f4   0x0000015a   Data   RO            6    .conststring        hello_fault.o
    0x0000e44e   0x0000e44e   0x00000002   PAD
    0x0000e450   0x0000e450   0x00000020   Data   RO         1113    Region$$Table       anon$$obj.o


    Execution Region SRAM (Exec base: 0x10000000, Load base: 0x0000e470, Size: 0x000019c0, Max: 0x00060000, ABSOLUTE)

    Exec Addr    Load Addr    Size         Type   Attr      Idx    E Section Name        Object

    0x10000000   0x0000e470   0x00000005   Data   RW          392    .data               am_util_stdio.o
    0x10000005   0x0000e475   0x00000003   PAD
    0x10000008   0x0000e478   0x00000004   Data   RW          491    .data               libam_hal.lib(am_hal_global.o)
    0x1000000c   0x0000e47c   0x00000048   Data   RW          517    .data               libam_bsp.lib(am_bsp.o)
    0x10000054   0x0000e4c4   0x00000004   Data   RW          677    .data               libam_hal.lib(am_hal_sysctrl.o)
    0x10000058   0x0000e4c8   0x00000004   Data   RW          825    .data               libam_hal.lib(am_hal_reset.o)
    0x1000005c        -       0x00000100   Zero   RW          391    .bss                am_util_stdio.o
    0x1000015c        -       0x00000400   Zero   RW          514    .bss                libam_bsp.lib(am_bsp.o)
    0x1000055c        -       0x00000400   Zero   RW          515    .bss                libam_bsp.lib(am_bsp.o)
    0x1000095c        -       0x00000060   Zero   RW          987    .bss                c_w.l(libspace.o)
    0x100009bc   0x0000e4cc   0x00000004   PAD
    0x100009c0        -       0x00000000   Zero   RW          477    HEAP                startup_keil.o
    0x100009c0        -       0x00001000   Zero   RW          476    STACK               startup_keil.o


==============================================================================

Image component sizes


      Code (inc. data)   RO Data    RW Data    ZI Data      Debug   Object Name

        32          0          0          0          0        675   am_util_delay.o
      1286        782          0          0          0       2212   am_util_faultisr.o
      2152         60          0          5        256      12856   am_util_stdio.o
       160         62        346          0          0      12977   hello_fault.o
       336        276          0          0       4096       1296   startup_keil.o

    ----------------------------------------------------------------------
      3972       1180        380          8       4352      30016   Object Totals
         0          0         32          0          0          0   (incl. Generated)
         6          0          2          3          0          0   (incl. Padding)

    ----------------------------------------------------------------------

      Code (inc. data)   RO Data    RW Data    ZI Data      Debug   Library Member Name

         8          0          0          0          0         68   __main.o
         0          0          0          0          0          0   __rtentry.o
        12          0          0          0          0          0   __rtentry2.o
         6          0          0          0          0          0   __rtentry4.o
        52          8          0          0          0          0   __scatter.o
        26          0          0          0          0          0   __scatter_copy.o
        28          0          0          0          0          0   __scatter_zi.o
        18          0          0          0          0         80   exit.o
         6          0          0          0          0        152   heapauxi.o
         0          0          0          0          0          0   indicate_semi.o
         2          0          0          0          0          0   libinit.o
         6          0          0          0          0          0   libinit2.o
         2          0          0          0          0          0   libshutdown.o
         2          0          0          0          0          0   libshutdown2.o
         8          4          0          0         96         68   libspace.o
        78          0          0          0          0         80   rt_memclr_w.o
         2          0          0          0          0          0   rtexit.o
        10          0          0          0          0          0   rtexit2.o
        12          4          0          0          0         68   sys_exit.o
        74          0          0          0          0         80   sys_stackheap_outer.o
         2          0          0          0          0         68   use_no_semi.o
        98          4          0          0          0        140   d2f.o
       156          4          0          0          0        140   dnaninf.o
        10          0          0          0          0        116   fpinit.o
        10          0          0          0          0        116   fretinf.o
         0          0          0          0          0          0   usenofp.o
       260         38          0         72       2048        404   am_bsp.o
         0          0          4          0          0          0   am_bsp_pins.o
        96         12          3          0          0        244   am_hal_cachectrl.o
       236         30          0          0          0        232   am_hal_clkgen.o
       128         12          0          0          0        252   am_hal_flash.o
         0          0          0          4          0          0   am_hal_global.o
       768         58        358          0          0        312   am_hal_gpio.o
        22          0          0          0          0        148   am_hal_interrupt.o
       292         64          0          0          0        364   am_hal_itm.o
       520         44        128          0          0        248   am_hal_mcuctrl.o
       312         40        540          0          0        392   am_hal_pwrctrl.o
         0          0          0          4          0          0   am_hal_reset.o
        40          0          0          0          0        232   am_hal_rtc.o
       108         26          0          4          0        132   am_hal_sysctrl.o
       144         22          0          0          0        140   am_hal_tpiu.o
       376         14          0          0          0        376   am_hal_uart.o

    ----------------------------------------------------------------------
      3938        384       1038         84       2148       4652   Library Totals
         8          0          5          0          4          0   (incl. Padding)

    ----------------------------------------------------------------------

      Code (inc. data)   RO Data    RW Data    ZI Data      Debug   Library Name

       354         16          0          0         96        664   c_w.l
       274          8          0          0          0        512   fz_wm.l
       260         38          4         72       2048        404   libam_bsp.lib
      3042        322       1029         12          0       3072   libam_hal.lib

    ----------------------------------------------------------------------
      3938        384       1038         84       2148       4652   Library Totals

    ----------------------------------------------------------------------

==============================================================================


      Code (inc. data)   RO Data    RW Data    ZI Data      Debug   

      7910       1564       1418         92       6500      30160   Grand Totals
      7910       1564       1418         92       6500      30160   ELF Image Totals
      7910       1564       1418         92          0          0   ROM Totals

==============================================================================

    Total RO  Size (Code + RO Data)                 9328 (   9.11kB)
    Total RW  Size (RW Data + ZI Data)              6592 (   6.44kB)
    Total ROM Size (Code + RO Data + RW Data)       9420 (   9.20kB)

==============================================================================

